<?xml version="1.0"?>
<link_info>
   <banner>MSP430 Linker PC v4.4.3</banner>
   <copyright>Copyright (c) 2003-2015 Texas Instruments Incorporated</copyright>
   <link_time>0x55ae822e</link_time>
   <link_errors>0x0</link_errors>
   <output_file>Holter_USB.out</output_file>
   <entry_point>
      <name>_c_int00_noargs_noexit</name>
      <address>0x468c</address>
   </entry_point>
   <input_file_list>
      <input_file id="fl-2">
         <path>.\src\</path>
         <kind>object</kind>
         <file>ADS1292_driver.obj</file>
         <name>ADS1292_driver.obj</name>
      </input_file>
      <input_file id="fl-3">
         <path>.\src\</path>
         <kind>object</kind>
         <file>Flash_driver.obj</file>
         <name>Flash_driver.obj</name>
      </input_file>
      <input_file id="fl-4">
         <path>.\src\</path>
         <kind>object</kind>
         <file>app_service.obj</file>
         <name>app_service.obj</name>
      </input_file>
      <input_file id="fl-5">
         <path>.\src\</path>
         <kind>object</kind>
         <file>it_handlers.obj</file>
         <name>it_handlers.obj</name>
      </input_file>
      <input_file id="fl-6">
         <path>.\src\</path>
         <kind>object</kind>
         <file>main.obj</file>
         <name>main.obj</name>
      </input_file>
      <input_file id="fl-7">
         <path>.\src\</path>
         <kind>object</kind>
         <file>periph_config.obj</file>
         <name>periph_config.obj</name>
      </input_file>
      <input_file id="fl-8">
         <path>.\driverlib\MSP430F5xx_6xx\</path>
         <kind>object</kind>
         <file>adc10_a.obj</file>
         <name>adc10_a.obj</name>
      </input_file>
      <input_file id="fl-9">
         <path>.\driverlib\MSP430F5xx_6xx\</path>
         <kind>object</kind>
         <file>adc12_a.obj</file>
         <name>adc12_a.obj</name>
      </input_file>
      <input_file id="fl-a">
         <path>.\driverlib\MSP430F5xx_6xx\</path>
         <kind>object</kind>
         <file>aes.obj</file>
         <name>aes.obj</name>
      </input_file>
      <input_file id="fl-b">
         <path>.\driverlib\MSP430F5xx_6xx\</path>
         <kind>object</kind>
         <file>battbak.obj</file>
         <name>battbak.obj</name>
      </input_file>
      <input_file id="fl-c">
         <path>.\driverlib\MSP430F5xx_6xx\</path>
         <kind>object</kind>
         <file>comp_b.obj</file>
         <name>comp_b.obj</name>
      </input_file>
      <input_file id="fl-d">
         <path>.\driverlib\MSP430F5xx_6xx\</path>
         <kind>object</kind>
         <file>crc.obj</file>
         <name>crc.obj</name>
      </input_file>
      <input_file id="fl-e">
         <path>.\driverlib\MSP430F5xx_6xx\</path>
         <kind>object</kind>
         <file>dac12_a.obj</file>
         <name>dac12_a.obj</name>
      </input_file>
      <input_file id="fl-f">
         <path>.\driverlib\MSP430F5xx_6xx\</path>
         <kind>object</kind>
         <file>dma.obj</file>
         <name>dma.obj</name>
      </input_file>
      <input_file id="fl-10">
         <path>.\driverlib\MSP430F5xx_6xx\</path>
         <kind>object</kind>
         <file>eusci_a_spi.obj</file>
         <name>eusci_a_spi.obj</name>
      </input_file>
      <input_file id="fl-11">
         <path>.\driverlib\MSP430F5xx_6xx\</path>
         <kind>object</kind>
         <file>eusci_a_uart.obj</file>
         <name>eusci_a_uart.obj</name>
      </input_file>
      <input_file id="fl-12">
         <path>.\driverlib\MSP430F5xx_6xx\</path>
         <kind>object</kind>
         <file>eusci_b_i2c.obj</file>
         <name>eusci_b_i2c.obj</name>
      </input_file>
      <input_file id="fl-13">
         <path>.\driverlib\MSP430F5xx_6xx\</path>
         <kind>object</kind>
         <file>eusci_b_spi.obj</file>
         <name>eusci_b_spi.obj</name>
      </input_file>
      <input_file id="fl-14">
         <path>.\driverlib\MSP430F5xx_6xx\</path>
         <kind>object</kind>
         <file>eusci_i2c.obj</file>
         <name>eusci_i2c.obj</name>
      </input_file>
      <input_file id="fl-15">
         <path>.\driverlib\MSP430F5xx_6xx\</path>
         <kind>object</kind>
         <file>eusci_spi.obj</file>
         <name>eusci_spi.obj</name>
      </input_file>
      <input_file id="fl-16">
         <path>.\driverlib\MSP430F5xx_6xx\</path>
         <kind>object</kind>
         <file>eusci_uart.obj</file>
         <name>eusci_uart.obj</name>
      </input_file>
      <input_file id="fl-17">
         <path>.\driverlib\MSP430F5xx_6xx\</path>
         <kind>object</kind>
         <file>flashctl.obj</file>
         <name>flashctl.obj</name>
      </input_file>
      <input_file id="fl-18">
         <path>.\driverlib\MSP430F5xx_6xx\</path>
         <kind>object</kind>
         <file>gpio.obj</file>
         <name>gpio.obj</name>
      </input_file>
      <input_file id="fl-19">
         <path>.\driverlib\MSP430F5xx_6xx\</path>
         <kind>object</kind>
         <file>ldopwr.obj</file>
         <name>ldopwr.obj</name>
      </input_file>
      <input_file id="fl-1a">
         <path>.\driverlib\MSP430F5xx_6xx\</path>
         <kind>object</kind>
         <file>mpy32.obj</file>
         <name>mpy32.obj</name>
      </input_file>
      <input_file id="fl-1b">
         <path>.\driverlib\MSP430F5xx_6xx\</path>
         <kind>object</kind>
         <file>pmap.obj</file>
         <name>pmap.obj</name>
      </input_file>
      <input_file id="fl-1c">
         <path>.\driverlib\MSP430F5xx_6xx\</path>
         <kind>object</kind>
         <file>pmm.obj</file>
         <name>pmm.obj</name>
      </input_file>
      <input_file id="fl-1d">
         <path>.\driverlib\MSP430F5xx_6xx\</path>
         <kind>object</kind>
         <file>ram.obj</file>
         <name>ram.obj</name>
      </input_file>
      <input_file id="fl-1e">
         <path>.\driverlib\MSP430F5xx_6xx\</path>
         <kind>object</kind>
         <file>ref.obj</file>
         <name>ref.obj</name>
      </input_file>
      <input_file id="fl-1f">
         <path>.\driverlib\MSP430F5xx_6xx\</path>
         <kind>object</kind>
         <file>rtc_a.obj</file>
         <name>rtc_a.obj</name>
      </input_file>
      <input_file id="fl-20">
         <path>.\driverlib\MSP430F5xx_6xx\</path>
         <kind>object</kind>
         <file>rtc_b.obj</file>
         <name>rtc_b.obj</name>
      </input_file>
      <input_file id="fl-21">
         <path>.\driverlib\MSP430F5xx_6xx\</path>
         <kind>object</kind>
         <file>rtc_c.obj</file>
         <name>rtc_c.obj</name>
      </input_file>
      <input_file id="fl-22">
         <path>.\driverlib\MSP430F5xx_6xx\</path>
         <kind>object</kind>
         <file>sd24_b.obj</file>
         <name>sd24_b.obj</name>
      </input_file>
      <input_file id="fl-23">
         <path>.\driverlib\MSP430F5xx_6xx\</path>
         <kind>object</kind>
         <file>sfr.obj</file>
         <name>sfr.obj</name>
      </input_file>
      <input_file id="fl-24">
         <path>.\driverlib\MSP430F5xx_6xx\</path>
         <kind>object</kind>
         <file>sysctl.obj</file>
         <name>sysctl.obj</name>
      </input_file>
      <input_file id="fl-25">
         <path>.\driverlib\MSP430F5xx_6xx\</path>
         <kind>object</kind>
         <file>tec.obj</file>
         <name>tec.obj</name>
      </input_file>
      <input_file id="fl-26">
         <path>.\driverlib\MSP430F5xx_6xx\</path>
         <kind>object</kind>
         <file>timer_a.obj</file>
         <name>timer_a.obj</name>
      </input_file>
      <input_file id="fl-27">
         <path>.\driverlib\MSP430F5xx_6xx\</path>
         <kind>object</kind>
         <file>timer_b.obj</file>
         <name>timer_b.obj</name>
      </input_file>
      <input_file id="fl-28">
         <path>.\driverlib\MSP430F5xx_6xx\</path>
         <kind>object</kind>
         <file>timer_d.obj</file>
         <name>timer_d.obj</name>
      </input_file>
      <input_file id="fl-29">
         <path>.\driverlib\MSP430F5xx_6xx\</path>
         <kind>object</kind>
         <file>tlv.obj</file>
         <name>tlv.obj</name>
      </input_file>
      <input_file id="fl-2a">
         <path>.\driverlib\MSP430F5xx_6xx\</path>
         <kind>object</kind>
         <file>ucs.obj</file>
         <name>ucs.obj</name>
      </input_file>
      <input_file id="fl-2b">
         <path>.\driverlib\MSP430F5xx_6xx\</path>
         <kind>object</kind>
         <file>usci_a_spi.obj</file>
         <name>usci_a_spi.obj</name>
      </input_file>
      <input_file id="fl-2c">
         <path>.\driverlib\MSP430F5xx_6xx\</path>
         <kind>object</kind>
         <file>usci_a_uart.obj</file>
         <name>usci_a_uart.obj</name>
      </input_file>
      <input_file id="fl-2d">
         <path>.\driverlib\MSP430F5xx_6xx\</path>
         <kind>object</kind>
         <file>usci_b_i2c.obj</file>
         <name>usci_b_i2c.obj</name>
      </input_file>
      <input_file id="fl-2e">
         <path>.\driverlib\MSP430F5xx_6xx\</path>
         <kind>object</kind>
         <file>usci_b_spi.obj</file>
         <name>usci_b_spi.obj</name>
      </input_file>
      <input_file id="fl-2f">
         <path>.\driverlib\MSP430F5xx_6xx\</path>
         <kind>object</kind>
         <file>usci_i2c.obj</file>
         <name>usci_i2c.obj</name>
      </input_file>
      <input_file id="fl-30">
         <path>.\driverlib\MSP430F5xx_6xx\</path>
         <kind>object</kind>
         <file>usci_spi.obj</file>
         <name>usci_spi.obj</name>
      </input_file>
      <input_file id="fl-31">
         <path>.\driverlib\MSP430F5xx_6xx\</path>
         <kind>object</kind>
         <file>usci_uart.obj</file>
         <name>usci_uart.obj</name>
      </input_file>
      <input_file id="fl-32">
         <path>.\driverlib\MSP430F5xx_6xx\</path>
         <kind>object</kind>
         <file>wdt_a.obj</file>
         <name>wdt_a.obj</name>
      </input_file>
      <input_file id="fl-33">
         <path>.\driverlib\MSP430F5xx_6xx\deprecated\</path>
         <kind>object</kind>
         <file>dma.obj</file>
         <name>dma.obj</name>
      </input_file>
      <input_file id="fl-34">
         <path>.\driverlib\MSP430F5xx_6xx\deprecated\</path>
         <kind>object</kind>
         <file>flashctl.obj</file>
         <name>flashctl.obj</name>
      </input_file>
      <input_file id="fl-35">
         <path>.\driverlib\MSP430F5xx_6xx\deprecated\</path>
         <kind>object</kind>
         <file>mpy32.obj</file>
         <name>mpy32.obj</name>
      </input_file>
      <input_file id="fl-36">
         <path>.\driverlib\MSP430F5xx_6xx\deprecated\</path>
         <kind>object</kind>
         <file>pmm.obj</file>
         <name>pmm.obj</name>
      </input_file>
      <input_file id="fl-37">
         <path>.\driverlib\MSP430F5xx_6xx\deprecated\</path>
         <kind>object</kind>
         <file>ram.obj</file>
         <name>ram.obj</name>
      </input_file>
      <input_file id="fl-38">
         <path>.\driverlib\MSP430F5xx_6xx\deprecated\</path>
         <kind>object</kind>
         <file>sfr.obj</file>
         <name>sfr.obj</name>
      </input_file>
      <input_file id="fl-39">
         <path>.\driverlib\MSP430F5xx_6xx\deprecated\</path>
         <kind>object</kind>
         <file>sysctl.obj</file>
         <name>sysctl.obj</name>
      </input_file>
      <input_file id="fl-3a">
         <path>.\driverlib\MSP430F5xx_6xx\deprecated\</path>
         <kind>object</kind>
         <file>ucs.obj</file>
         <name>ucs.obj</name>
      </input_file>
      <input_file id="fl-3b">
         <path>.\USB_config\</path>
         <kind>object</kind>
         <file>UsbIsr.obj</file>
         <name>UsbIsr.obj</name>
      </input_file>
      <input_file id="fl-3c">
         <path>.\USB_config\</path>
         <kind>object</kind>
         <file>descriptors.obj</file>
         <name>descriptors.obj</name>
      </input_file>
      <input_file id="fl-3d">
         <path>.\USB_app\</path>
         <kind>object</kind>
         <file>usbConstructs.obj</file>
         <name>usbConstructs.obj</name>
      </input_file>
      <input_file id="fl-3e">
         <path>.\USB_app\</path>
         <kind>object</kind>
         <file>usbEventHandling.obj</file>
         <name>usbEventHandling.obj</name>
      </input_file>
      <input_file id="fl-3f">
         <path>.\USB_API\USB_Common\</path>
         <kind>object</kind>
         <file>usb.obj</file>
         <name>usb.obj</name>
      </input_file>
      <input_file id="fl-40">
         <path>.\USB_API\USB_Common\</path>
         <kind>object</kind>
         <file>usbdma.obj</file>
         <name>usbdma.obj</name>
      </input_file>
      <input_file id="fl-41">
         <path>.\USB_API\USB_CDC_API\</path>
         <kind>object</kind>
         <file>UsbCdc.obj</file>
         <name>UsbCdc.obj</name>
      </input_file>
      <input_file id="fl-77">
         <path>E:\Programs\TI\ccsv6\tools\compiler\ti-cgt-msp430_4.4.3\lib\</path>
         <kind>archive</kind>
         <file>rts430x_lc_rd_eabi.lib</file>
         <name>boot.obj</name>
      </input_file>
      <input_file id="fl-78">
         <path>E:\Programs\TI\ccsv6\tools\compiler\ti-cgt-msp430_4.4.3\lib\</path>
         <kind>archive</kind>
         <file>rts430x_lc_rd_eabi.lib</file>
         <name>boot_special.obj</name>
      </input_file>
      <input_file id="fl-79">
         <path>E:\Programs\TI\ccsv6\tools\compiler\ti-cgt-msp430_4.4.3\lib\</path>
         <kind>archive</kind>
         <file>rts430x_lc_rd_eabi.lib</file>
         <name>copy_decompress_none.obj</name>
      </input_file>
      <input_file id="fl-7a">
         <path>E:\Programs\TI\ccsv6\tools\compiler\ti-cgt-msp430_4.4.3\lib\</path>
         <kind>archive</kind>
         <file>rts430x_lc_rd_eabi.lib</file>
         <name>copy_decompress_rle.obj</name>
      </input_file>
      <input_file id="fl-7b">
         <path>E:\Programs\TI\ccsv6\tools\compiler\ti-cgt-msp430_4.4.3\lib\</path>
         <kind>archive</kind>
         <file>rts430x_lc_rd_eabi.lib</file>
         <name>copy_zero_init.obj</name>
      </input_file>
      <input_file id="fl-7c">
         <path>E:\Programs\TI\ccsv6\tools\compiler\ti-cgt-msp430_4.4.3\lib\</path>
         <kind>archive</kind>
         <file>rts430x_lc_rd_eabi.lib</file>
         <name>div16s.obj</name>
      </input_file>
      <input_file id="fl-7d">
         <path>E:\Programs\TI\ccsv6\tools\compiler\ti-cgt-msp430_4.4.3\lib\</path>
         <kind>archive</kind>
         <file>rts430x_lc_rd_eabi.lib</file>
         <name>div16u.obj</name>
      </input_file>
      <input_file id="fl-7e">
         <path>E:\Programs\TI\ccsv6\tools\compiler\ti-cgt-msp430_4.4.3\lib\</path>
         <kind>archive</kind>
         <file>rts430x_lc_rd_eabi.lib</file>
         <name>div32s.obj</name>
      </input_file>
      <input_file id="fl-7f">
         <path>E:\Programs\TI\ccsv6\tools\compiler\ti-cgt-msp430_4.4.3\lib\</path>
         <kind>archive</kind>
         <file>rts430x_lc_rd_eabi.lib</file>
         <name>div32u.obj</name>
      </input_file>
      <input_file id="fl-80">
         <path>E:\Programs\TI\ccsv6\tools\compiler\ti-cgt-msp430_4.4.3\lib\</path>
         <kind>archive</kind>
         <file>rts430x_lc_rd_eabi.lib</file>
         <name>exit.obj</name>
      </input_file>
      <input_file id="fl-81">
         <path>E:\Programs\TI\ccsv6\tools\compiler\ti-cgt-msp430_4.4.3\lib\</path>
         <kind>archive</kind>
         <file>rts430x_lc_rd_eabi.lib</file>
         <name>int42.obj</name>
      </input_file>
      <input_file id="fl-82">
         <path>E:\Programs\TI\ccsv6\tools\compiler\ti-cgt-msp430_4.4.3\lib\</path>
         <kind>archive</kind>
         <file>rts430x_lc_rd_eabi.lib</file>
         <name>int43.obj</name>
      </input_file>
      <input_file id="fl-83">
         <path>E:\Programs\TI\ccsv6\tools\compiler\ti-cgt-msp430_4.4.3\lib\</path>
         <kind>archive</kind>
         <file>rts430x_lc_rd_eabi.lib</file>
         <name>int44.obj</name>
      </input_file>
      <input_file id="fl-84">
         <path>E:\Programs\TI\ccsv6\tools\compiler\ti-cgt-msp430_4.4.3\lib\</path>
         <kind>archive</kind>
         <file>rts430x_lc_rd_eabi.lib</file>
         <name>int45.obj</name>
      </input_file>
      <input_file id="fl-85">
         <path>E:\Programs\TI\ccsv6\tools\compiler\ti-cgt-msp430_4.4.3\lib\</path>
         <kind>archive</kind>
         <file>rts430x_lc_rd_eabi.lib</file>
         <name>int46.obj</name>
      </input_file>
      <input_file id="fl-86">
         <path>E:\Programs\TI\ccsv6\tools\compiler\ti-cgt-msp430_4.4.3\lib\</path>
         <kind>archive</kind>
         <file>rts430x_lc_rd_eabi.lib</file>
         <name>int48.obj</name>
      </input_file>
      <input_file id="fl-87">
         <path>E:\Programs\TI\ccsv6\tools\compiler\ti-cgt-msp430_4.4.3\lib\</path>
         <kind>archive</kind>
         <file>rts430x_lc_rd_eabi.lib</file>
         <name>int49.obj</name>
      </input_file>
      <input_file id="fl-88">
         <path>E:\Programs\TI\ccsv6\tools\compiler\ti-cgt-msp430_4.4.3\lib\</path>
         <kind>archive</kind>
         <file>rts430x_lc_rd_eabi.lib</file>
         <name>int50.obj</name>
      </input_file>
      <input_file id="fl-89">
         <path>E:\Programs\TI\ccsv6\tools\compiler\ti-cgt-msp430_4.4.3\lib\</path>
         <kind>archive</kind>
         <file>rts430x_lc_rd_eabi.lib</file>
         <name>int52.obj</name>
      </input_file>
      <input_file id="fl-8a">
         <path>E:\Programs\TI\ccsv6\tools\compiler\ti-cgt-msp430_4.4.3\lib\</path>
         <kind>archive</kind>
         <file>rts430x_lc_rd_eabi.lib</file>
         <name>int53.obj</name>
      </input_file>
      <input_file id="fl-8b">
         <path>E:\Programs\TI\ccsv6\tools\compiler\ti-cgt-msp430_4.4.3\lib\</path>
         <kind>archive</kind>
         <file>rts430x_lc_rd_eabi.lib</file>
         <name>int54.obj</name>
      </input_file>
      <input_file id="fl-8c">
         <path>E:\Programs\TI\ccsv6\tools\compiler\ti-cgt-msp430_4.4.3\lib\</path>
         <kind>archive</kind>
         <file>rts430x_lc_rd_eabi.lib</file>
         <name>int56.obj</name>
      </input_file>
      <input_file id="fl-8d">
         <path>E:\Programs\TI\ccsv6\tools\compiler\ti-cgt-msp430_4.4.3\lib\</path>
         <kind>archive</kind>
         <file>rts430x_lc_rd_eabi.lib</file>
         <name>int57.obj</name>
      </input_file>
      <input_file id="fl-8e">
         <path>E:\Programs\TI\ccsv6\tools\compiler\ti-cgt-msp430_4.4.3\lib\</path>
         <kind>archive</kind>
         <file>rts430x_lc_rd_eabi.lib</file>
         <name>int58.obj</name>
      </input_file>
      <input_file id="fl-8f">
         <path>E:\Programs\TI\ccsv6\tools\compiler\ti-cgt-msp430_4.4.3\lib\</path>
         <kind>archive</kind>
         <file>rts430x_lc_rd_eabi.lib</file>
         <name>int59.obj</name>
      </input_file>
      <input_file id="fl-90">
         <path>E:\Programs\TI\ccsv6\tools\compiler\ti-cgt-msp430_4.4.3\lib\</path>
         <kind>archive</kind>
         <file>rts430x_lc_rd_eabi.lib</file>
         <name>int60.obj</name>
      </input_file>
      <input_file id="fl-91">
         <path>E:\Programs\TI\ccsv6\tools\compiler\ti-cgt-msp430_4.4.3\lib\</path>
         <kind>archive</kind>
         <file>rts430x_lc_rd_eabi.lib</file>
         <name>int62.obj</name>
      </input_file>
      <input_file id="fl-92">
         <path>E:\Programs\TI\ccsv6\tools\compiler\ti-cgt-msp430_4.4.3\lib\</path>
         <kind>archive</kind>
         <file>rts430x_lc_rd_eabi.lib</file>
         <name>isr_trap.obj</name>
      </input_file>
      <input_file id="fl-93">
         <path>E:\Programs\TI\ccsv6\tools\compiler\ti-cgt-msp430_4.4.3\lib\</path>
         <kind>archive</kind>
         <file>rts430x_lc_rd_eabi.lib</file>
         <name>lsl16.obj</name>
      </input_file>
      <input_file id="fl-94">
         <path>E:\Programs\TI\ccsv6\tools\compiler\ti-cgt-msp430_4.4.3\lib\</path>
         <kind>archive</kind>
         <file>rts430x_lc_rd_eabi.lib</file>
         <name>lsl32.obj</name>
      </input_file>
      <input_file id="fl-95">
         <path>E:\Programs\TI\ccsv6\tools\compiler\ti-cgt-msp430_4.4.3\lib\</path>
         <kind>archive</kind>
         <file>rts430x_lc_rd_eabi.lib</file>
         <name>lsr16.obj</name>
      </input_file>
      <input_file id="fl-96">
         <path>E:\Programs\TI\ccsv6\tools\compiler\ti-cgt-msp430_4.4.3\lib\</path>
         <kind>archive</kind>
         <file>rts430x_lc_rd_eabi.lib</file>
         <name>lsr32.obj</name>
      </input_file>
      <input_file id="fl-97">
         <path>E:\Programs\TI\ccsv6\tools\compiler\ti-cgt-msp430_4.4.3\lib\</path>
         <kind>archive</kind>
         <file>rts430x_lc_rd_eabi.lib</file>
         <name>memcpy.obj</name>
      </input_file>
      <input_file id="fl-98">
         <path>E:\Programs\TI\ccsv6\tools\compiler\ti-cgt-msp430_4.4.3\lib\</path>
         <kind>archive</kind>
         <file>rts430x_lc_rd_eabi.lib</file>
         <name>memset.obj</name>
      </input_file>
      <input_file id="fl-99">
         <path>E:\Programs\TI\ccsv6\tools\compiler\ti-cgt-msp430_4.4.3\lib\</path>
         <kind>archive</kind>
         <file>rts430x_lc_rd_eabi.lib</file>
         <name>mpu_init.obj</name>
      </input_file>
      <input_file id="fl-9a">
         <path>E:\Programs\TI\ccsv6\tools\compiler\ti-cgt-msp430_4.4.3\lib\</path>
         <kind>archive</kind>
         <file>rts430x_lc_rd_eabi.lib</file>
         <name>mult16.obj</name>
      </input_file>
      <input_file id="fl-9b">
         <path>E:\Programs\TI\ccsv6\tools\compiler\ti-cgt-msp430_4.4.3\lib\</path>
         <kind>archive</kind>
         <file>rts430x_lc_rd_eabi.lib</file>
         <name>mult1632_f5hw.obj</name>
      </input_file>
      <input_file id="fl-9c">
         <path>E:\Programs\TI\ccsv6\tools\compiler\ti-cgt-msp430_4.4.3\lib\</path>
         <kind>archive</kind>
         <file>rts430x_lc_rd_eabi.lib</file>
         <name>mult16_f5hw.obj</name>
      </input_file>
      <input_file id="fl-9d">
         <path>E:\Programs\TI\ccsv6\tools\compiler\ti-cgt-msp430_4.4.3\lib\</path>
         <kind>archive</kind>
         <file>rts430x_lc_rd_eabi.lib</file>
         <name>mult32.obj</name>
      </input_file>
      <input_file id="fl-9e">
         <path>E:\Programs\TI\ccsv6\tools\compiler\ti-cgt-msp430_4.4.3\lib\</path>
         <kind>archive</kind>
         <file>rts430x_lc_rd_eabi.lib</file>
         <name>mult3264_f5hw.obj</name>
      </input_file>
      <input_file id="fl-9f">
         <path>E:\Programs\TI\ccsv6\tools\compiler\ti-cgt-msp430_4.4.3\lib\</path>
         <kind>archive</kind>
         <file>rts430x_lc_rd_eabi.lib</file>
         <name>mult32_f5hw.obj</name>
      </input_file>
      <input_file id="fl-a0">
         <path>E:\Programs\TI\ccsv6\tools\compiler\ti-cgt-msp430_4.4.3\lib\</path>
         <kind>archive</kind>
         <file>rts430x_lc_rd_eabi.lib</file>
         <name>mult64_f5hw.obj</name>
      </input_file>
      <input_file id="fl-a1">
         <path>E:\Programs\TI\ccsv6\tools\compiler\ti-cgt-msp430_4.4.3\lib\</path>
         <kind>archive</kind>
         <file>rts430x_lc_rd_eabi.lib</file>
         <name>pre_init.obj</name>
      </input_file>
      <input_file id="fl-a2">
         <path>E:\Programs\TI\ccsv6\tools\compiler\ti-cgt-msp430_4.4.3\lib\</path>
         <kind>archive</kind>
         <file>rts430x_lc_rd_eabi.lib</file>
         <name>_lock.obj</name>
      </input_file>
      <input_file id="fl-a3">
         <path>E:\Programs\TI\ccsv6\tools\compiler\ti-cgt-msp430_4.4.3\lib\</path>
         <kind>archive</kind>
         <file>rts430x_lc_rd_eabi.lib</file>
         <name>args_main.obj</name>
      </input_file>
      <input_file id="fl-a4">
         <path>E:\Programs\TI\ccsv6\tools\compiler\ti-cgt-msp430_4.4.3\lib\</path>
         <kind>archive</kind>
         <file>rts430x_lc_rd_eabi.lib</file>
         <name>autoinit_wdt.obj</name>
      </input_file>
   </input_file_list>
   <object_component_list>
      <object_component id="oc-751">
         <name>.common:SPI_Tx_buf</name>
         <uninitialized>true</uninitialized>
         <run_address>0x246a</run_address>
         <size>0xa</size>
      </object_component>
      <object_component id="oc-445">
         <name>.common:Write_Flash_Address</name>
         <uninitialized>true</uninitialized>
         <run_address>0x24b4</run_address>
         <size>0x6</size>
      </object_component>
      <object_component id="oc-414">
         <name>.common:Read_Flash_Address</name>
         <uninitialized>true</uninitialized>
         <run_address>0x24ae</run_address>
         <size>0x6</size>
      </object_component>
      <object_component id="oc-463">
         <name>.common:app_data</name>
         <uninitialized>true</uninitialized>
         <run_address>0x243c</run_address>
         <size>0x16</size>
      </object_component>
      <object_component id="oc-2f7">
         <name>.common:flags</name>
         <uninitialized>true</uninitialized>
         <run_address>0x245e</run_address>
         <size>0xb</size>
      </object_component>
      <object_component id="oc-44f">
         <name>.common:time_data</name>
         <uninitialized>true</uninitialized>
         <run_address>0x24a6</run_address>
         <size>0x8</size>
      </object_component>
      <object_component id="oc-306">
         <name>.common:packet_tail</name>
         <uninitialized>true</uninitialized>
         <run_address>0x24d8</run_address>
         <size>0x1</size>
      </object_component>
      <object_component id="oc-185">
         <name>.common:run_key_state</name>
         <uninitialized>true</uninitialized>
         <run_address>0x24d9</run_address>
         <size>0x1</size>
      </object_component>
      <object_component id="oc-17e">
         <name>.common:switch_counter</name>
         <uninitialized>true</uninitialized>
         <run_address>0x24cc</run_address>
         <size>0x2</size>
      </object_component>
      <object_component id="oc-17d">
         <name>.common:dummy_read</name>
         <uninitialized>true</uninitialized>
         <run_address>0x24d7</run_address>
         <size>0x1</size>
      </object_component>
      <object_component id="oc-21d">
         <name>.common:spi_rx_buf</name>
         <uninitialized>true</uninitialized>
         <run_address>0x2474</run_address>
         <size>0xa</size>
      </object_component>
      <object_component id="oc-163">
         <name>.common:actualTime</name>
         <uninitialized>true</uninitialized>
         <run_address>0x2496</run_address>
         <size>0x8</size>
      </object_component>
      <object_component id="oc-545">
         <name>.common:my_calendar</name>
         <uninitialized>true</uninitialized>
         <run_address>0x249e</run_address>
         <size>0x8</size>
      </object_component>
      <object_component id="oc-33d">
         <name>.common:count</name>
         <uninitialized>true</uninitialized>
         <run_address>0x24ca</run_address>
         <size>0x2</size>
      </object_component>
      <object_component id="oc-365">
         <name>.common:bConfigurationNumber</name>
         <uninitialized>true</uninitialized>
         <run_address>0x2469</run_address>
         <size>0x1</size>
      </object_component>
      <object_component id="oc-366">
         <name>.common:bInterfaceNumber</name>
         <uninitialized>true</uninitialized>
         <run_address>0x24d4</run_address>
         <size>0x1</size>
      </object_component>
      <object_component id="oc-505">
         <name>.common:pbIEP0Buffer</name>
         <uninitialized>true</uninitialized>
         <run_address>0x24c2</run_address>
         <size>0x4</size>
      </object_component>
      <object_component id="oc-4ea">
         <name>.common:pbOEP0Buffer</name>
         <uninitialized>true</uninitialized>
         <run_address>0x24c6</run_address>
         <size>0x4</size>
      </object_component>
      <object_component id="oc-364">
         <name>.common:bRemoteWakeup</name>
         <uninitialized>true</uninitialized>
         <run_address>0x24d5</run_address>
         <size>0x1</size>
      </object_component>
      <object_component id="oc-367">
         <name>.common:wBytesRemainingOnIEP0</name>
         <uninitialized>true</uninitialized>
         <run_address>0x24ce</run_address>
         <size>0x2</size>
      </object_component>
      <object_component id="oc-368">
         <name>.common:wBytesRemainingOnOEP0</name>
         <uninitialized>true</uninitialized>
         <run_address>0x24d0</run_address>
         <size>0x2</size>
      </object_component>
      <object_component id="oc-309">
         <name>.common:abUsbRequestReturnData</name>
         <uninitialized>true</uninitialized>
         <run_address>0x248e</run_address>
         <size>0x8</size>
      </object_component>
      <object_component id="oc-4f8">
         <name>.common:abUsbRequestIncomingData</name>
         <uninitialized>true</uninitialized>
         <run_address>0x2486</run_address>
         <size>0x8</size>
      </object_component>
      <object_component id="oc-73c">
         <name>.common:abramSerialStringDescriptor</name>
         <uninitialized>true</uninitialized>
         <run_address>0x2400</run_address>
         <size>0x22</size>
      </object_component>
      <object_component id="oc-308">
         <name>.common:bStatusAction</name>
         <uninitialized>true</uninitialized>
         <run_address>0x24d6</run_address>
         <size>0x1</size>
      </object_component>
      <object_component id="oc-1ab">
         <name>.common:wUsbEventMask</name>
         <uninitialized>true</uninitialized>
         <run_address>0x24d2</run_address>
         <size>0x2</size>
      </object_component>
      <object_component id="oc-38a">
         <name>.common:USB_TX_memcpy</name>
         <uninitialized>true</uninitialized>
         <run_address>0x24be</run_address>
         <size>0x4</size>
      </object_component>
      <object_component id="oc-4c0">
         <name>.common:USB_RX_memcpy</name>
         <uninitialized>true</uninitialized>
         <run_address>0x24ba</run_address>
         <size>0x4</size>
      </object_component>
      <object_component id="oc-4d7">
         <name>.common:CdcControl</name>
         <uninitialized>true</uninitialized>
         <run_address>0x247e</run_address>
         <size>0x8</size>
      </object_component>
      <object_component id="oc-383">
         <name>.common:CdcWriteCtrl</name>
         <uninitialized>true</uninitialized>
         <run_address>0x2452</run_address>
         <size>0xc</size>
      </object_component>
      <object_component id="oc-316">
         <name>.common:CdcReadCtrl</name>
         <uninitialized>true</uninitialized>
         <run_address>0x2422</run_address>
         <size>0x1a</size>
      </object_component>
      <object_component id="oc-cf">
         <name>.stack</name>
         <uninitialized>true</uninitialized>
         <run_address>0x4338</run_address>
         <size>0x4</size>
         <input_file_ref idref="fl-77"/>
      </object_component>
      <object_component id="oc-845">
         <name>.stack</name>
         <uninitialized>true</uninitialized>
         <run_address>0x4338</run_address>
         <size>0x0</size>
      </object_component>
      <object_component id="oc-4af">
         <name>.text:USBCDC_receiveData</name>
         <load_address>0x10000</load_address>
         <run_address>0x10000</run_address>
         <size>0x2ee</size>
         <input_file_ref idref="fl-41"/>
      </object_component>
      <object_component id="oc-1fc">
         <name>.text:CdcToHostFromBuffer</name>
         <load_address>0x102ee</load_address>
         <run_address>0x102ee</run_address>
         <size>0x1d2</size>
         <input_file_ref idref="fl-41"/>
      </object_component>
      <object_component id="oc-137">
         <name>.text:main</name>
         <load_address>0x104c0</load_address>
         <run_address>0x104c0</run_address>
         <size>0x1bc</size>
         <input_file_ref idref="fl-6"/>
      </object_component>
      <object_component id="oc-1b4">
         <name>.text:CdcToBufferFromHost</name>
         <load_address>0x1067c</load_address>
         <run_address>0x1067c</run_address>
         <size>0x190</size>
         <input_file_ref idref="fl-41"/>
      </object_component>
      <object_component id="oc-400">
         <name>.text:ADS1x9x_Init</name>
         <load_address>0x1080c</load_address>
         <run_address>0x1080c</run_address>
         <size>0x16e</size>
         <input_file_ref idref="fl-2"/>
      </object_component>
      <object_component id="oc-1d2">
         <name>.text:USB_reset</name>
         <load_address>0x1097a</load_address>
         <run_address>0x1097a</run_address>
         <size>0x13e</size>
         <input_file_ref idref="fl-3f"/>
      </object_component>
      <object_component id="oc-51d">
         <name>.text:UCS_initFLL</name>
         <load_address>0x10ab8</load_address>
         <run_address>0x10ab8</run_address>
         <size>0xe2</size>
         <input_file_ref idref="fl-2a"/>
      </object_component>
      <object_component id="oc-3d3">
         <name>.text:PMM_setVCoreUp</name>
         <load_address>0x10b9a</load_address>
         <run_address>0x10b9a</run_address>
         <size>0xe0</size>
         <input_file_ref idref="fl-1c"/>
      </object_component>
      <object_component id="oc-354">
         <name>.text:USB_enable</name>
         <load_address>0x10c7a</load_address>
         <run_address>0x10c7a</run_address>
         <size>0xd8</size>
         <input_file_ref idref="fl-3f"/>
      </object_component>
      <object_component id="oc-5cf">
         <name>.text:USBCDC_intfStatus</name>
         <load_address>0x10d52</load_address>
         <run_address>0x10d52</run_address>
         <size>0xca</size>
         <input_file_ref idref="fl-41"/>
      </object_component>
      <object_component id="oc-371">
         <name>.text:USB_determineFreq</name>
         <load_address>0x10e1c</load_address>
         <run_address>0x10e1c</run_address>
         <size>0xc8</size>
         <input_file_ref idref="fl-3f"/>
      </object_component>
      <object_component id="oc-6c1">
         <name>.text:ADS1x9x_Reg_Write</name>
         <load_address>0x10ee4</load_address>
         <run_address>0x10ee4</run_address>
         <size>0xc4</size>
         <input_file_ref idref="fl-2"/>
      </object_component>
      <object_component id="oc-6d8">
         <name>.text:USB_InitSerialStringDescriptor</name>
         <load_address>0x10fa8</load_address>
         <run_address>0x10fa8</run_address>
         <size>0xc4</size>
         <input_file_ref idref="fl-3f"/>
      </object_component>
      <object_component id="oc-340">
         <name>.text:parse_command</name>
         <load_address>0x1106c</load_address>
         <run_address>0x1106c</run_address>
         <size>0xc2</size>
         <input_file_ref idref="fl-4"/>
      </object_component>
      <object_component id="oc-1a5">
         <name>.text:USBCDC_bytesInUSBBuffer</name>
         <load_address>0x1112e</load_address>
         <run_address>0x1112e</run_address>
         <size>0xa6</size>
         <input_file_ref idref="fl-41"/>
      </object_component>
      <object_component id="oc-347">
         <name>.text:CopyUsbToBuff</name>
         <load_address>0x111d4</load_address>
         <run_address>0x111d4</run_address>
         <size>0xa4</size>
         <input_file_ref idref="fl-41"/>
      </object_component>
      <object_component id="oc-271">
         <name>.text:visualization</name>
         <load_address>0x11278</load_address>
         <run_address>0x11278</run_address>
         <size>0x9a</size>
         <input_file_ref idref="fl-7"/>
      </object_component>
      <object_component id="oc-3cd">
         <name>.text:PMM_setVCoreDown</name>
         <load_address>0x11312</load_address>
         <run_address>0x11312</run_address>
         <size>0x94</size>
         <input_file_ref idref="fl-1c"/>
      </object_component>
      <object_component id="oc-166">
         <name>.text:RTC_A_getCalendarTime</name>
         <load_address>0x113a6</load_address>
         <run_address>0x113a6</run_address>
         <size>0x94</size>
         <input_file_ref idref="fl-1f"/>
      </object_component>
      <object_component id="oc-6f5">
         <name>.text:Flash_ReadPageStart</name>
         <load_address>0x1143a</load_address>
         <run_address>0x1143a</run_address>
         <size>0x90</size>
         <input_file_ref idref="fl-3"/>
      </object_component>
      <object_component id="oc-3da">
         <name>.text:UCS_clockSignalInit</name>
         <load_address>0x114ca</load_address>
         <run_address>0x114ca</run_address>
         <size>0x90</size>
         <input_file_ref idref="fl-2a"/>
      </object_component>
      <object_component id="oc-5d5">
         <name>.text:USBCDC_sendData</name>
         <load_address>0x1155a</load_address>
         <run_address>0x1155a</run_address>
         <size>0x8c</size>
         <input_file_ref idref="fl-41"/>
      </object_component>
      <object_component id="oc-5b7">
         <name>.text:USB_init</name>
         <load_address>0x115e6</load_address>
         <run_address>0x115e6</run_address>
         <size>0x8a</size>
         <input_file_ref idref="fl-3f"/>
      </object_component>
      <object_component id="oc-27d">
         <name>.text:transfer_data</name>
         <load_address>0x11670</load_address>
         <run_address>0x11670</run_address>
         <size>0x8a</size>
         <input_file_ref idref="fl-4"/>
      </object_component>
      <object_component id="oc-703">
         <name>.text:Flash_MT298G08AAAWP_Nand_Write_8Bytes</name>
         <load_address>0x116fa</load_address>
         <run_address>0x116fa</run_address>
         <size>0x86</size>
         <input_file_ref idref="fl-3"/>
      </object_component>
      <object_component id="oc-5ee">
         <name>.text:Flash_ProgramPageStart</name>
         <load_address>0x11780</load_address>
         <run_address>0x11780</run_address>
         <size>0x80</size>
         <input_file_ref idref="fl-3"/>
      </object_component>
      <object_component id="oc-3f4">
         <name>.text:GPIO_init</name>
         <load_address>0x11800</load_address>
         <run_address>0x11800</run_address>
         <size>0x80</size>
         <input_file_ref idref="fl-7"/>
      </object_component>
      <object_component id="oc-30a">
         <name>.text:usbDecodeAndProcessUsbRequest</name>
         <load_address>0x11880</load_address>
         <run_address>0x11880</run_address>
         <size>0x7e</size>
         <input_file_ref idref="fl-3f"/>
      </object_component>
      <object_component id="oc-43e">
         <name>.text:Flash_EraseBlock</name>
         <load_address>0x118fe</load_address>
         <run_address>0x118fe</run_address>
         <size>0x7c</size>
         <input_file_ref idref="fl-3"/>
      </object_component>
      <object_component id="oc-546">
         <name>.text:RTC_A_calendarInit</name>
         <load_address>0x1197a</load_address>
         <run_address>0x1197a</run_address>
         <size>0x76</size>
         <input_file_ref idref="fl-1f"/>
      </object_component>
      <object_component id="oc-610">
         <name>.text:usbGetLineCoding</name>
         <load_address>0x119f0</load_address>
         <run_address>0x119f0</run_address>
         <size>0x76</size>
         <input_file_ref idref="fl-41"/>
      </object_component>
      <object_component id="oc-658">
         <name>.text:usbGetEndpointStatus</name>
         <load_address>0x11a66</load_address>
         <run_address>0x11a66</run_address>
         <size>0x70</size>
         <input_file_ref idref="fl-3f"/>
      </object_component>
      <object_component id="oc-1de">
         <name>.text:PWRVBUSoffHandler</name>
         <load_address>0x11ad6</load_address>
         <run_address>0x11ad6</run_address>
         <size>0x6e</size>
         <input_file_ref idref="fl-3b"/>
      </object_component>
      <object_component id="oc-421">
         <name>.text:cdcSendDataInBackground</name>
         <load_address>0x11b44</load_address>
         <run_address>0x11b44</run_address>
         <size>0x6e</size>
         <input_file_ref idref="fl-3d"/>
      </object_component>
      <object_component id="oc-39b">
         <name>.text:usbSendNextPacketOnIEP0</name>
         <load_address>0x11bb2</load_address>
         <run_address>0x11bb2</run_address>
         <size>0x6e</size>
         <input_file_ref idref="fl-3f"/>
      </object_component>
      <object_component id="oc-788">
         <name>.text:DMA_initialize</name>
         <load_address>0x11c20</load_address>
         <run_address>0x11c20</run_address>
         <size>0x6c</size>
         <input_file_ref idref="fl-f"/>
      </object_component>
      <object_component id="oc-11d">
         <name>.text:_auto_init_hold_wdt</name>
         <load_address>0x11c8c</load_address>
         <run_address>0x11c8c</run_address>
         <size>0x6c</size>
         <input_file_ref idref="fl-a4"/>
      </object_component>
      <object_component id="oc-394">
         <name>.text:Handler_SetLineCoding</name>
         <load_address>0x11cf8</load_address>
         <run_address>0x11cf8</run_address>
         <size>0x6a</size>
         <input_file_ref idref="fl-41"/>
      </object_component>
      <object_component id="oc-e0">
         <name>.text:__TI_decompress_rle_core</name>
         <load_address>0x11d62</load_address>
         <run_address>0x11d62</run_address>
         <size>0x68</size>
         <input_file_ref idref="fl-7a"/>
      </object_component>
      <object_component id="oc-76a">
         <name>.text:memcpyDMA</name>
         <load_address>0x11dca</load_address>
         <run_address>0x11dca</run_address>
         <size>0x64</size>
         <input_file_ref idref="fl-40"/>
      </object_component>
      <object_component id="oc-1ea">
         <name>.text:PWRVBUSonHandler</name>
         <load_address>0x11e2e</load_address>
         <run_address>0x11e2e</run_address>
         <size>0x62</size>
         <input_file_ref idref="fl-3b"/>
      </object_component>
      <object_component id="oc-448">
         <name>.text:send_data_to_flash</name>
         <load_address>0x11e90</load_address>
         <run_address>0x11e90</run_address>
         <size>0x62</size>
         <input_file_ref idref="fl-3"/>
      </object_component>
      <object_component id="oc-26b">
         <name>.text:peripherial_init</name>
         <load_address>0x11ef2</load_address>
         <run_address>0x11ef2</run_address>
         <size>0x60</size>
         <input_file_ref idref="fl-7"/>
      </object_component>
      <object_component id="oc-406">
         <name>.text:flash_init</name>
         <load_address>0x11f52</load_address>
         <run_address>0x11f52</run_address>
         <size>0x5c</size>
         <input_file_ref idref="fl-3"/>
      </object_component>
      <object_component id="oc-265">
         <name>.text:general_flag_clear</name>
         <load_address>0x11fae</load_address>
         <run_address>0x11fae</run_address>
         <size>0x5a</size>
         <input_file_ref idref="fl-4"/>
      </object_component>
      <object_component id="oc-5df">
         <name>.text:read_data_from_flash</name>
         <load_address>0x12008</load_address>
         <run_address>0x12008</run_address>
         <size>0x5a</size>
         <input_file_ref idref="fl-3"/>
      </object_component>
      <object_component id="oc-3e0">
         <name>.text</name>
         <load_address>0x12062</load_address>
         <run_address>0x12062</run_address>
         <size>0x58</size>
         <input_file_ref idref="fl-7f"/>
      </object_component>
      <object_component id="oc-640">
         <name>.text:usbGetStringDescriptor</name>
         <load_address>0x120ba</load_address>
         <run_address>0x120ba</run_address>
         <size>0x56</size>
         <input_file_ref idref="fl-3f"/>
      </object_component>
      <object_component id="oc-337">
         <name>.text:cdcReceiveDataInBuffer</name>
         <load_address>0x12110</load_address>
         <run_address>0x12110</run_address>
         <size>0x52</size>
         <input_file_ref idref="fl-3d"/>
      </object_component>
      <object_component id="oc-757">
         <name>.text:TLV_getInfo</name>
         <load_address>0x12162</load_address>
         <run_address>0x12162</run_address>
         <size>0x4e</size>
         <input_file_ref idref="fl-29"/>
      </object_component>
      <object_component id="oc-4b9">
         <name>.text:set_calender_time</name>
         <load_address>0x121b0</load_address>
         <run_address>0x121b0</run_address>
         <size>0x4e</size>
         <input_file_ref idref="fl-7"/>
      </object_component>
      <object_component id="oc-764">
         <name>.text:DMA_init</name>
         <load_address>0x121fe</load_address>
         <run_address>0x121fe</run_address>
         <size>0x4c</size>
         <input_file_ref idref="fl-f"/>
      </object_component>
      <object_component id="oc-45c">
         <name>.text:Flash_ReadStatus</name>
         <load_address>0x1224a</load_address>
         <run_address>0x1224a</run_address>
         <size>0x4a</size>
         <input_file_ref idref="fl-3"/>
      </object_component>
      <object_component id="oc-259">
         <name>.text:PMM_setVCore</name>
         <load_address>0x12294</load_address>
         <run_address>0x12294</run_address>
         <size>0x4a</size>
         <input_file_ref idref="fl-1c"/>
      </object_component>
      <object_component id="oc-2ad">
         <name>.text:set_exam_start_time</name>
         <load_address>0x122de</load_address>
         <run_address>0x122de</run_address>
         <size>0x4a</size>
         <input_file_ref idref="fl-4"/>
      </object_component>
      <object_component id="oc-2c5">
         <name>.text:set_exam_stop_time</name>
         <load_address>0x12328</load_address>
         <run_address>0x12328</run_address>
         <size>0x4a</size>
         <input_file_ref idref="fl-4"/>
      </object_component>
      <object_component id="oc-38e">
         <name>.text:usbReceiveNextPacketOnOEP0</name>
         <load_address>0x12372</load_address>
         <run_address>0x12372</run_address>
         <size>0x48</size>
         <input_file_ref idref="fl-3f"/>
      </object_component>
      <object_component id="oc-2a7">
         <name>.text:send_state</name>
         <load_address>0x123ba</load_address>
         <run_address>0x123ba</run_address>
         <size>0x46</size>
         <input_file_ref idref="fl-4"/>
      </object_component>
      <object_component id="oc-199">
         <name>.text:SetupPacketInterruptHandler</name>
         <load_address>0x12400</load_address>
         <run_address>0x12400</run_address>
         <size>0x44</size>
         <input_file_ref idref="fl-3b"/>
      </object_component>
      <object_component id="oc-52c">
         <name>.text:GPIO_setAsInputPinWithPullUpResistor</name>
         <load_address>0x12444</load_address>
         <run_address>0x12444</run_address>
         <size>0x42</size>
         <input_file_ref idref="fl-18"/>
      </object_component>
      <object_component id="oc-670">
         <name>.text:usbSetEndpointFeature</name>
         <load_address>0x12486</load_address>
         <run_address>0x12486</run_address>
         <size>0x42</size>
         <input_file_ref idref="fl-3f"/>
      </object_component>
      <object_component id="oc-4c9">
         <name>.text:UCS_XT2StartWithTimeout</name>
         <load_address>0x124c8</load_address>
         <run_address>0x124c8</run_address>
         <size>0x40</size>
         <input_file_ref idref="fl-2a"/>
      </object_component>
      <object_component id="oc-6de">
         <name>.text:USB_initMemcpy</name>
         <load_address>0x12508</load_address>
         <run_address>0x12508</run_address>
         <size>0x40</size>
         <input_file_ref idref="fl-40"/>
      </object_component>
      <object_component id="oc-29b">
         <name>.text:send_data_packet</name>
         <load_address>0x12548</load_address>
         <run_address>0x12548</run_address>
         <size>0x40</size>
         <input_file_ref idref="fl-4"/>
      </object_component>
      <object_component id="oc-6ac">
         <name>.text:ADS1x9x_Reg_Read</name>
         <load_address>0x12588</load_address>
         <run_address>0x12588</run_address>
         <size>0x3e</size>
         <input_file_ref idref="fl-2"/>
      </object_component>
      <object_component id="oc-40c">
         <name>.text:USB_setup</name>
         <load_address>0x125c6</load_address>
         <run_address>0x125c6</run_address>
         <size>0x3e</size>
         <input_file_ref idref="fl-3f"/>
      </object_component>
      <object_component id="oc-418">
         <name>.text:create_time_frame</name>
         <load_address>0x12604</load_address>
         <run_address>0x12604</run_address>
         <size>0x3e</size>
         <input_file_ref idref="fl-4"/>
      </object_component>
      <object_component id="oc-25f">
         <name>.text:initClocks</name>
         <load_address>0x12642</load_address>
         <run_address>0x12642</run_address>
         <size>0x3e</size>
         <input_file_ref idref="fl-7"/>
      </object_component>
      <object_component id="oc-4f9">
         <name>.text:l_lsl_const</name>
         <load_address>0x12680</load_address>
         <run_address>0x12680</run_address>
         <size>0x3e</size>
         <input_file_ref idref="fl-94"/>
      </object_component>
      <object_component id="oc-3e5">
         <name>.text:l_lsr_const</name>
         <load_address>0x126be</load_address>
         <run_address>0x126be</run_address>
         <size>0x3e</size>
         <input_file_ref idref="fl-96"/>
      </object_component>
      <object_component id="oc-3fa">
         <name>.text:RTC_init</name>
         <load_address>0x126fc</load_address>
         <run_address>0x126fc</run_address>
         <size>0x3c</size>
         <input_file_ref idref="fl-7"/>
      </object_component>
      <object_component id="oc-369">
         <name>.text:CdcResetData</name>
         <load_address>0x12738</load_address>
         <run_address>0x12738</run_address>
         <size>0x3a</size>
         <input_file_ref idref="fl-41"/>
      </object_component>
      <object_component id="oc-628">
         <name>.text:usbClearEndpointFeature</name>
         <load_address>0x12772</load_address>
         <run_address>0x12772</run_address>
         <size>0x3a</size>
         <input_file_ref idref="fl-3f"/>
      </object_component>
      <object_component id="oc-6fb">
         <name>.text:Flash_ReadPage</name>
         <load_address>0x127ac</load_address>
         <run_address>0x127ac</run_address>
         <size>0x38</size>
         <input_file_ref idref="fl-3"/>
      </object_component>
      <object_component id="oc-202">
         <name>.text:OEP0InterruptHandler</name>
         <load_address>0x127e4</load_address>
         <run_address>0x127e4</run_address>
         <size>0x38</size>
         <input_file_ref idref="fl-3b"/>
      </object_component>
      <object_component id="oc-552">
         <name>.text:RTC_A_clearInterrupt</name>
         <load_address>0x1281c</load_address>
         <run_address>0x1281c</run_address>
         <size>0x34</size>
         <input_file_ref idref="fl-1f"/>
      </object_component>
      <object_component id="oc-21e">
         <name>.text:put_data_to_packet</name>
         <load_address>0x12850</load_address>
         <run_address>0x12850</run_address>
         <size>0x34</size>
         <input_file_ref idref="fl-4"/>
      </object_component>
      <object_component id="oc-3ea">
         <name>.text:UCS_initFLLSettle</name>
         <load_address>0x12884</load_address>
         <run_address>0x12884</run_address>
         <size>0x32</size>
         <input_file_ref idref="fl-2a"/>
      </object_component>
      <object_component id="oc-2a1">
         <name>.text:send_header_frame</name>
         <load_address>0x128b6</load_address>
         <run_address>0x128b6</run_address>
         <size>0x32</size>
         <input_file_ref idref="fl-4"/>
      </object_component>
      <object_component id="oc-605">
         <name>.text:ADS1x9x_SPI_Command_Data</name>
         <load_address>0x128e8</load_address>
         <run_address>0x128e8</run_address>
         <size>0x30</size>
         <input_file_ref idref="fl-2"/>
      </object_component>
      <object_component id="oc-5b0">
         <name>.text:Flash_MT298G08AAAWP_Nand_Read</name>
         <load_address>0x12918</load_address>
         <run_address>0x12918</run_address>
         <size>0x30</size>
         <input_file_ref idref="fl-3"/>
      </object_component>
      <object_component id="oc-56b">
         <name>.text:Set_UCB0_SPI</name>
         <load_address>0x12948</load_address>
         <run_address>0x12948</run_address>
         <size>0x30</size>
         <input_file_ref idref="fl-2"/>
      </object_component>
      <object_component id="oc-5c3">
         <name>.text:USB_connectionInfo</name>
         <load_address>0x12978</load_address>
         <run_address>0x12978</run_address>
         <size>0x30</size>
         <input_file_ref idref="fl-3f"/>
      </object_component>
      <object_component id="oc-1c6">
         <name>.text:USB_suspend</name>
         <load_address>0x129a8</load_address>
         <run_address>0x129a8</run_address>
         <size>0x30</size>
         <input_file_ref idref="fl-3f"/>
      </object_component>
      <object_component id="oc-5e5">
         <name>.text:compare_address</name>
         <load_address>0x129d8</load_address>
         <run_address>0x129d8</run_address>
         <size>0x30</size>
         <input_file_ref idref="fl-3"/>
      </object_component>
      <object_component id="oc-58f">
         <name>.text:ADS1x9x_Read_All_Regs</name>
         <load_address>0x12a08</load_address>
         <run_address>0x12a08</run_address>
         <size>0x2e</size>
         <input_file_ref idref="fl-2"/>
      </object_component>
      <object_component id="oc-532">
         <name>.text:GPIO_interruptEdgeSelect</name>
         <load_address>0x12a36</load_address>
         <run_address>0x12a36</run_address>
         <size>0x2e</size>
         <input_file_ref idref="fl-18"/>
      </object_component>
      <object_component id="oc-586">
         <name>.text:ADS1x9x_Reg_Init</name>
         <load_address>0x12a64</load_address>
         <run_address>0x12a64</run_address>
         <size>0x2c</size>
         <input_file_ref idref="fl-2"/>
      </object_component>
      <object_component id="oc-571">
         <name>.text:ADS1x9x_Reset</name>
         <load_address>0x12a90</load_address>
         <run_address>0x12a90</run_address>
         <size>0x2c</size>
         <input_file_ref idref="fl-2"/>
      </object_component>
      <object_component id="oc-5f4">
         <name>.text:Flash_ProgramPage</name>
         <load_address>0x12abc</load_address>
         <run_address>0x12abc</run_address>
         <size>0x2c</size>
         <input_file_ref idref="fl-3"/>
      </object_component>
      <object_component id="oc-558">
         <name>.text:RTC_A_enableInterrupt</name>
         <load_address>0x12ae8</load_address>
         <run_address>0x12ae8</run_address>
         <size>0x2c</size>
         <input_file_ref idref="fl-1f"/>
      </object_component>
      <object_component id="oc-436">
         <name>.text:send_transfer_end_frame</name>
         <load_address>0x12b14</load_address>
         <run_address>0x12b14</run_address>
         <size>0x2c</size>
         <input_file_ref idref="fl-4"/>
      </object_component>
      <object_component id="oc-64c">
         <name>.text:usbGetDeviceStatus</name>
         <load_address>0x12b40</load_address>
         <run_address>0x12b40</run_address>
         <size>0x2c</size>
         <input_file_ref idref="fl-3f"/>
      </object_component>
      <object_component id="oc-565">
         <name>.text:Set_GPIO</name>
         <load_address>0x12b6c</load_address>
         <run_address>0x12b6c</run_address>
         <size>0x2a</size>
         <input_file_ref idref="fl-2"/>
      </object_component>
      <object_component id="oc-1ae">
         <name>.text:USBCDC_handleDataReceived</name>
         <load_address>0x12b96</load_address>
         <run_address>0x12b96</run_address>
         <size>0x2a</size>
         <input_file_ref idref="fl-3e"/>
      </object_component>
      <object_component id="oc-75e">
         <name>.text:memcpyV</name>
         <load_address>0x12bc0</load_address>
         <run_address>0x12bc0</run_address>
         <size>0x2a</size>
         <input_file_ref idref="fl-40"/>
      </object_component>
      <object_component id="oc-7a1">
         <name>.text:DMA_setDstAddress</name>
         <load_address>0x12bea</load_address>
         <run_address>0x12bea</run_address>
         <size>0x28</size>
         <input_file_ref idref="fl-f"/>
      </object_component>
      <object_component id="oc-5a4">
         <name>.text:Flash_MT298G08AAAWP_init</name>
         <load_address>0x12c12</load_address>
         <run_address>0x12c12</run_address>
         <size>0x28</size>
         <input_file_ref idref="fl-3"/>
      </object_component>
      <object_component id="oc-526">
         <name>.text:GPIO_setAsOutputPin</name>
         <load_address>0x12c3a</load_address>
         <run_address>0x12c3a</run_address>
         <size>0x28</size>
         <input_file_ref idref="fl-18"/>
      </object_component>
      <object_component id="oc-4c3">
         <name>.text:GPIO_setAsPeripheralModuleFunctionOutputPin</name>
         <load_address>0x12c62</load_address>
         <run_address>0x12c62</run_address>
         <size>0x28</size>
         <input_file_ref idref="fl-18"/>
      </object_component>
      <object_component id="oc-79b">
         <name>.text:DMA_setSrcAddress</name>
         <load_address>0x12c8a</load_address>
         <run_address>0x12c8a</run_address>
         <size>0x26</size>
         <input_file_ref idref="fl-f"/>
      </object_component>
      <object_component id="oc-664">
         <name>.text:usbSetConfiguration</name>
         <load_address>0x12cb0</load_address>
         <run_address>0x12cb0</run_address>
         <size>0x26</size>
         <input_file_ref idref="fl-3f"/>
      </object_component>
      <object_component id="oc-18c">
         <name>.text:conversion_stop</name>
         <load_address>0x12cd6</load_address>
         <run_address>0x12cd6</run_address>
         <size>0x24</size>
         <input_file_ref idref="fl-4"/>
      </object_component>
      <object_component id="oc-8d">
         <name>.text:decompress:ZI:__TI_zero_init</name>
         <load_address>0x12cfa</load_address>
         <run_address>0x12cfa</run_address>
         <size>0x24</size>
         <input_file_ref idref="fl-7b"/>
      </object_component>
      <object_component id="oc-225">
         <name>.text:USB_disable</name>
         <load_address>0x12d1e</load_address>
         <run_address>0x12d1e</run_address>
         <size>0x22</size>
         <input_file_ref idref="fl-3f"/>
      </object_component>
      <object_component id="oc-427">
         <name>.text:create_send_frame</name>
         <load_address>0x12d40</load_address>
         <run_address>0x12d40</run_address>
         <size>0x22</size>
         <input_file_ref idref="fl-4"/>
      </object_component>
      <object_component id="oc-289">
         <name>.text:erase_flash</name>
         <load_address>0x12d62</load_address>
         <run_address>0x12d62</run_address>
         <size>0x22</size>
         <input_file_ref idref="fl-3"/>
      </object_component>
      <object_component id="oc-70d">
         <name>.text:usbSendDataPacketOnEP0</name>
         <load_address>0x12d84</load_address>
         <run_address>0x12d84</run_address>
         <size>0x20</size>
         <input_file_ref idref="fl-3f"/>
      </object_component>
      <object_component id="oc-65e">
         <name>.text:usbSetAddress</name>
         <load_address>0x12da4</load_address>
         <run_address>0x12da4</run_address>
         <size>0x20</size>
         <input_file_ref idref="fl-3f"/>
      </object_component>
      <object_component id="oc-177">
         <name>.text:GPIO_clearInterruptFlag</name>
         <load_address>0x12dc4</load_address>
         <run_address>0x12dc4</run_address>
         <size>0x1e</size>
         <input_file_ref idref="fl-18"/>
      </object_component>
      <object_component id="oc-538">
         <name>.text:GPIO_enableInterrupt</name>
         <load_address>0x12de2</load_address>
         <run_address>0x12de2</run_address>
         <size>0x1e</size>
         <input_file_ref idref="fl-18"/>
      </object_component>
      <object_component id="oc-192">
         <name>.text:conversion_start</name>
         <load_address>0x12e00</load_address>
         <run_address>0x12e00</run_address>
         <size>0x1e</size>
         <input_file_ref idref="fl-4"/>
      </object_component>
      <object_component id="oc-646">
         <name>.text:usbGetInterface</name>
         <load_address>0x12e1e</load_address>
         <run_address>0x12e1e</run_address>
         <size>0x1e</size>
         <input_file_ref idref="fl-3f"/>
      </object_component>
      <object_component id="oc-652">
         <name>.text:usbGetInterfaceStatus</name>
         <load_address>0x12e3c</load_address>
         <run_address>0x12e3c</run_address>
         <size>0x1e</size>
         <input_file_ref idref="fl-3f"/>
      </object_component>
      <object_component id="oc-17f">
         <name>.text:GPIO_getInputPinValue</name>
         <load_address>0x12e5a</load_address>
         <run_address>0x12e5a</run_address>
         <size>0x1c</size>
         <input_file_ref idref="fl-18"/>
      </object_component>
      <object_component id="oc-171">
         <name>.text:GPIO_getInterruptStatus</name>
         <load_address>0x12e76</load_address>
         <run_address>0x12e76</run_address>
         <size>0x1c</size>
         <input_file_ref idref="fl-18"/>
      </object_component>
      <object_component id="oc-283">
         <name>.text:GPIO_setOutputHighOnPin</name>
         <load_address>0x12e92</load_address>
         <run_address>0x12e92</run_address>
         <size>0x1c</size>
         <input_file_ref idref="fl-18"/>
      </object_component>
      <object_component id="oc-295">
         <name>.text:GPIO_setOutputLowOnPin</name>
         <load_address>0x12eae</load_address>
         <run_address>0x12eae</run_address>
         <size>0x1c</size>
         <input_file_ref idref="fl-18"/>
      </object_component>
      <object_component id="oc-208">
         <name>.text:IEP0InterruptHandler</name>
         <load_address>0x12eca</load_address>
         <run_address>0x12eca</run_address>
         <size>0x1c</size>
         <input_file_ref idref="fl-3b"/>
      </object_component>
      <object_component id="oc-53f">
         <name>.text:calender_init</name>
         <load_address>0x12ee6</load_address>
         <run_address>0x12ee6</run_address>
         <size>0x1c</size>
         <input_file_ref idref="fl-7"/>
      </object_component>
      <object_component id="oc-595">
         <name>.text:compare_reg_value</name>
         <load_address>0x12f02</load_address>
         <run_address>0x12f02</run_address>
         <size>0x1c</size>
         <input_file_ref idref="fl-2"/>
      </object_component>
      <object_component id="oc-6e7">
         <name>.text:usbDisableInEndpointInterrupt</name>
         <load_address>0x12f1e</load_address>
         <run_address>0x12f1e</run_address>
         <size>0x1c</size>
         <input_file_ref idref="fl-3f"/>
      </object_component>
      <object_component id="oc-31d">
         <name>.text:usbDisableOutEndpointInterrupt</name>
         <load_address>0x12f3a</load_address>
         <run_address>0x12f3a</run_address>
         <size>0x1c</size>
         <input_file_ref idref="fl-3f"/>
      </object_component>
      <object_component id="oc-19f">
         <name>.text:CdcIsReceiveInProgress</name>
         <load_address>0x12f56</load_address>
         <run_address>0x12f56</run_address>
         <size>0x1a</size>
         <input_file_ref idref="fl-41"/>
      </object_component>
      <object_component id="oc-5aa">
         <name>.text:Flash_MT298G08AAAWP_Nand_Write_Addr</name>
         <load_address>0x12f70</load_address>
         <run_address>0x12f70</run_address>
         <size>0x1a</size>
         <input_file_ref idref="fl-3"/>
      </object_component>
      <object_component id="oc-456">
         <name>.text:Flash_MT298G08AAAWP_Nand_Write_Cmd</name>
         <load_address>0x12f8a</load_address>
         <run_address>0x12f8a</run_address>
         <size>0x1a</size>
         <input_file_ref idref="fl-3"/>
      </object_component>
      <object_component id="oc-59b">
         <name>.text:Init_ADS1x9x_DRDY_Interrupt</name>
         <load_address>0x12fa4</load_address>
         <run_address>0x12fa4</run_address>
         <size>0x1a</size>
         <input_file_ref idref="fl-2"/>
      </object_component>
      <object_component id="oc-37b">
         <name>.text:USB_connect</name>
         <load_address>0x12fbe</load_address>
         <run_address>0x12fbe</run_address>
         <size>0x1a</size>
         <input_file_ref idref="fl-3f"/>
      </object_component>
      <object_component id="oc-253">
         <name>.text:WDT_A_hold</name>
         <load_address>0x12fd8</load_address>
         <run_address>0x12fd8</run_address>
         <size>0x1a</size>
         <input_file_ref idref="fl-32"/>
      </object_component>
      <object_component id="oc-57d">
         <name>.text:ADS1x9x_SPI_Check_Communication</name>
         <load_address>0x12ff2</load_address>
         <run_address>0x12ff2</run_address>
         <size>0x18</size>
         <input_file_ref idref="fl-2"/>
      </object_component>
      <object_component id="oc-5fe">
         <name>.text:Flash_MT298G08AAAWP_Nand_Read_byte</name>
         <load_address>0x1300a</load_address>
         <run_address>0x1300a</run_address>
         <size>0x18</size>
         <input_file_ref idref="fl-3"/>
      </object_component>
      <object_component id="oc-1ba">
         <name>.text:USB_resume</name>
         <load_address>0x13022</load_address>
         <run_address>0x13022</run_address>
         <size>0x18</size>
         <input_file_ref idref="fl-3f"/>
      </object_component>
      <object_component id="oc-622">
         <name>.text:usbClearDeviceFeature</name>
         <load_address>0x1303a</load_address>
         <run_address>0x1303a</run_address>
         <size>0x18</size>
         <input_file_ref idref="fl-3f"/>
      </object_component>
      <object_component id="oc-66a">
         <name>.text:usbSetDeviceFeature</name>
         <load_address>0x13052</load_address>
         <run_address>0x13052</run_address>
         <size>0x18</size>
         <input_file_ref idref="fl-3f"/>
      </object_component>
      <object_component id="oc-2b3">
         <name>.text:Flash_ProgramPageLast</name>
         <load_address>0x1306a</load_address>
         <run_address>0x1306a</run_address>
         <size>0x16</size>
         <input_file_ref idref="fl-3"/>
      </object_component>
      <object_component id="oc-4d1">
         <name>.text:memset</name>
         <load_address>0x13080</load_address>
         <run_address>0x13080</run_address>
         <size>0x16</size>
         <input_file_ref idref="fl-98"/>
      </object_component>
      <object_component id="oc-4d9">
         <name>.text</name>
         <load_address>0x13096</load_address>
         <run_address>0x13096</run_address>
         <size>0x16</size>
         <input_file_ref idref="fl-7d"/>
      </object_component>
      <object_component id="oc-311">
         <name>.text</name>
         <load_address>0x130ac</load_address>
         <run_address>0x130ac</run_address>
         <size>0x16</size>
         <input_file_ref idref="fl-9c"/>
      </object_component>
      <object_component id="oc-63a">
         <name>.text:usbGetConfigurationDescriptor</name>
         <load_address>0x130c2</load_address>
         <run_address>0x130c2</run_address>
         <size>0x16</size>
         <input_file_ref idref="fl-3f"/>
      </object_component>
      <object_component id="oc-634">
         <name>.text:usbGetDeviceDescriptor</name>
         <load_address>0x130d8</load_address>
         <run_address>0x130d8</run_address>
         <size>0x16</size>
         <input_file_ref idref="fl-3f"/>
      </object_component>
      <object_component id="oc-1f0">
         <name>.text:USB_handleVbusOnEvent</name>
         <load_address>0x130ee</load_address>
         <run_address>0x130ee</run_address>
         <size>0x14</size>
         <input_file_ref idref="fl-3e"/>
      </object_component>
      <object_component id="oc-2bf">
         <name>.text:copy_write_address</name>
         <load_address>0x13102</load_address>
         <run_address>0x13102</run_address>
         <size>0x14</size>
         <input_file_ref idref="fl-3"/>
      </object_component>
      <object_component id="oc-d3">
         <name>.text:memcpy</name>
         <load_address>0x13116</load_address>
         <run_address>0x13116</run_address>
         <size>0x14</size>
         <input_file_ref idref="fl-97"/>
      </object_component>
      <object_component id="oc-62e">
         <name>.text:usbGetConfiguration</name>
         <load_address>0x1312a</load_address>
         <run_address>0x1312a</run_address>
         <size>0x14</size>
         <input_file_ref idref="fl-3f"/>
      </object_component>
      <object_component id="oc-61c">
         <name>.text:usbSetControlLineState</name>
         <load_address>0x1313e</load_address>
         <run_address>0x1313e</run_address>
         <size>0x14</size>
         <input_file_ref idref="fl-41"/>
      </object_component>
      <object_component id="oc-6b">
         <name>.text:decompress:none:__TI_decompress_none</name>
         <load_address>0x13152</load_address>
         <run_address>0x13152</run_address>
         <size>0x12</size>
         <input_file_ref idref="fl-79"/>
      </object_component>
      <object_component id="oc-714">
         <name>.text:usbReceiveDataPacketOnEP0</name>
         <load_address>0x13164</load_address>
         <run_address>0x13164</run_address>
         <size>0x12</size>
         <input_file_ref idref="fl-3f"/>
      </object_component>
      <object_component id="oc-676">
         <name>.text:usbSetInterface</name>
         <load_address>0x13176</load_address>
         <run_address>0x13176</run_address>
         <size>0x12</size>
         <input_file_ref idref="fl-3f"/>
      </object_component>
      <object_component id="oc-577">
         <name>.text:ADS1x9x_Clock_Select</name>
         <load_address>0x13188</load_address>
         <run_address>0x13188</run_address>
         <size>0x10</size>
         <input_file_ref idref="fl-2"/>
      </object_component>
      <object_component id="oc-6bb">
         <name>.text:Clear_ADS1x9x_Chip_Enable</name>
         <load_address>0x13198</load_address>
         <run_address>0x13198</run_address>
         <size>0x10</size>
         <input_file_ref idref="fl-2"/>
      </object_component>
      <object_component id="oc-7c5">
         <name>.text:DMA_disableTransfers</name>
         <load_address>0x131a8</load_address>
         <run_address>0x131a8</run_address>
         <size>0x10</size>
         <input_file_ref idref="fl-f"/>
      </object_component>
      <object_component id="oc-7b3">
         <name>.text:DMA_enableTransfers</name>
         <load_address>0x131b8</load_address>
         <run_address>0x131b8</run_address>
         <size>0x10</size>
         <input_file_ref idref="fl-f"/>
      </object_component>
      <object_component id="oc-7bf">
         <name>.text:DMA_getInterruptStatus</name>
         <load_address>0x131c8</load_address>
         <run_address>0x131c8</run_address>
         <size>0xe</size>
         <input_file_ref idref="fl-f"/>
      </object_component>
      <object_component id="oc-7b9">
         <name>.text:DMA_startTransfer</name>
         <load_address>0x131d6</load_address>
         <run_address>0x131d6</run_address>
         <size>0xe</size>
         <input_file_ref idref="fl-f"/>
      </object_component>
      <object_component id="oc-54c">
         <name>.text:RTC_A_setCalendarEvent</name>
         <load_address>0x131e4</load_address>
         <run_address>0x131e4</run_address>
         <size>0xe</size>
         <input_file_ref idref="fl-1f"/>
      </object_component>
      <object_component id="oc-277">
         <name>.text:clear_read_address</name>
         <load_address>0x131f2</load_address>
         <run_address>0x131f2</run_address>
         <size>0xe</size>
         <input_file_ref idref="fl-3"/>
      </object_component>
      <object_component id="oc-28f">
         <name>.text:clear_write_address</name>
         <load_address>0x13200</load_address>
         <run_address>0x13200</run_address>
         <size>0xe</size>
         <input_file_ref idref="fl-3"/>
      </object_component>
      <object_component id="oc-67c">
         <name>.text:usbInvalidRequest</name>
         <load_address>0x1320e</load_address>
         <run_address>0x1320e</run_address>
         <size>0xe</size>
         <input_file_ref idref="fl-3f"/>
      </object_component>
      <object_component id="oc-721">
         <name>.text:usbSendZeroLengthPacketOnIEP0</name>
         <load_address>0x1321c</load_address>
         <run_address>0x1321c</run_address>
         <size>0xe</size>
         <input_file_ref idref="fl-3f"/>
      </object_component>
      <object_component id="oc-7ad">
         <name>.text:DMA_setTransferSize</name>
         <load_address>0x1322a</load_address>
         <run_address>0x1322a</run_address>
         <size>0xc</size>
         <input_file_ref idref="fl-f"/>
      </object_component>
      <object_component id="oc-68a">
         <name>.text:RTC_A_holdClock</name>
         <load_address>0x13236</load_address>
         <run_address>0x13236</run_address>
         <size>0xc</size>
         <input_file_ref idref="fl-1f"/>
      </object_component>
      <object_component id="oc-55e">
         <name>.text:RTC_A_startClock</name>
         <load_address>0x13242</load_address>
         <run_address>0x13242</run_address>
         <size>0xc</size>
         <input_file_ref idref="fl-1f"/>
      </object_component>
      <object_component id="oc-2f9">
         <name>.text:disable_ADS1x9x_Conversion</name>
         <load_address>0x1324e</load_address>
         <run_address>0x1324e</run_address>
         <size>0xc</size>
         <input_file_ref idref="fl-2"/>
      </object_component>
      <object_component id="oc-300">
         <name>.text:enable_ADS1x9x_Conversion</name>
         <load_address>0x1325a</load_address>
         <run_address>0x1325a</run_address>
         <size>0xc</size>
         <input_file_ref idref="fl-2"/>
      </object_component>
      <object_component id="oc-430">
         <name>.text:read_flash_data</name>
         <load_address>0x13266</load_address>
         <run_address>0x13266</run_address>
         <size>0xc</size>
         <input_file_ref idref="fl-4"/>
      </object_component>
      <object_component id="oc-616">
         <name>.text:usbSetLineCoding</name>
         <load_address>0x13272</load_address>
         <run_address>0x13272</run_address>
         <size>0xc</size>
         <input_file_ref idref="fl-41"/>
      </object_component>
      <object_component id="oc-480">
         <name>.text:Disable_ADS1x9x_DRDY_Interrupt</name>
         <load_address>0x1327e</load_address>
         <run_address>0x1327e</run_address>
         <size>0xa</size>
         <input_file_ref idref="fl-2"/>
      </object_component>
      <object_component id="oc-48d">
         <name>.text:Enable_ADS1x9x_DRDY_Interrupt</name>
         <load_address>0x13288</load_address>
         <run_address>0x13288</run_address>
         <size>0xa</size>
         <input_file_ref idref="fl-2"/>
      </object_component>
      <object_component id="oc-214">
         <name>.text:USCI_B_SPI_getInterruptStatus</name>
         <load_address>0x13292</load_address>
         <run_address>0x13292</run_address>
         <size>0xa</size>
         <input_file_ref idref="fl-2e"/>
      </object_component>
      <object_component id="oc-4a3">
         <name>.text</name>
         <load_address>0x1329c</load_address>
         <run_address>0x1329c</run_address>
         <size>0xa</size>
         <input_file_ref idref="fl-93"/>
      </object_component>
      <object_component id="oc-4de">
         <name>.text</name>
         <load_address>0x132a6</load_address>
         <run_address>0x132a6</run_address>
         <size>0xa</size>
         <input_file_ref idref="fl-95"/>
      </object_component>
      <object_component id="oc-728">
         <name>.text:usbStallEndpoint0</name>
         <load_address>0x132b0</load_address>
         <run_address>0x132b0</run_address>
         <size>0xa</size>
         <input_file_ref idref="fl-3f"/>
      </object_component>
      <object_component id="oc-487">
         <name>.text:Start_Read_Data_Continuous</name>
         <load_address>0x132ba</load_address>
         <run_address>0x132ba</run_address>
         <size>0x8</size>
         <input_file_ref idref="fl-2"/>
      </object_component>
      <object_component id="oc-474">
         <name>.text:Stop_Read_Data_Continuous</name>
         <load_address>0x132c2</load_address>
         <run_address>0x132c2</run_address>
[...]
      </symbol>
      <symbol id="sm-b75">
         <name>usbGetEndpointStatus</name>
         <value>0x11a66</value>
         <object_component_ref idref="oc-658"/>
      </symbol>
      <symbol id="sm-b76">
         <name>usbGetDeviceDescriptor</name>
         <value>0x130d8</value>
         <object_component_ref idref="oc-634"/>
      </symbol>
      <symbol id="sm-b77">
         <name>usbRestoreOutEndpointInterrupt</name>
         <value>0x1332a</value>
         <object_component_ref idref="oc-326"/>
      </symbol>
      <symbol id="sm-b78">
         <name>usbSetInterface</name>
         <value>0x13176</value>
         <object_component_ref idref="oc-676"/>
      </symbol>
      <symbol id="sm-b79">
         <name>usbReceiveNextPacketOnOEP0</name>
         <value>0x12372</value>
         <object_component_ref idref="oc-38e"/>
      </symbol>
      <symbol id="sm-b7a">
         <name>USB_suspend</name>
         <value>0x129a8</value>
         <object_component_ref idref="oc-1c6"/>
      </symbol>
      <symbol id="sm-b7b">
         <name>usbSendNextPacketOnIEP0</name>
         <value>0x11bb2</value>
         <object_component_ref idref="oc-39b"/>
      </symbol>
      <symbol id="sm-b7c">
         <name>usbGetStringDescriptor</name>
         <value>0x120ba</value>
         <object_component_ref idref="oc-640"/>
      </symbol>
      <symbol id="sm-b7d">
         <name>USB_determineFreq</name>
         <value>0x10e1c</value>
         <object_component_ref idref="oc-371"/>
      </symbol>
      <symbol id="sm-b7e">
         <name>usbSendZeroLengthPacketOnIEP0</name>
         <value>0x1321c</value>
         <object_component_ref idref="oc-721"/>
      </symbol>
      <symbol id="sm-b7f">
         <name>usbClearDeviceFeature</name>
         <value>0x1303a</value>
         <object_component_ref idref="oc-622"/>
      </symbol>
      <symbol id="sm-b80">
         <name>USB_InitSerialStringDescriptor</name>
         <value>0x10fa8</value>
         <object_component_ref idref="oc-6d8"/>
      </symbol>
      <symbol id="sm-b81">
         <name>usbSetConfiguration</name>
         <value>0x12cb0</value>
         <object_component_ref idref="oc-664"/>
      </symbol>
      <symbol id="sm-b82">
         <name>USB_resume</name>
         <value>0x13022</value>
         <object_component_ref idref="oc-1ba"/>
      </symbol>
      <symbol id="sm-b83">
         <name>usbSendDataPacketOnEP0</name>
         <value>0x12d84</value>
         <object_component_ref idref="oc-70d"/>
      </symbol>
      <symbol id="sm-b84">
         <name>usbGetConfiguration</name>
         <value>0x1312a</value>
         <object_component_ref idref="oc-62e"/>
      </symbol>
      <symbol id="sm-b85">
         <name>usbStallOEP0</name>
         <value>0x13330</value>
         <object_component_ref idref="oc-4eb"/>
      </symbol>
      <symbol id="sm-b86">
         <name>usbGetConfigurationDescriptor</name>
         <value>0x130c2</value>
         <object_component_ref idref="oc-63a"/>
      </symbol>
      <symbol id="sm-b87">
         <name>usbClearEndpointFeature</name>
         <value>0x12772</value>
         <object_component_ref idref="oc-628"/>
      </symbol>
      <symbol id="sm-b88">
         <name>bFunctionSuspended</name>
         <value>0x2595</value>
         <object_component_ref idref="oc-323"/>
      </symbol>
      <symbol id="sm-b89">
         <name>VERSION</name>
         <value>0x2598</value>
         <object_component_ref idref="oc-323"/>
      </symbol>
      <symbol id="sm-b8a">
         <name>usbDecodeAndProcessUsbRequest</name>
         <value>0x11880</value>
         <object_component_ref idref="oc-30a"/>
      </symbol>
      <symbol id="sm-b8b">
         <name>bEnumerationStatus</name>
         <value>0x2596</value>
         <object_component_ref idref="oc-323"/>
      </symbol>
      <symbol id="sm-b8c">
         <name>usbClearOEP0ByteCount</name>
         <value>0x1331e</value>
         <object_component_ref idref="oc-4f1"/>
      </symbol>
      <symbol id="sm-b8d">
         <name>usbSetDeviceFeature</name>
         <value>0x13052</value>
         <object_component_ref idref="oc-66a"/>
      </symbol>
      <symbol id="sm-b8e">
         <name>USB_connectionInfo</name>
         <value>0x12978</value>
         <object_component_ref idref="oc-5c3"/>
      </symbol>
      <symbol id="sm-b8f">
         <name>usbInvalidRequest</name>
         <value>0x1320e</value>
         <object_component_ref idref="oc-67c"/>
      </symbol>
      <symbol id="sm-b90">
         <name>USB_setEnabledEvents</name>
         <value>0x132da</value>
         <object_component_ref idref="oc-5bd"/>
      </symbol>
      <symbol id="sm-b91">
         <name>USB_reset</name>
         <value>0x1097a</value>
         <object_component_ref idref="oc-1d2"/>
      </symbol>
      <symbol id="sm-b92">
         <name>usbStallEndpoint0</name>
         <value>0x132b0</value>
         <object_component_ref idref="oc-728"/>
      </symbol>
      <symbol id="sm-b93">
         <name>USB_connect</name>
         <value>0x12fbe</value>
         <object_component_ref idref="oc-37b"/>
      </symbol>
      <symbol id="sm-b94">
         <name>usbGetDeviceStatus</name>
         <value>0x12b40</value>
         <object_component_ref idref="oc-64c"/>
      </symbol>
      <symbol id="sm-b95">
         <name>usbDisableInEndpointInterrupt</name>
         <value>0x12f1e</value>
         <object_component_ref idref="oc-6e7"/>
      </symbol>
      <symbol id="sm-b96">
         <name>USB_disable</name>
         <value>0x12d1e</value>
         <object_component_ref idref="oc-225"/>
      </symbol>
      <symbol id="sm-bb5">
         <name>USB_TX_memcpy</name>
         <value>0x24be</value>
      </symbol>
      <symbol id="sm-bb6">
         <name>USB_RX_memcpy</name>
         <value>0x24ba</value>
      </symbol>
      <symbol id="sm-bb7">
         <name>USB_initMemcpy</name>
         <value>0x12508</value>
         <object_component_ref idref="oc-6de"/>
      </symbol>
      <symbol id="sm-bb8">
         <name>memcpyDMA</name>
         <value>0x11dca</value>
         <object_component_ref idref="oc-76a"/>
      </symbol>
      <symbol id="sm-bb9">
         <name>memcpyV</name>
         <value>0x12bc0</value>
         <object_component_ref idref="oc-75e"/>
      </symbol>
      <symbol id="sm-c64">
         <name>Handler_SetLineCoding</name>
         <value>0x11cf8</value>
         <object_component_ref idref="oc-394"/>
      </symbol>
      <symbol id="sm-c65">
         <name>usbSetControlLineState</name>
         <value>0x1313e</value>
         <object_component_ref idref="oc-61c"/>
      </symbol>
      <symbol id="sm-c66">
         <name>USBCDC_receiveData</name>
         <value>0x10000</value>
         <object_component_ref idref="oc-4af"/>
      </symbol>
      <symbol id="sm-c67">
         <name>CdcToBufferFromHost</name>
         <value>0x1067c</value>
         <object_component_ref idref="oc-1b4"/>
      </symbol>
      <symbol id="sm-c68">
         <name>USBCDC_bytesInUSBBuffer</name>
         <value>0x1112e</value>
         <object_component_ref idref="oc-1a5"/>
      </symbol>
      <symbol id="sm-c69">
         <name>CdcIsReceiveInProgress</name>
         <value>0x12f56</value>
         <object_component_ref idref="oc-19f"/>
      </symbol>
      <symbol id="sm-c6a">
         <name>CdcResetData</name>
         <value>0x12738</value>
         <object_component_ref idref="oc-369"/>
      </symbol>
      <symbol id="sm-c6b">
         <name>usbGetLineCoding</name>
         <value>0x119f0</value>
         <object_component_ref idref="oc-610"/>
      </symbol>
      <symbol id="sm-c6c">
         <name>usbSetLineCoding</name>
         <value>0x13272</value>
         <object_component_ref idref="oc-616"/>
      </symbol>
      <symbol id="sm-c6d">
         <name>USBCDC_intfStatus</name>
         <value>0x10d52</value>
         <object_component_ref idref="oc-5cf"/>
      </symbol>
      <symbol id="sm-c6e">
         <name>CdcToHostFromBuffer</name>
         <value>0x102ee</value>
         <object_component_ref idref="oc-1fc"/>
      </symbol>
      <symbol id="sm-c6f">
         <name>USBCDC_sendData</name>
         <value>0x1155a</value>
         <object_component_ref idref="oc-5d5"/>
      </symbol>
      <symbol id="sm-c70">
         <name>CopyUsbToBuff</name>
         <value>0x111d4</value>
         <object_component_ref idref="oc-347"/>
      </symbol>
      <symbol id="sm-c79">
         <name>_stack</name>
         <value>0x4338</value>
         <object_component_ref idref="oc-cf"/>
      </symbol>
      <symbol id="sm-c7a">
         <name>_reset_vector</name>
         <value>0xfffe</value>
         <object_component_ref idref="oc-d2"/>
      </symbol>
      <symbol id="sm-c85">
         <name>_c_int00_noargs_noexit</name>
         <value>0x468c</value>
         <object_component_ref idref="oc-ab"/>
      </symbol>
      <symbol id="sm-c9b">
         <name>__TI_decompress_none</name>
         <value>0x13152</value>
         <object_component_ref idref="oc-6b"/>
      </symbol>
      <symbol id="sm-cbd">
         <name>__TI_decompress_rle24</name>
         <value>0x13318</value>
         <object_component_ref idref="oc-71"/>
      </symbol>
      <symbol id="sm-cd0">
         <name>__TI_zero_init</name>
         <value>0x12cfa</value>
         <object_component_ref idref="oc-8d"/>
      </symbol>
      <symbol id="sm-cdb">
         <name>__mspabi_remu</name>
         <value>0x13096</value>
         <object_component_ref idref="oc-4d9"/>
      </symbol>
      <symbol id="sm-cdc">
         <name>__mspabi_divu</name>
         <value>0x13096</value>
         <object_component_ref idref="oc-4d9"/>
      </symbol>
      <symbol id="sm-ced">
         <name>__mspabi_remul</name>
         <value>0x12062</value>
         <object_component_ref idref="oc-3e0"/>
      </symbol>
      <symbol id="sm-cee">
         <name>__mspabi_divul</name>
         <value>0x12062</value>
         <object_component_ref idref="oc-3e0"/>
      </symbol>
      <symbol id="sm-cf9">
         <name>C$$EXIT</name>
         <value>0x1335e</value>
         <object_component_ref idref="oc-13f"/>
      </symbol>
      <symbol id="sm-cfa">
         <name>abort</name>
         <value>0x1335e</value>
         <object_component_ref idref="oc-13f"/>
      </symbol>
      <symbol id="sm-cfd">
         <name>__TI_int42</name>
         <value>0xffd4</value>
         <object_component_ref idref="oc-78"/>
      </symbol>
      <symbol id="sm-d00">
         <name>__TI_int43</name>
         <value>0xffd6</value>
         <object_component_ref idref="oc-79"/>
      </symbol>
      <symbol id="sm-d03">
         <name>__TI_int44</name>
         <value>0xffd8</value>
         <object_component_ref idref="oc-7a"/>
      </symbol>
      <symbol id="sm-d06">
         <name>__TI_int45</name>
         <value>0xffda</value>
         <object_component_ref idref="oc-7b"/>
      </symbol>
      <symbol id="sm-d09">
         <name>__TI_int46</name>
         <value>0xffdc</value>
         <object_component_ref idref="oc-7c"/>
      </symbol>
      <symbol id="sm-d0c">
         <name>__TI_int48</name>
         <value>0xffe0</value>
         <object_component_ref idref="oc-7e"/>
      </symbol>
      <symbol id="sm-d0f">
         <name>__TI_int49</name>
         <value>0xffe2</value>
         <object_component_ref idref="oc-7f"/>
      </symbol>
      <symbol id="sm-d12">
         <name>__TI_int50</name>
         <value>0xffe4</value>
         <object_component_ref idref="oc-80"/>
      </symbol>
      <symbol id="sm-d15">
         <name>__TI_int52</name>
         <value>0xffe8</value>
         <object_component_ref idref="oc-82"/>
      </symbol>
      <symbol id="sm-d18">
         <name>__TI_int53</name>
         <value>0xffea</value>
         <object_component_ref idref="oc-83"/>
      </symbol>
      <symbol id="sm-d1b">
         <name>__TI_int54</name>
         <value>0xffec</value>
         <object_component_ref idref="oc-84"/>
      </symbol>
      <symbol id="sm-d1e">
         <name>__TI_int56</name>
         <value>0xfff0</value>
         <object_component_ref idref="oc-86"/>
      </symbol>
      <symbol id="sm-d21">
         <name>__TI_int57</name>
         <value>0xfff2</value>
         <object_component_ref idref="oc-87"/>
      </symbol>
      <symbol id="sm-d24">
         <name>__TI_int58</name>
         <value>0xfff4</value>
         <object_component_ref idref="oc-88"/>
      </symbol>
      <symbol id="sm-d27">
         <name>__TI_int59</name>
         <value>0xfff6</value>
         <object_component_ref idref="oc-89"/>
      </symbol>
      <symbol id="sm-d2a">
         <name>__TI_int60</name>
         <value>0xfff8</value>
         <object_component_ref idref="oc-8a"/>
      </symbol>
      <symbol id="sm-d2d">
         <name>__TI_int62</name>
         <value>0xfffc</value>
         <object_component_ref idref="oc-8c"/>
      </symbol>
      <symbol id="sm-d35">
         <name>__TI_ISR_TRAP</name>
         <value>0x46a6</value>
         <object_component_ref idref="oc-f3"/>
      </symbol>
      <symbol id="sm-d3e">
         <name>__mspabi_slli</name>
         <value>0x1329c</value>
         <object_component_ref idref="oc-4a3"/>
      </symbol>
      <symbol id="sm-d46">
         <name>__mspabi_slll_9</name>
         <value>0x12698</value>
         <object_component_ref idref="oc-4f9"/>
      </symbol>
      <symbol id="sm-d47">
         <name>__mspabi_slll_8</name>
         <value>0x1269c</value>
         <object_component_ref idref="oc-4f9"/>
      </symbol>
      <symbol id="sm-d48">
         <name>__mspabi_slll_7</name>
         <value>0x126a0</value>
         <object_component_ref idref="oc-4f9"/>
      </symbol>
      <symbol id="sm-d49">
         <name>__mspabi_slll_6</name>
         <value>0x126a4</value>
         <object_component_ref idref="oc-4f9"/>
      </symbol>
      <symbol id="sm-d4a">
         <name>__mspabi_slll_5</name>
         <value>0x126a8</value>
         <object_component_ref idref="oc-4f9"/>
      </symbol>
      <symbol id="sm-d4b">
         <name>__mspabi_slll_4</name>
         <value>0x126ac</value>
         <object_component_ref idref="oc-4f9"/>
      </symbol>
      <symbol id="sm-d4c">
         <name>__mspabi_slll_3</name>
         <value>0x126b0</value>
         <object_component_ref idref="oc-4f9"/>
      </symbol>
      <symbol id="sm-d4d">
         <name>__mspabi_slll_2</name>
         <value>0x126b4</value>
         <object_component_ref idref="oc-4f9"/>
      </symbol>
      <symbol id="sm-d4e">
         <name>__mspabi_slll_1</name>
         <value>0x126b8</value>
         <object_component_ref idref="oc-4f9"/>
      </symbol>
      <symbol id="sm-d4f">
         <name>__mspabi_slll_15</name>
         <value>0x12680</value>
         <object_component_ref idref="oc-4f9"/>
      </symbol>
      <symbol id="sm-d50">
         <name>__mspabi_slll_14</name>
         <value>0x12684</value>
         <object_component_ref idref="oc-4f9"/>
      </symbol>
      <symbol id="sm-d51">
         <name>__mspabi_slll_13</name>
         <value>0x12688</value>
         <object_component_ref idref="oc-4f9"/>
      </symbol>
      <symbol id="sm-d52">
         <name>__mspabi_slll_12</name>
         <value>0x1268c</value>
         <object_component_ref idref="oc-4f9"/>
      </symbol>
      <symbol id="sm-d53">
         <name>__mspabi_slll_11</name>
         <value>0x12690</value>
         <object_component_ref idref="oc-4f9"/>
      </symbol>
      <symbol id="sm-d54">
         <name>__mspabi_slll_10</name>
         <value>0x12694</value>
         <object_component_ref idref="oc-4f9"/>
      </symbol>
      <symbol id="sm-d5d">
         <name>__mspabi_srli</name>
         <value>0x132a6</value>
         <object_component_ref idref="oc-4de"/>
      </symbol>
      <symbol id="sm-d65">
         <name>__mspabi_srll_8</name>
         <value>0x126da</value>
         <object_component_ref idref="oc-3e5"/>
      </symbol>
      <symbol id="sm-d66">
         <name>__mspabi_srll_9</name>
         <value>0x126d6</value>
         <object_component_ref idref="oc-3e5"/>
      </symbol>
      <symbol id="sm-d67">
         <name>__mspabi_srll_6</name>
         <value>0x126e2</value>
         <object_component_ref idref="oc-3e5"/>
      </symbol>
      <symbol id="sm-d68">
         <name>__mspabi_srll_7</name>
         <value>0x126de</value>
         <object_component_ref idref="oc-3e5"/>
      </symbol>
      <symbol id="sm-d69">
         <name>__mspabi_srll_4</name>
         <value>0x126ea</value>
         <object_component_ref idref="oc-3e5"/>
      </symbol>
      <symbol id="sm-d6a">
         <name>__mspabi_srll_5</name>
         <value>0x126e6</value>
         <object_component_ref idref="oc-3e5"/>
      </symbol>
      <symbol id="sm-d6b">
         <name>__mspabi_srll_2</name>
         <value>0x126f2</value>
         <object_component_ref idref="oc-3e5"/>
      </symbol>
      <symbol id="sm-d6c">
         <name>__mspabi_srll_3</name>
         <value>0x126ee</value>
         <object_component_ref idref="oc-3e5"/>
      </symbol>
      <symbol id="sm-d6d">
         <name>__mspabi_srll_1</name>
         <value>0x126f6</value>
         <object_component_ref idref="oc-3e5"/>
      </symbol>
      <symbol id="sm-d6e">
         <name>__mspabi_srll_15</name>
         <value>0x126be</value>
         <object_component_ref idref="oc-3e5"/>
      </symbol>
      <symbol id="sm-d6f">
         <name>__mspabi_srll_14</name>
         <value>0x126c2</value>
         <object_component_ref idref="oc-3e5"/>
      </symbol>
      <symbol id="sm-d70">
         <name>__mspabi_srll_13</name>
         <value>0x126c6</value>
         <object_component_ref idref="oc-3e5"/>
      </symbol>
      <symbol id="sm-d71">
         <name>__mspabi_srll_12</name>
         <value>0x126ca</value>
         <object_component_ref idref="oc-3e5"/>
      </symbol>
      <symbol id="sm-d72">
         <name>__mspabi_srll_11</name>
         <value>0x126ce</value>
         <object_component_ref idref="oc-3e5"/>
      </symbol>
      <symbol id="sm-d73">
         <name>__mspabi_srll_10</name>
         <value>0x126d2</value>
         <object_component_ref idref="oc-3e5"/>
      </symbol>
      <symbol id="sm-d81">
         <name>memcpy</name>
         <value>0x13116</value>
         <object_component_ref idref="oc-d3"/>
      </symbol>
      <symbol id="sm-d8f">
         <name>memset</name>
         <value>0x13080</value>
         <object_component_ref idref="oc-4d1"/>
      </symbol>
      <symbol id="sm-da6">
         <name>__mspabi_mpyi_f5hw</name>
         <value>0x130ac</value>
         <object_component_ref idref="oc-311"/>
      </symbol>
      <symbol id="sm-dd7">
         <name>_system_pre_init</name>
         <value>0x1335a</value>
         <object_component_ref idref="oc-117"/>
      </symbol>
      <symbol id="sm-df6">
         <name>_auto_init_hold_wdt</name>
         <value>0x11c8c</value>
         <object_component_ref idref="oc-11d"/>
      </symbol>
      <symbol id="sm-df8">
         <name>__TI_INITARRAY_Base</name>
         <value>0x0</value>
      </symbol>
      <symbol id="sm-df9">
         <name>__TI_INITARRAY_Limit</name>
         <value>0x0</value>
      </symbol>
   </symbol_table>
   <title>Link successful</title>
</link_info>
