******************************************************************************
                  MSP430 Linker PC v4.4.3                      
******************************************************************************
>> Linked Thu May 21 00:01:32 2015

OUTPUT FILE NAME:   <Holter_USB.out>
ENTRY POINT SYMBOL: "_c_int00_noargs_noexit"  address: 00004680


MEMORY CONFIGURATION

         name            origin    length      used     unused   attr    fill
----------------------  --------  ---------  --------  --------  ----  --------
  SFR                   00000000   00000010  00000000  00000010  RWIX
  PERIPHERALS_8BIT      00000010   000000f0  00000000  000000f0  RWIX
  PERIPHERALS_16BIT     00000100   00000100  00000000  00000100  RWIX
  INFOD                 00001800   00000080  00000000  00000080  RWIX
  INFOC                 00001880   00000080  00000000  00000080  RWIX
  INFOB                 00001900   00000080  00000000  00000080  RWIX
  INFOA                 00001980   00000080  00000000  00000080  RWIX
  USBRAM                00001c00   00000800  00000000  00000800  RWIX
  RAM                   00002400   00002000  00000190  00001e70  RWIX
  FLASH                 00004400   0000bb80  00000526  0000b65a  RWIX
  INT00                 0000ff80   00000002  00000000  00000002  RWIX
  INT01                 0000ff82   00000002  00000000  00000002  RWIX
  INT02                 0000ff84   00000002  00000000  00000002  RWIX
  INT03                 0000ff86   00000002  00000000  00000002  RWIX
  INT04                 0000ff88   00000002  00000000  00000002  RWIX
  INT05                 0000ff8a   00000002  00000000  00000002  RWIX
  INT06                 0000ff8c   00000002  00000000  00000002  RWIX
  INT07                 0000ff8e   00000002  00000000  00000002  RWIX
  INT08                 0000ff90   00000002  00000000  00000002  RWIX
  INT09                 0000ff92   00000002  00000000  00000002  RWIX
  INT10                 0000ff94   00000002  00000000  00000002  RWIX
  INT11                 0000ff96   00000002  00000000  00000002  RWIX
  INT12                 0000ff98   00000002  00000000  00000002  RWIX
  INT13                 0000ff9a   00000002  00000000  00000002  RWIX
  INT14                 0000ff9c   00000002  00000000  00000002  RWIX
  INT15                 0000ff9e   00000002  00000000  00000002  RWIX
  INT16                 0000ffa0   00000002  00000000  00000002  RWIX
  INT17                 0000ffa2   00000002  00000000  00000002  RWIX
  INT18                 0000ffa4   00000002  00000000  00000002  RWIX
  INT19                 0000ffa6   00000002  00000000  00000002  RWIX
  INT20                 0000ffa8   00000002  00000000  00000002  RWIX
  INT21                 0000ffaa   00000002  00000000  00000002  RWIX
  INT22                 0000ffac   00000002  00000000  00000002  RWIX
  INT23                 0000ffae   00000002  00000000  00000002  RWIX
  INT24                 0000ffb0   00000002  00000000  00000002  RWIX
  INT25                 0000ffb2   00000002  00000000  00000002  RWIX
  INT26                 0000ffb4   00000002  00000000  00000002  RWIX
  INT27                 0000ffb6   00000002  00000000  00000002  RWIX
  INT28                 0000ffb8   00000002  00000000  00000002  RWIX
  INT29                 0000ffba   00000002  00000000  00000002  RWIX
  INT30                 0000ffbc   00000002  00000000  00000002  RWIX
  INT31                 0000ffbe   00000002  00000000  00000002  RWIX
  INT32                 0000ffc0   00000002  00000000  00000002  RWIX
  INT33                 0000ffc2   00000002  00000000  00000002  RWIX
  INT34                 0000ffc4   00000002  00000000  00000002  RWIX
  INT35                 0000ffc6   00000002  00000000  00000002  RWIX
  INT36                 0000ffc8   00000002  00000000  00000002  RWIX
  INT37                 0000ffca   00000002  00000000  00000002  RWIX
  INT38                 0000ffcc   00000002  00000000  00000002  RWIX
  INT39                 0000ffce   00000002  00000000  00000002  RWIX
  INT40                 0000ffd0   00000002  00000000  00000002  RWIX
  INT41                 0000ffd2   00000002  00000002  00000000  RWIX
  INT42                 0000ffd4   00000002  00000002  00000000  RWIX
  INT43                 0000ffd6   00000002  00000002  00000000  RWIX
  INT44                 0000ffd8   00000002  00000002  00000000  RWIX
  INT45                 0000ffda   00000002  00000002  00000000  RWIX
  INT46                 0000ffdc   00000002  00000002  00000000  RWIX
  INT47                 0000ffde   00000002  00000002  00000000  RWIX
  INT48                 0000ffe0   00000002  00000002  00000000  RWIX
  INT49                 0000ffe2   00000002  00000002  00000000  RWIX
  INT50                 0000ffe4   00000002  00000002  00000000  RWIX
  INT51                 0000ffe6   00000002  00000002  00000000  RWIX
  INT52                 0000ffe8   00000002  00000002  00000000  RWIX
  INT53                 0000ffea   00000002  00000002  00000000  RWIX
  INT54                 0000ffec   00000002  00000002  00000000  RWIX
  INT55                 0000ffee   00000002  00000002  00000000  RWIX
  INT56                 0000fff0   00000002  00000002  00000000  RWIX
  INT57                 0000fff2   00000002  00000002  00000000  RWIX
  INT58                 0000fff4   00000002  00000002  00000000  RWIX
  INT59                 0000fff6   00000002  00000002  00000000  RWIX
  INT60                 0000fff8   00000002  00000002  00000000  RWIX
  INT61                 0000fffa   00000002  00000002  00000000  RWIX
  INT62                 0000fffc   00000002  00000002  00000000  RWIX
  RESET                 0000fffe   00000002  00000002  00000000  RWIX
  FLASH2                00010000   00014400  000025f2  00011e0e  RWIX


SECTION ALLOCATION MAP

 output                                  attributes/
section   page    origin      length       input sections
--------  ----  ----------  ----------   ----------------
.bss       0    00002400    000000a4     UNINITIALIZED
                  00002400    00000022     (.common:abramSerialStringDescriptor)
                  00002422    0000001a     (.common:CdcReadCtrl)
                  0000243c    0000000c     (.common:CdcWriteCtrl)
                  00002448    0000000a     (.common:SPI_Tx_buf)
                  00002452    00000008     (.common:CdcControl)
                  0000245a    00000008     (.common:abUsbRequestIncomingData)
                  00002462    00000008     (.common:abUsbRequestReturnData)
                  0000246a    00000008     (.common:my_calendar)
                  00002472    00000008     (.common:time_data)
                  0000247a    00000006     (.common:Read_Flash_Address)
                  00002480    00000006     (.common:Write_Flash_Address)
                  00002486    00000004     (.common:USB_RX_memcpy)
                  0000248a    00000004     (.common:USB_TX_memcpy)
                  0000248e    00000004     (.common:flags)
                  00002492    00000004     (.common:pbIEP0Buffer)
                  00002496    00000004     (.common:pbOEP0Buffer)
                  0000249a    00000002     (.common:wBytesRemainingOnIEP0)
                  0000249c    00000002     (.common:wBytesRemainingOnOEP0)
                  0000249e    00000002     (.common:wUsbEventMask)
                  000024a0    00000001     (.common:bConfigurationNumber)
                  000024a1    00000001     (.common:bInterfaceNumber)
                  000024a2    00000001     (.common:bRemoteWakeup)
                  000024a3    00000001     (.common:bStatusAction)

.data      0    000024a4    0000004c     UNINITIALIZED
                  000024a4    0000000c     ADS1292_driver.obj (.data:ADS_reg_val)
                  000024b0    0000000c     ADS1292_driver.obj (.data:ADS_register_settings)
                  000024bc    0000000a     app_service.obj (.data:send_frame)
                  000024c6    00000008     app_service.obj (.data:data_frame)
                  000024ce    00000008     app_service.obj (.data:read_frame)
                  000024d6    00000008     usb.obj (.data)
                  000024de    00000006     it_handlers.obj (.data:spi_rx_buf)
                  000024e4    00000005     app_service.obj (.data)
                  000024e9    00000001     --HOLE--
                  000024ea    00000003     it_handlers.obj (.data:data_check)
                  000024ed    00000003     it_handlers.obj (.data)

.stack     0    00004360    000000a0     UNINITIALIZED
                  00004360    00000004     rts430x_lc_rd_eabi.lib : boot.obj (.stack)
                  00004364    0000009c     --HOLE--

.text:_isr 
*          0    00004400    000002a0     
                  00004400    0000012a     UsbIsr.obj (.text:_isr:iUsbInterruptHandler)
                  0000452a    000000d2     it_handlers.obj (.text:_isr:Port_1)
                  000045fc    00000046     it_handlers.obj (.text:_isr:USCI_B0_ISR)
                  00004642    0000003e     it_handlers.obj (.text:_isr:UNMI_ISR)
                  00004680    0000001a     rts430x_lc_rd_eabi.lib : boot_special.obj (.text:_isr:_c_int00_noargs_noexit)
                  0000469a    00000006                            : isr_trap.obj (.text:_isr:__TI_ISR_TRAP)

.const     0    000046a0    00000244     
                  000046a0    0000010a     descriptors.obj (.const:tUsbRequestList)
                  000047aa    0000008e     descriptors.obj (.const:.string:abromStringDescriptor)
                  00004838    00000043     descriptors.obj (.const)
                  0000487b    00000001     --HOLE-- [fill = 0]
                  0000487c    00000020     usb.obj (.const:.string)
                  0000489c    0000001c     gpio.obj (.const:GPIO_PORT_TO_BASE)
                  000048b8    00000012     descriptors.obj (.const:.string:abromDeviceDescriptor)
                  000048ca    00000010     descriptors.obj (.const:stUsbHandle)
                  000048da    0000000a     dma.obj (.const)

.cinit     0    000048e4    00000042     
                  000048e4    00000020     (.cinit..data.load) [load image, compression = rle]
                  00004904    0000000c     (__TI_handler_table)
                  00004910    00000006     (.cinit..bss.load) [load image, compression = zero_init]
                  00004916    00000010     (__TI_cinit_table)

.init_array 
*          0    00004400    00000000     UNINITIALIZED

.TI.persistent 
*          0    000024a4    00000000     UNINITIALIZED

RTC        0    0000ffd2    00000002     
                  0000ffd2    00000002     rts430x_lc_rd_eabi.lib : int41.obj (.int41)

PORT2      0    0000ffd4    00000002     
                  0000ffd4    00000002     rts430x_lc_rd_eabi.lib : int42.obj (.int42)

TIMER2_A1 
*          0    0000ffd6    00000002     
                  0000ffd6    00000002     rts430x_lc_rd_eabi.lib : int43.obj (.int43)

TIMER2_A0 
*          0    0000ffd8    00000002     
                  0000ffd8    00000002     rts430x_lc_rd_eabi.lib : int44.obj (.int44)

USCI_B1    0    0000ffda    00000002     
                  0000ffda    00000002     rts430x_lc_rd_eabi.lib : int45.obj (.int45)

USCI_A1    0    0000ffdc    00000002     
                  0000ffdc    00000002     rts430x_lc_rd_eabi.lib : int46.obj (.int46)

PORT1      0    0000ffde    00000002     
                  0000ffde    00000002     it_handlers.obj (.int47)

TIMER1_A1 
*          0    0000ffe0    00000002     
                  0000ffe0    00000002     rts430x_lc_rd_eabi.lib : int48.obj (.int48)

TIMER1_A0 
*          0    0000ffe2    00000002     
                  0000ffe2    00000002     rts430x_lc_rd_eabi.lib : int49.obj (.int49)

DMA        0    0000ffe4    00000002     
                  0000ffe4    00000002     rts430x_lc_rd_eabi.lib : int50.obj (.int50)

USB_UBM    0    0000ffe6    00000002     
                  0000ffe6    00000002     UsbIsr.obj (.int51)

TIMER0_A1 
*          0    0000ffe8    00000002     
                  0000ffe8    00000002     rts430x_lc_rd_eabi.lib : int52.obj (.int52)

TIMER0_A0 
*          0    0000ffea    00000002     
                  0000ffea    00000002     rts430x_lc_rd_eabi.lib : int53.obj (.int53)

ADC12      0    0000ffec    00000002     
                  0000ffec    00000002     rts430x_lc_rd_eabi.lib : int54.obj (.int54)

USCI_B0    0    0000ffee    00000002     
                  0000ffee    00000002     it_handlers.obj (.int55)

USCI_A0    0    0000fff0    00000002     
                  0000fff0    00000002     rts430x_lc_rd_eabi.lib : int56.obj (.int56)

WDT        0    0000fff2    00000002     
                  0000fff2    00000002     rts430x_lc_rd_eabi.lib : int57.obj (.int57)

TIMER0_B1 
*          0    0000fff4    00000002     
                  0000fff4    00000002     rts430x_lc_rd_eabi.lib : int58.obj (.int58)

TIMER0_B0 
*          0    0000fff6    00000002     
                  0000fff6    00000002     rts430x_lc_rd_eabi.lib : int59.obj (.int59)

COMP_B     0    0000fff8    00000002     
                  0000fff8    00000002     rts430x_lc_rd_eabi.lib : int60.obj (.int60)

UNMI       0    0000fffa    00000002     
                  0000fffa    00000002     it_handlers.obj (.int61)

SYSNMI     0    0000fffc    00000002     
                  0000fffc    00000002     rts430x_lc_rd_eabi.lib : int62.obj (.int62)

.reset     0    0000fffe    00000002     
                  0000fffe    00000002     rts430x_lc_rd_eabi.lib : boot.obj (.reset)

.text      0    00010000    000025f2     
                  00010000    00000176     ADS1292_driver.obj (.text:ADS1x9x_Init)
                  00010176    00000154     UsbCdc.obj (.text:CdcToHostFromBuffer)
                  000102ca    0000013e     usb.obj (.text:USB_reset)
                  00010408    00000114     UsbCdc.obj (.text:CdcToBufferFromHost)
                  0001051c    000000e2     ucs.obj (.text:UCS_initFLL)
                  000105fe    000000da     periph_config.obj (.text:peripherial_init)
                  000106d8    000000d2     usb.obj (.text:USB_enable)
                  000107aa    000000ce     pmm.obj (.text:PMM_setVCoreUp)
                  00010878    000000c6     usb.obj (.text:USB_InitSerialStringDescriptor)
                  0001093e    000000c4     Flash_driver.obj (.text:read_data_from_flash)
                  00010a02    000000c2     Flash_driver.obj (.text:send_data_to_flash)
                  00010ac4    000000c0     UsbCdc.obj (.text:USBCDC_intfStatus)
                  00010b84    000000bc     ADS1292_driver.obj (.text:ADS1x9x_Reg_Write)
                  00010c40    000000ae     usb.obj (.text:USB_determineFreq)
                  00010cee    00000094     pmm.obj (.text:PMM_setVCoreDown)
                  00010d82    00000094     rtc_a.obj (.text:RTC_A_getCalendarTime)
                  00010e16    0000008e     UsbCdc.obj (.text:USBCDC_bytesInUSBBuffer)
                  00010ea4    00000088     ucs.obj (.text:UCS_clockSignalInit)
                  00010f2c    00000088     usb.obj (.text:USB_init)
                  00010fb4    00000088     usb.obj (.text:usbDecodeAndProcessUsbRequest)
                  0001103c    0000007a     UsbCdc.obj (.text:USBCDC_sendData)
                  000110b6    00000076     UsbCdc.obj (.text:CopyUsbToBuff)
                  0001112c    00000076     rtc_a.obj (.text:RTC_A_calendarInit)
                  000111a2    00000074     usb.obj (.text:usbSendNextPacketOnIEP0)
                  00011216    00000072     app_service.obj (.text:visualization)
                  00011288    0000006e     UsbIsr.obj (.text:PWRVBUSoffHandler)
                  000112f6    0000006e     usbConstructs.obj (.text:cdcSendDataInBackground)
                  00011364    0000006e     UsbCdc.obj (.text:usbGetLineCoding)
                  000113d2    0000006c     rts430x_lc_rd_eabi.lib : autoinit_wdt.obj (.text:_auto_init_hold_wdt)
                  0001143e    0000006a     usb.obj (.text:usbGetEndpointStatus)
                  000114a8    00000068     UsbCdc.obj (.text:Handler_SetLineCoding)
                  00011510    00000068     rts430x_lc_rd_eabi.lib : copy_decompress_rle.obj (.text:__TI_decompress_rle_core)
                  00011578    00000064     usbdma.obj (.text:memcpyDMA)
                  000115dc    00000062     dma.obj (.text:DMA_initialize)
                  0001163e    00000062     UsbIsr.obj (.text:PWRVBUSonHandler)
                  000116a0    00000058     Flash_driver.obj (.text:erase_flash)
                  000116f8    00000058     rts430x_lc_rd_eabi.lib : div32u.obj (.text)
                  00011750    00000052     app_service.obj (.text:transfer_data)
                  000117a2    00000052     usb.obj (.text:usbGetStringDescriptor)
                  000117f4    00000052     usb.obj (.text:usbSetEndpointFeature)
                  00011846    00000050     main.obj (.text:main)
                  00011896    0000004c     dma.obj (.text:DMA_init)
                  000118e2    0000004c     tlv.obj (.text:TLV_getInfo)
                  0001192e    0000004c     app_service.obj (.text:collect_data)
                  0001197a    0000004c     usb.obj (.text:usbReceiveNextPacketOnOEP0)
                  000119c6    0000004a     pmm.obj (.text:PMM_setVCore)
                  00011a10    0000004a     UsbIsr.obj (.text:SetupPacketInterruptHandler)
                  00011a5a    0000004a     usb.obj (.text:USB_setup)
                  00011aa4    00000046     usb.obj (.text:usbClearEndpointFeature)
                  00011aea    00000042     gpio.obj (.text:GPIO_setAsInputPinWithPullUpResistor)
                  00011b2c    00000042     app_service.obj (.text:create_header_frame)
                  00011b6e    00000040     ADS1292_driver.obj (.text:ADS1x9x_Reg_Read)
                  00011bae    00000040     ucs.obj (.text:UCS_XT2StartWithTimeout)
                  00011bee    00000040     usbdma.obj (.text:USB_initMemcpy)
                  00011c2e    0000003e     Flash_driver.obj (.text:flash_init)
                  00011c6c    0000003e     periph_config.obj (.text:initClocks)
                  00011caa    0000003e     rts430x_lc_rd_eabi.lib : lsl32.obj (.text:l_lsl_const)
                  00011ce8    0000003e                            : lsr32.obj (.text:l_lsr_const)
                  00011d26    00000038     UsbIsr.obj (.text:OEP0InterruptHandler)
                  00011d5e    00000034     usb.obj (.text:usbSetAddress)
                  00011d92    00000032     Flash_driver.obj (.text:Flash_ReadStatus)
                  00011dc4    00000032     ucs.obj (.text:UCS_initFLLSettle)
                  00011df6    00000032     usb.obj (.text:USB_connectionInfo)
                  00011e28    00000030     ADS1292_driver.obj (.text:Set_UCB0_SPI)
                  00011e58    00000030     usb.obj (.text:USB_suspend)
                  00011e88    00000030     usb.obj (.text:usbSetConfiguration)
                  00011eb8    0000002e     UsbCdc.obj (.text:CdcResetData)
                  00011ee6    0000002e     gpio.obj (.text:GPIO_interruptEdgeSelect)
                  00011f14    0000002c     usb.obj (.text:usbGetDeviceStatus)
                  00011f40    0000002a     ADS1292_driver.obj (.text:Set_GPIO)
                  00011f6a    00000028     dma.obj (.text:DMA_setDstAddress)
                  00011f92    00000028     Flash_driver.obj (.text:Flash_MT298G08AAAWP_init)
                  00011fba    00000028     gpio.obj (.text:GPIO_setAsOutputPin)
                  00011fe2    00000028     gpio.obj (.text:GPIO_setAsPeripheralModuleFunctionOutputPin)
                  0001200a    00000026     dma.obj (.text:DMA_setSrcAddress)
                  00012030    00000024     ADS1292_driver.obj (.text:ADS1x9x_Read_All_Regs)
                  00012054    00000024     Flash_driver.obj (.text:Flash_MT298G08AAAWP_Nand_Read)
                  00012078    00000024     ADS1292_driver.obj (.text:compare_reg_value)
                  0001209c    00000024     rts430x_lc_rd_eabi.lib : copy_zero_init.obj (.text:decompress:ZI:__TI_zero_init)
                  000120c0    00000024     usb.obj (.text:usbClearDeviceFeature)
                  000120e4    00000024     usb.obj (.text:usbSetDeviceFeature)
                  00012108    00000022     ADS1292_driver.obj (.text:ADS1x9x_Reg_Init)
                  0001212a    00000022     usb.obj (.text:USB_disable)
                  0001214c    00000020     usb.obj (.text:usbSendDataPacketOnEP0)
                  0001216c    0000001e     gpio.obj (.text:GPIO_clearInterruptFlag)
                  0001218a    0000001e     gpio.obj (.text:GPIO_enableInterrupt)
                  000121a8    0000001e     usb.obj (.text:usbGetInterface)
                  000121c6    0000001e     usb.obj (.text:usbGetInterfaceStatus)
                  000121e4    0000001c     ADS1292_driver.obj (.text:ADS1x9x_SPI_Command_Data)
                  00012200    0000001c     gpio.obj (.text:GPIO_getInterruptStatus)
                  0001221c    0000001c     gpio.obj (.text:GPIO_setOutputHighOnPin)
                  00012238    0000001c     gpio.obj (.text:GPIO_setOutputLowOnPin)
                  00012254    0000001c     UsbIsr.obj (.text:IEP0InterruptHandler)
                  00012270    0000001c     periph_config.obj (.text:interrupt_enable)
                  0001228c    0000001c     usbdma.obj (.text:memcpyV)
                  000122a8    0000001c     usb.obj (.text:usbDisableInEndpointInterrupt)
                  000122c4    0000001c     usb.obj (.text:usbDisableOutEndpointInterrupt)
                  000122e0    0000001a     UsbCdc.obj (.text:CdcIsReceiveInProgress)
                  000122fa    0000001a     Flash_driver.obj (.text:Flash_MT298G08AAAWP_Nand_Write)
                  00012314    0000001a     Flash_driver.obj (.text:Flash_MT298G08AAAWP_Nand_Write_Addr)
                  0001232e    0000001a     Flash_driver.obj (.text:Flash_MT298G08AAAWP_Nand_Write_Cmd)
                  00012348    0000001a     usb.obj (.text:USB_connect)
                  00012362    0000001a     wdt_a.obj (.text:WDT_A_hold)
                  0001237c    0000001a     usb.obj (.text:usbSetInterface)
                  00012396    00000018     usb.obj (.text:USB_resume)
                  000123ae    00000018     ADS1292_driver.obj (.text:disable_ADS1x9x_Conversion)
                  000123c6    00000018     ADS1292_driver.obj (.text:enable_ADS1x9x_Conversion)
                  000123de    00000016     rts430x_lc_rd_eabi.lib : memset.obj (.text:memset)
                  000123f4    00000016                            : div16u.obj (.text)
                  0001240a    00000016                            : mult16_f5hw.obj (.text)
                  00012420    00000016     usb.obj (.text:usbGetConfigurationDescriptor)
                  00012436    00000016     usb.obj (.text:usbGetDeviceDescriptor)
                  0001244c    00000014     usbEventHandling.obj (.text:USB_handleVbusOnEvent)
                  00012460    00000014     rts430x_lc_rd_eabi.lib : memcpy.obj (.text:memcpy)
                  00012474    00000014     usb.obj (.text:usbGetConfiguration)
                  00012488    00000014     usb.obj (.text:usbReceiveDataPacketOnEP0)
                  0001249c    00000014     UsbCdc.obj (.text:usbSetControlLineState)
                  000124b0    00000012     rts430x_lc_rd_eabi.lib : copy_decompress_none.obj (.text:decompress:none:__TI_decompress_none)
                  000124c2    00000012     usb.obj (.text:usbInvalidRequest)
                  000124d4    00000010     dma.obj (.text:DMA_disableTransfers)
                  000124e4    00000010     dma.obj (.text:DMA_enableTransfers)
                  000124f4    0000000e     ADS1292_driver.obj (.text:ADS1x9x_Reset)
                  00012502    0000000e     dma.obj (.text:DMA_getInterruptStatus)
                  00012510    0000000e     dma.obj (.text:DMA_startTransfer)
                  0001251e    0000000e     Flash_driver.obj (.text:clear_write_address)
                  0001252c    0000000e     usb.obj (.text:usbSendZeroLengthPacketOnIEP0)
                  0001253a    0000000c     dma.obj (.text:DMA_setTransferSize)
                  00012546    0000000c     rtc_a.obj (.text:RTC_A_startClock)
                  00012552    0000000c     UsbCdc.obj (.text:usbSetLineCoding)
                  0001255e    0000000a     usci_b_spi.obj (.text:USCI_B_SPI_getInterruptStatus)
                  00012568    0000000a     rts430x_lc_rd_eabi.lib : lsl16.obj (.text)
                  00012572    0000000a                            : lsr16.obj (.text)
                  0001257c    00000008     ucs.obj (.text:UCS_XT2Off)
                  00012584    00000008     usbEventHandling.obj (.text:USB_handleVbusOffEvent)
                  0001258c    00000006     dma.obj (.text:DMA_disableTransferDuringReadModifyWrite)
                  00012592    00000006     dma.obj (.text:DMA_enableTransferDuringReadModifyWrite)
                  00012598    00000006     sfr.obj (.text:SFR_clearInterrupt)
                  0001259e    00000006     ucs.obj (.text:UCS_clearFaultFlag)
                  000125a4    00000006     usb.obj (.text:USB_getVersion)
                  000125aa    00000006     app_service.obj (.text:app_get_flags)
                  000125b0    00000006     rts430x_lc_rd_eabi.lib : copy_decompress_rle.obj (.text:decompress:rle24:__TI_decompress_rle24)
                  000125b6    00000006     usb.obj (.text:usbRestoreInEndpointInterrupt)
                  000125bc    00000006     usb.obj (.text:usbRestoreOutEndpointInterrupt)
                  000125c2    00000004     usbEventHandling.obj (.text:USBCDC_handleDataReceived)
                  000125c6    00000004     usbEventHandling.obj (.text:USBCDC_handleReceiveCompleted)
                  000125ca    00000004     usbEventHandling.obj (.text:USBCDC_handleSendCompleted)
                  000125ce    00000004     usbEventHandling.obj (.text:USBCDC_handleSetControlLineState)
                  000125d2    00000004     usbEventHandling.obj (.text:USBCDC_handleSetLineCoding)
                  000125d6    00000004     usbEventHandling.obj (.text:USB_handleClockEvent)
                  000125da    00000004     usbEventHandling.obj (.text:USB_handleEnumCompleteEvent)
                  000125de    00000004     usbEventHandling.obj (.text:USB_handleResetEvent)
                  000125e2    00000004     usbEventHandling.obj (.text:USB_handleResumeEvent)
                  000125e6    00000004     usbEventHandling.obj (.text:USB_handleSuspendEvent)
                  000125ea    00000004     rts430x_lc_rd_eabi.lib : pre_init.obj (.text:_system_pre_init)
                  000125ee    00000004                            : exit.obj (.text:abort)


LINKER GENERATED COPY TABLES

__TI_cinit_table @ 00004916 records: 2, size/record: 8, table size: 16
	.data: load addr=000048e4, load size=00000020 bytes, run addr=000024a4, run size=0000004c bytes, compression=rle
	.bss: load addr=00004910, load size=00000006 bytes, run addr=00002400, run size=000000a4 bytes, compression=zero_init


LINKER GENERATED HANDLER TABLE

__TI_handler_table @ 00004904 records: 3, size/record: 4, table size: 12
	index: 0, handler: __TI_zero_init
	index: 1, handler: __TI_decompress_rle24
	index: 2, handler: __TI_decompress_none


GLOBAL SYMBOLS: SORTED ALPHABETICALLY BY Name 

address   name                                       
-------   ----                                       
00000700  ADC12CTL0                                  
00000701  ADC12CTL0_H                                
00000700  ADC12CTL0_L                                
00000702  ADC12CTL1                                  
00000703  ADC12CTL1_H                                
00000702  ADC12CTL1_L                                
00000704  ADC12CTL2                                  
00000705  ADC12CTL2_H                                
00000704  ADC12CTL2_L                                
0000070c  ADC12IE                                    
0000070d  ADC12IE_H                                  
0000070c  ADC12IE_L                                  
0000070a  ADC12IFG                                   
0000070b  ADC12IFG_H                                 
0000070a  ADC12IFG_L                                 
0000070e  ADC12IV                                    
0000070f  ADC12IV_H                                  
0000070e  ADC12IV_L                                  
00000710  ADC12MCTL0                                 
00000711  ADC12MCTL1                                 
0000071a  ADC12MCTL10                                
0000071b  ADC12MCTL11                                
0000071c  ADC12MCTL12                                
0000071d  ADC12MCTL13                                
0000071e  ADC12MCTL14                                
0000071f  ADC12MCTL15                                
00000712  ADC12MCTL2                                 
00000713  ADC12MCTL3                                 
00000714  ADC12MCTL4                                 
00000715  ADC12MCTL5                                 
00000716  ADC12MCTL6                                 
00000717  ADC12MCTL7                                 
00000718  ADC12MCTL8                                 
00000719  ADC12MCTL9                                 
00000720  ADC12MEM0                                  
00000721  ADC12MEM0_H                                
00000720  ADC12MEM0_L                                
00000722  ADC12MEM1                                  
00000734  ADC12MEM10                                 
00000735  ADC12MEM10_H                               
00000734  ADC12MEM10_L                               
00000736  ADC12MEM11                                 
00000737  ADC12MEM11_H                               
00000736  ADC12MEM11_L                               
00000738  ADC12MEM12                                 
00000739  ADC12MEM12_H                               
00000738  ADC12MEM12_L                               
0000073a  ADC12MEM13                                 
0000073b  ADC12MEM13_H                               
0000073a  ADC12MEM13_L                               
0000073c  ADC12MEM14                                 
0000073d  ADC12MEM14_H                               
0000073c  ADC12MEM14_L                               
0000073e  ADC12MEM15                                 
0000073f  ADC12MEM15_H                               
0000073e  ADC12MEM15_L                               
00000723  ADC12MEM1_H                                
00000722  ADC12MEM1_L                                
00000724  ADC12MEM2                                  
00000725  ADC12MEM2_H                                
00000724  ADC12MEM2_L                                
00000726  ADC12MEM3                                  
00000727  ADC12MEM3_H                                
00000726  ADC12MEM3_L                                
00000728  ADC12MEM4                                  
00000729  ADC12MEM4_H                                
00000728  ADC12MEM4_L                                
0000072a  ADC12MEM5                                  
0000072b  ADC12MEM5_H                                
0000072a  ADC12MEM5_L                                
0000072c  ADC12MEM6                                  
0000072d  ADC12MEM6_H                                
0000072c  ADC12MEM6_L                                
0000072e  ADC12MEM7                                  
0000072f  ADC12MEM7_H                                
0000072e  ADC12MEM7_L                                
00000730  ADC12MEM8                                  
00000731  ADC12MEM8_H                                
00000730  ADC12MEM8_L                                
00000732  ADC12MEM9                                  
00000733  ADC12MEM9_H                                
00000732  ADC12MEM9_L                                
00010000  ADS1x9x_Init                               
00012030  ADS1x9x_Read_All_Regs                      
00012108  ADS1x9x_Reg_Init                           
00011b6e  ADS1x9x_Reg_Read                           
00010b84  ADS1x9x_Reg_Write                          
000124f4  ADS1x9x_Reset                              
000121e4  ADS1x9x_SPI_Command_Data                   
000024a4  ADS_reg_val                                
000024b0  ADS_register_settings                      
000125ee  C$$EXIT                                    
000008c0  CBCTL0                                     
000008c1  CBCTL0_H                                   
000008c0  CBCTL0_L                                   
000008c2  CBCTL1                                     
000008c3  CBCTL1_H                                   
000008c2  CBCTL1_L                                   
000008c4  CBCTL2                                     
000008c5  CBCTL2_H                                   
000008c4  CBCTL2_L                                   
000008c6  CBCTL3                                     
000008c7  CBCTL3_H                                   
000008c6  CBCTL3_L                                   
000008cc  CBINT                                      
000008cd  CBINT_H                                    
000008cc  CBINT_L                                    
000008ce  CBIV                                       
00000150  CRCDI                                      
00000152  CRCDIRB                                    
00000153  CRCDIRB_H                                  
00000152  CRCDIRB_L                                  
00000151  CRCDI_H                                    
00000150  CRCDI_L                                    
00000154  CRCINIRES                                  
00000155  CRCINIRES_H                                
00000154  CRCINIRES_L                                
00000156  CRCRESR                                    
00000157  CRCRESR_H                                  
00000156  CRCRESR_L                                  
000122e0  CdcIsReceiveInProgress                     
00011eb8  CdcResetData                               
00010408  CdcToBufferFromHost                        
00010176  CdcToHostFromBuffer                        
000110b6  CopyUsbToBuff                              
00000510  DMA0CTL                                    
00000511  DMA0CTL_H                                  
00000510  DMA0CTL_L                                  
00000516  DMA0DA                                     
00000518  DMA0DAH                                    
00000516  DMA0DAL                                    
00000512  DMA0SA                                     
00000514  DMA0SAH                                    
00000512  DMA0SAL                                    
0000051a  DMA0SZ                                     
00000520  DMA1CTL                                    
00000521  DMA1CTL_H                                  
00000520  DMA1CTL_L                                  
00000526  DMA1DA                                     
00000528  DMA1DAH                                    
00000526  DMA1DAL                                    
00000522  DMA1SA                                     
00000524  DMA1SAH                                    
00000522  DMA1SAL                                    
0000052a  DMA1SZ                                     
00000530  DMA2CTL                                    
00000531  DMA2CTL_H                                  
00000530  DMA2CTL_L                                  
00000536  DMA2DA                                     
00000538  DMA2DAH                                    
00000536  DMA2DAL                                    
00000532  DMA2SA                                     
00000534  DMA2SAH                                    
00000532  DMA2SAL                                    
0000053a  DMA2SZ                                     
00000500  DMACTL0                                    
00000501  DMACTL0_H                                  
00000500  DMACTL0_L                                  
00000502  DMACTL1                                    
00000503  DMACTL1_H                                  
00000502  DMACTL1_L                                  
00000504  DMACTL2                                    
00000505  DMACTL2_H                                  
00000504  DMACTL2_L                                  
00000506  DMACTL3                                    
00000507  DMACTL3_H                                  
00000506  DMACTL3_L                                  
00000508  DMACTL4                                    
00000509  DMACTL4_H                                  
00000508  DMACTL4_L                                  
0000050e  DMAIV                                      
0000050f  DMAIV_H                                    
0000050e  DMAIV_L                                    
0001258c  DMA_disableTransferDuringReadModifyWrite   
000124d4  DMA_disableTransfers                       
00012592  DMA_enableTransferDuringReadModifyWrite    
000124e4  DMA_enableTransfers                        
00012502  DMA_getInterruptStatus                     
00011896  DMA_init                                   
000115dc  DMA_initialize                             
00011f6a  DMA_setDstAddress                          
0001200a  DMA_setSrcAddress                          
0001253a  DMA_setTransferSize                        
00012510  DMA_startTransfer                          
00000140  FCTL1                                      
00000141  FCTL1_H                                    
00000140  FCTL1_L                                    
00000144  FCTL3                                      
00000145  FCTL3_H                                    
00000144  FCTL3_L                                    
00000146  FCTL4                                      
00000147  FCTL4_H                                    
00000146  FCTL4_L                                    
00012054  Flash_MT298G08AAAWP_Nand_Read              
000122fa  Flash_MT298G08AAAWP_Nand_Write             
00012314  Flash_MT298G08AAAWP_Nand_Write_Addr        
0001232e  Flash_MT298G08AAAWP_Nand_Write_Cmd         
00011f92  Flash_MT298G08AAAWP_init                   
0001216c  GPIO_clearInterruptFlag                    
0001218a  GPIO_enableInterrupt                       
00012200  GPIO_getInterruptStatus                    
00011ee6  GPIO_interruptEdgeSelect                   
00011aea  GPIO_setAsInputPinWithPullUpResistor       
00011fba  GPIO_setAsOutputPin                        
00011fe2  GPIO_setAsPeripheralModuleFunctionOutputPin
0001221c  GPIO_setOutputHighOnPin                    
00012238  GPIO_setOutputLowOnPin                     
000114a8  Handler_SetLineCoding                      
00012254  IEP0InterruptHandler                       
000004c4  MAC                                        
000004da  MAC32H                                     
000004db  MAC32H_H                                   
000004da  MAC32H_L                                   
000004d8  MAC32L                                     
000004d9  MAC32L_H                                   
000004d8  MAC32L_L                                   
000004c6  MACS                                       
000004de  MACS32H                                    
000004df  MACS32H_H                                  
000004de  MACS32H_L                                  
000004dc  MACS32L                                    
000004dd  MACS32L_H                                  
000004dc  MACS32L_L                                  
000004c7  MACS_H                                     
000004c6  MACS_L                                     
000004c5  MAC_H                                      
000004c4  MAC_L                                      
000004c0  MPY                                        
000004ec  MPY32CTL0                                  
000004ed  MPY32CTL0_H                                
000004ec  MPY32CTL0_L                                
000004d2  MPY32H                                     
000004d3  MPY32H_H                                   
000004d2  MPY32H_L                                   
000004d0  MPY32L                                     
000004d1  MPY32L_H                                   
000004d0  MPY32L_L                                   
000004c2  MPYS                                       
000004d6  MPYS32H                                    
000004d7  MPYS32H_H                                  
000004d6  MPYS32H_L                                  
000004d4  MPYS32L                                    
000004d5  MPYS32L_H                                  
000004d4  MPYS32L_L                                  
000004c3  MPYS_H                                     
000004c2  MPYS_L                                     
000004c1  MPY_H                                      
000004c0  MPY_L                                      
00011d26  OEP0InterruptHandler                       
000004c8  OP2                                        
000004e2  OP2H                                       
000004e3  OP2H_H                                     
000004e2  OP2H_L                                     
000004e0  OP2L                                       
000004e1  OP2L_H                                     
000004e0  OP2L_L                                     
000004c9  OP2_H                                      
000004c8  OP2_L                                      
0000020e  P1IV                                       
0000021e  P2IV                                       
000001e0  P4MAP01                                    
000001e1  P4MAP01_H                                  
000001e0  P4MAP01_L                                  
000001e2  P4MAP23                                    
000001e3  P4MAP23_H                                  
000001e2  P4MAP23_L                                  
000001e4  P4MAP45                                    
000001e5  P4MAP45_H                                  
000001e4  P4MAP45_L                                  
000001e6  P4MAP67                                    
000001e7  P4MAP67_H                                  
000001e6  P4MAP67_L                                  
00000204  PADIR                                      
00000205  PADIR_H                                    
00000204  PADIR_L                                    
00000208  PADS                                       
00000209  PADS_H                                     
00000208  PADS_L                                     
0000021a  PAIE                                       
00000218  PAIES                                      
00000219  PAIES_H                                    
00000218  PAIES_L                                    
0000021b  PAIE_H                                     
0000021a  PAIE_L                                     
0000021c  PAIFG                                      
0000021d  PAIFG_H                                    
0000021c  PAIFG_L                                    
00000200  PAIN                                       
00000201  PAIN_H                                     
00000200  PAIN_L                                     
00000202  PAOUT                                      
00000203  PAOUT_H                                    
00000202  PAOUT_L                                    
00000206  PAREN                                      
00000207  PAREN_H                                    
00000206  PAREN_L                                    
0000020a  PASEL                                      
0000020b  PASEL_H                                    
0000020a  PASEL_L                                    
00000224  PBDIR                                      
00000225  PBDIR_H                                    
00000224  PBDIR_L                                    
00000228  PBDS                                       
00000229  PBDS_H                                     
00000228  PBDS_L                                     
00000220  PBIN                                       
00000221  PBIN_H                                     
00000220  PBIN_L                                     
00000222  PBOUT                                      
00000223  PBOUT_H                                    
00000222  PBOUT_L                                    
00000226  PBREN                                      
00000227  PBREN_H                                    
00000226  PBREN_L                                    
0000022a  PBSEL                                      
0000022b  PBSEL_H                                    
0000022a  PBSEL_L                                    
00000244  PCDIR                                      
00000245  PCDIR_H                                    
00000244  PCDIR_L                                    
00000248  PCDS                                       
00000249  PCDS_H                                     
00000248  PCDS_L                                     
00000240  PCIN                                       
00000241  PCIN_H                                     
00000240  PCIN_L                                     
00000242  PCOUT                                      
00000243  PCOUT_H                                    
00000242  PCOUT_L                                    
00000246  PCREN                                      
00000247  PCREN_H                                    
00000246  PCREN_L                                    
0000024a  PCSEL                                      
0000024b  PCSEL_H                                    
0000024a  PCSEL_L                                    
00000264  PDDIR                                      
00000265  PDDIR_H                                    
00000264  PDDIR_L                                    
00000268  PDDS                                       
00000269  PDDS_H                                     
00000268  PDDS_L                                     
00000260  PDIN                                       
00000261  PDIN_H                                     
00000260  PDIN_L                                     
00000262  PDOUT                                      
00000263  PDOUT_H                                    
00000262  PDOUT_L                                    
00000266  PDREN                                      
00000267  PDREN_H                                    
00000266  PDREN_L                                    
0000026a  PDSEL                                      
0000026b  PDSEL_H                                    
0000026a  PDSEL_L                                    
00000324  PJDIR                                      
00000325  PJDIR_H                                    
00000324  PJDIR_L                                    
00000328  PJDS                                       
00000329  PJDS_H                                     
00000328  PJDS_L                                     
00000320  PJIN                                       
00000321  PJIN_H                                     
00000320  PJIN_L                                     
00000322  PJOUT                                      
00000323  PJOUT_H                                    
00000322  PJOUT_L                                    
00000326  PJREN                                      
00000327  PJREN_H                                    
00000326  PJREN_L                                    
00000130  PM5CTL0                                    
00000131  PM5CTL0_H                                  
00000130  PM5CTL0_L                                  
000001c2  PMAPCTL                                    
000001c3  PMAPCTL_H                                  
000001c2  PMAPCTL_L                                  
000001c0  PMAPKEYID                                  
000001c1  PMAPKEYID_H                                
000001c0  PMAPKEYID_L                                
00000120  PMMCTL0                                    
00000121  PMMCTL0_H                                  
00000120  PMMCTL0_L                                  
00000122  PMMCTL1                                    
00000123  PMMCTL1_H                                  
00000122  PMMCTL1_L                                  
0000012c  PMMIFG                                     
0000012d  PMMIFG_H                                   
0000012c  PMMIFG_L                                   
0000012e  PMMRIE                                     
0000012f  PMMRIE_H                                   
0000012e  PMMRIE_L                                   
000119c6  PMM_setVCore                               
00010cee  PMM_setVCoreDown                           
000107aa  PMM_setVCoreUp                             
00011288  PWRVBUSoffHandler                          
0001163e  PWRVBUSonHandler                           
0000452a  Port_1                                     
00000158  RCCTL0                                     
00000159  RCCTL0_H                                   
00000158  RCCTL0_L                                   
000001b0  REFCTL0                                    
000001b1  REFCTL0_H                                  
000001b0  REFCTL0_L                                  
000004e4  RES0                                       
000004e5  RES0_H                                     
000004e4  RES0_L                                     
000004e6  RES1                                       
000004e7  RES1_H                                     
000004e6  RES1_L                                     
000004e8  RES2                                       
000004e9  RES2_H                                     
000004e8  RES2_L                                     
000004ea  RES3                                       
000004eb  RES3_H                                     
000004ea  RES3_L                                     
000004cc  RESHI                                      
000004cd  RESHI_H                                    
000004cc  RESHI_L                                    
000004ca  RESLO                                      
000004cb  RESLO_H                                    
000004ca  RESLO_L                                    
000004ba  RTCADOWDAY                                 
000004bb  RTCADOWDAY_H                               
000004ba  RTCADOWDAY_L                               
000004b8  RTCAMINHR                                  
000004b9  RTCAMINHR_H                                
000004b8  RTCAMINHR_L                                
000004a0  RTCCTL01                                   
000004a1  RTCCTL01_H                                 
000004a0  RTCCTL01_L                                 
000004a2  RTCCTL23                                   
000004a3  RTCCTL23_H                                 
000004a2  RTCCTL23_L                                 
000004b4  RTCDATE                                    
000004b5  RTCDATE_H                                  
000004b4  RTCDATE_L                                  
000004ae  RTCIV                                      
000004ac  RTCPS                                      
000004a8  RTCPS0CTL                                  
000004a9  RTCPS0CTL_H                                
000004a8  RTCPS0CTL_L                                
000004aa  RTCPS1CTL                                  
000004ab  RTCPS1CTL_H                                
000004aa  RTCPS1CTL_L                                
000004ad  RTCPS_H                                    
000004ac  RTCPS_L                                    
000004b0  RTCTIM0                                    
000004b1  RTCTIM0_H                                  
000004b0  RTCTIM0_L                                  
000004b2  RTCTIM1                                    
000004b3  RTCTIM1_H                                  
000004b2  RTCTIM1_L                                  
000004b6  RTCYEAR                                    
000004b7  RTCYEAR_H                                  
000004b6  RTCYEAR_L                                  
0001112c  RTC_A_calendarInit                         
00010d82  RTC_A_getCalendarTime                      
00012546  RTC_A_startClock                           
0000247a  Read_Flash_Address                         
00000100  SFRIE1                                     
00000101  SFRIE1_H                                   
00000100  SFRIE1_L                                   
00000102  SFRIFG1                                    
00000103  SFRIFG1_H                                  
00000102  SFRIFG1_L                                  
00000104  SFRRPCR                                    
00000105  SFRRPCR_H                                  
00000104  SFRRPCR_L                                  
00012598  SFR_clearInterrupt                         
00002448  SPI_Tx_buf                                 
000004ce  SUMEXT                                     
000004cf  SUMEXT_H                                   
000004ce  SUMEXT_L                                   
00000124  SVSMHCTL                                   
00000125  SVSMHCTL_H                                 
00000124  SVSMHCTL_L                                 
00000128  SVSMIO                                     
00000129  SVSMIO_H                                   
00000128  SVSMIO_L                                   
00000126  SVSMLCTL                                   
00000127  SVSMLCTL_H                                 
00000126  SVSMLCTL_L                                 
00000198  SYSBERRIV                                  
00000199  SYSBERRIV_H                                
00000198  SYSBERRIV_L                                
00000182  SYSBSLC                                    
00000183  SYSBSLC_H                                  
00000182  SYSBSLC_L                                  
00000180  SYSCTL                                     
00000181  SYSCTL_H                                   
00000180  SYSCTL_L                                   
00000186  SYSJMBC                                    
00000187  SYSJMBC_H                                  
00000186  SYSJMBC_L                                  
00000188  SYSJMBI0                                   
00000189  SYSJMBI0_H                                 
00000188  SYSJMBI0_L                                 
0000018a  SYSJMBI1                                   
0000018b  SYSJMBI1_H                                 
0000018a  SYSJMBI1_L                                 
0000018c  SYSJMBO0                                   
0000018d  SYSJMBO0_H                                 
0000018c  SYSJMBO0_L                                 
0000018e  SYSJMBO1                                   
0000018f  SYSJMBO1_H                                 
0000018e  SYSJMBO1_L                                 
0000019e  SYSRSTIV                                   
0000019f  SYSRSTIV_H                                 
0000019e  SYSRSTIV_L                                 
0000019c  SYSSNIV                                    
0000019d  SYSSNIV_H                                  
0000019c  SYSSNIV_L                                  
0000019a  SYSUNIV                                    
0000019b  SYSUNIV_H                                  
0000019a  SYSUNIV_L                                  
00011f40  Set_GPIO                                   
00011e28  Set_UCB0_SPI                               
00011a10  SetupPacketInterruptHandler                
00000352  TA0CCR0                                    
00000354  TA0CCR1                                    
00000356  TA0CCR2                                    
00000358  TA0CCR3                                    
0000035a  TA0CCR4                                    
00000342  TA0CCTL0                                   
00000344  TA0CCTL1                                   
00000346  TA0CCTL2                                   
00000348  TA0CCTL3                                   
0000034a  TA0CCTL4                                   
00000340  TA0CTL                                     
00000360  TA0EX0                                     
0000036e  TA0IV                                      
00000350  TA0R                                       
00000392  TA1CCR0                                    
00000394  TA1CCR1                                    
00000396  TA1CCR2                                    
00000382  TA1CCTL0                                   
00000384  TA1CCTL1                                   
00000386  TA1CCTL2                                   
00000380  TA1CTL                                     
000003a0  TA1EX0                                     
000003ae  TA1IV                                      
00000390  TA1R                                       
00000412  TA2CCR0                                    
00000414  TA2CCR1                                    
00000416  TA2CCR2                                    
00000402  TA2CCTL0                                   
00000404  TA2CCTL1                                   
00000406  TA2CCTL2                                   
00000400  TA2CTL                                     
00000420  TA2EX0                                     
0000042e  TA2IV                                      
00000410  TA2R                                       
000003d2  TB0CCR0                                    
000003d4  TB0CCR1                                    
000003d6  TB0CCR2                                    
000003d8  TB0CCR3                                    
000003da  TB0CCR4                                    
000003dc  TB0CCR5                                    
000003de  TB0CCR6                                    
000003c2  TB0CCTL0                                   
000003c4  TB0CCTL1                                   
000003c6  TB0CCTL2                                   
000003c8  TB0CCTL3                                   
000003ca  TB0CCTL4                                   
000003cc  TB0CCTL5                                   
000003ce  TB0CCTL6                                   
000003c0  TB0CTL                                     
000003e0  TB0EX0                                     
000003ee  TB0IV                                      
000003d0  TB0R                                       
000118e2  TLV_getInfo                                
000005d0  UCA0ABCTL                                  
000005c6  UCA0BRW                                    
000005c7  UCA0BRW_H                                  
000005c6  UCA0BRW_L                                  
000005c0  UCA0CTLW0                                  
000005c1  UCA0CTLW0_H                                
000005c0  UCA0CTLW0_L                                
000005dc  UCA0ICTL                                   
000005dd  UCA0ICTL_H                                 
000005dc  UCA0ICTL_L                                 
000005d2  UCA0IRCTL                                  
000005d3  UCA0IRCTL_H                                
000005d2  UCA0IRCTL_L                                
000005de  UCA0IV                                     
000005c8  UCA0MCTL                                   
000005cc  UCA0RXBUF                                  
000005ca  UCA0STAT                                   
000005ce  UCA0TXBUF                                  
00000610  UCA1ABCTL                                  
00000606  UCA1BRW                                    
00000607  UCA1BRW_H                                  
00000606  UCA1BRW_L                                  
00000600  UCA1CTLW0                                  
00000601  UCA1CTLW0_H                                
00000600  UCA1CTLW0_L                                
0000061c  UCA1ICTL                                   
0000061d  UCA1ICTL_H                                 
0000061c  UCA1ICTL_L                                 
00000612  UCA1IRCTL                                  
00000613  UCA1IRCTL_H                                
00000612  UCA1IRCTL_L                                
0000061e  UCA1IV                                     
00000608  UCA1MCTL                                   
0000060c  UCA1RXBUF                                  
0000060a  UCA1STAT                                   
0000060e  UCA1TXBUF                                  
000005e6  UCB0BRW                                    
000005e7  UCB0BRW_H                                  
000005e6  UCB0BRW_L                                  
000005e0  UCB0CTLW0                                  
000005e1  UCB0CTLW0_H                                
000005e0  UCB0CTLW0_L                                
000005f0  UCB0I2COA                                  
000005f1  UCB0I2COA_H                                
000005f0  UCB0I2COA_L                                
000005f2  UCB0I2CSA                                  
000005f3  UCB0I2CSA_H                                
000005f2  UCB0I2CSA_L                                
000005fc  UCB0ICTL                                   
000005fd  UCB0ICTL_H                                 
000005fc  UCB0ICTL_L                                 
000005fe  UCB0IV                                     
000005ec  UCB0RXBUF                                  
000005ea  UCB0STAT                                   
000005ee  UCB0TXBUF                                  
00000626  UCB1BRW                                    
00000627  UCB1BRW_H                                  
00000626  UCB1BRW_L                                  
00000620  UCB1CTLW0                                  
00000621  UCB1CTLW0_H                                
00000620  UCB1CTLW0_L                                
00000630  UCB1I2COA                                  
00000631  UCB1I2COA_H                                
00000630  UCB1I2COA_L                                
00000632  UCB1I2CSA                                  
00000633  UCB1I2CSA_H                                
00000632  UCB1I2CSA_L                                
0000063c  UCB1ICTL                                   
0000063d  UCB1ICTL_H                                 
0000063c  UCB1ICTL_L                                 
0000063e  UCB1IV                                     
0000062c  UCB1RXBUF                                  
0000062a  UCB1STAT                                   
0000062e  UCB1TXBUF                                  
00000160  UCSCTL0                                    
00000161  UCSCTL0_H                                  
00000160  UCSCTL0_L                                  
00000162  UCSCTL1                                    
00000163  UCSCTL1_H                                  
00000162  UCSCTL1_L                                  
00000164  UCSCTL2                                    
00000165  UCSCTL2_H                                  
00000164  UCSCTL2_L                                  
00000166  UCSCTL3                                    
00000167  UCSCTL3_H                                  
00000166  UCSCTL3_L                                  
00000168  UCSCTL4                                    
00000169  UCSCTL4_H                                  
00000168  UCSCTL4_L                                  
0000016a  UCSCTL5                                    
0000016b  UCSCTL5_H                                  
0000016a  UCSCTL5_L                                  
0000016c  UCSCTL6                                    
0000016d  UCSCTL6_H                                  
0000016c  UCSCTL6_L                                  
0000016e  UCSCTL7                                    
0000016f  UCSCTL7_H                                  
0000016e  UCSCTL7_L                                  
00000170  UCSCTL8                                    
00000171  UCSCTL8_H                                  
00000170  UCSCTL8_L                                  
0001257c  UCS_XT2Off                                 
00011bae  UCS_XT2StartWithTimeout                    
0001259e  UCS_clearFaultFlag                         
00010ea4  UCS_clockSignalInit                        
0001051c  UCS_initFLL                                
00011dc4  UCS_initFLLSettle                          
00004642  UNMI_ISR                                   
00010e16  USBCDC_bytesInUSBBuffer                    
000125c2  USBCDC_handleDataReceived                  
000125c6  USBCDC_handleReceiveCompleted              
000125ca  USBCDC_handleSendCompleted                 
000125ce  USBCDC_handleSetControlLineState           
000125d2  USBCDC_handleSetLineCoding                 
00010ac4  USBCDC_intfStatus                          
0001103c  USBCDC_sendData                            
00000902  USBCNF                                     
00000903  USBCNF_H                                   
00000902  USBCNF_L                                   
0000093c  USBCTL                                     
0000093a  USBFN                                      
0000093b  USBFN_H                                    
0000093a  USBFN_L                                    
0000093f  USBFUNADR                                  
0000093d  USBIE                                      
00002378  USBIEP0BUF                                 
000023c9  USBIEPBBAX_1                               
000023d1  USBIEPBBAX_2                               
000023d9  USBIEPBBAX_3                               
000023e1  USBIEPBBAX_4                               
000023e9  USBIEPBBAX_5                               
000023f1  USBIEPBBAX_6                               
000023f9  USBIEPBBAX_7                               
000023cd  USBIEPBBAY_1                               
000023d5  USBIEPBBAY_2                               
000023dd  USBIEPBBAY_3                               
000023e5  USBIEPBBAY_4                               
000023ed  USBIEPBBAY_5                               
000023f5  USBIEPBBAY_6                               
000023fd  USBIEPBBAY_7                               
000023ca  USBIEPBCTX_1                               
000023d2  USBIEPBCTX_2                               
000023da  USBIEPBCTX_3                               
000023e2  USBIEPBCTX_4                               
000023ea  USBIEPBCTX_5                               
000023f2  USBIEPBCTX_6                               
000023fa  USBIEPBCTX_7                               
000023ce  USBIEPBCTY_1                               
000023d6  USBIEPBCTY_2                               
000023de  USBIEPBCTY_3                               
000023e6  USBIEPBCTY_4                               
000023ee  USBIEPBCTY_5                               
000023f6  USBIEPBCTY_6                               
000023fe  USBIEPBCTY_7                               
00000920  USBIEPCNF_0                                
000023c8  USBIEPCNF_1                                
000023d0  USBIEPCNF_2                                
000023d8  USBIEPCNF_3                                
000023e0  USBIEPCNF_4                                
000023e8  USBIEPCNF_5                                
000023f0  USBIEPCNF_6                                
000023f8  USBIEPCNF_7                                
00000921  USBIEPCNT_0                                
0000092e  USBIEPIE                                   
00000930  USBIEPIFG                                  
000023cf  USBIEPSIZXY_1                              
000023d7  USBIEPSIZXY_2                              
000023df  USBIEPSIZXY_3                              
000023e7  USBIEPSIZXY_4                              
000023ef  USBIEPSIZXY_5                              
000023f7  USBIEPSIZXY_6                              
000023ff  USBIEPSIZXY_7                              
0000093e  USBIFG                                     
00000900  USBKEYID                                   
00000901  USBKEYID_H                                 
00000900  USBKEYID_L                                 
00000936  USBMAINT                                   
00000937  USBMAINT_H                                 
00000936  USBMAINT_L                                 
00002370  USBOEP0BUF                                 
00002389  USBOEPBBAX_1                               
00002391  USBOEPBBAX_2                               
00002399  USBOEPBBAX_3                               
000023a1  USBOEPBBAX_4                               
000023a9  USBOEPBBAX_5                               
000023b1  USBOEPBBAX_6                               
000023b9  USBOEPBBAX_7                               
0000238d  USBOEPBBAY_1                               
00002395  USBOEPBBAY_2                               
0000239d  USBOEPBBAY_3                               
000023a5  USBOEPBBAY_4                               
000023ad  USBOEPBBAY_5                               
000023b5  USBOEPBBAY_6                               
000023bd  USBOEPBBAY_7                               
0000238a  USBOEPBCTX_1                               
00002392  USBOEPBCTX_2                               
0000239a  USBOEPBCTX_3                               
000023a2  USBOEPBCTX_4                               
000023aa  USBOEPBCTX_5                               
000023b2  USBOEPBCTX_6                               
000023ba  USBOEPBCTX_7                               
0000238e  USBOEPBCTY_1                               
00002396  USBOEPBCTY_2                               
0000239e  USBOEPBCTY_3                               
000023a6  USBOEPBCTY_4                               
000023ae  USBOEPBCTY_5                               
000023b6  USBOEPBCTY_6                               
000023be  USBOEPBCTY_7                               
00000922  USBOEPCNF_0                                
00002388  USBOEPCNF_1                                
00002390  USBOEPCNF_2                                
00002398  USBOEPCNF_3                                
000023a0  USBOEPCNF_4                                
000023a8  USBOEPCNF_5                                
000023b0  USBOEPCNF_6                                
000023b8  USBOEPCNF_7                                
00000923  USBOEPCNT_0                                
0000092f  USBOEPIE                                   
00000931  USBOEPIFG                                  
0000238f  USBOEPSIZXY_1                              
00002397  USBOEPSIZXY_2                              
0000239f  USBOEPSIZXY_3                              
000023a7  USBOEPSIZXY_4                              
000023af  USBOEPSIZXY_5                              
000023b7  USBOEPSIZXY_6                              
000023bf  USBOEPSIZXY_7                              
00000904  USBPHYCTL                                  
00000905  USBPHYCTL_H                                
00000904  USBPHYCTL_L                                
00000910  USBPLLCTL                                  
00000911  USBPLLCTL_H                                
00000910  USBPLLCTL_L                                
00000912  USBPLLDIVB                                 
00000913  USBPLLDIVB_H                               
00000912  USBPLLDIVB_L                               
00000914  USBPLLIR                                   
00000915  USBPLLIR_H                                 
00000914  USBPLLIR_L                                 
00000908  USBPWRCTL                                  
00000909  USBPWRCTL_H                                
00000908  USBPWRCTL_L                                
00001c00  USBSTABUFF                                 
00002380  USBSUBLK                                   
0000236f  USBTOPBUFF                                 
00000938  USBTSREG                                   
00000939  USBTSREG_H                                 
00000938  USBTSREG_L                                 
00000932  USBVECINT                                  
00000933  USBVECINT_H                                
00000932  USBVECINT_L                                
00010878  USB_InitSerialStringDescriptor             
00002486  USB_RX_memcpy                              
0000248a  USB_TX_memcpy                              
00012348  USB_connect                                
00011df6  USB_connectionInfo                         
00010c40  USB_determineFreq                          
0001212a  USB_disable                                
000106d8  USB_enable                                 
000125a4  USB_getVersion                             
000125d6  USB_handleClockEvent                       
000125da  USB_handleEnumCompleteEvent                
000125de  USB_handleResetEvent                       
000125e2  USB_handleResumeEvent                      
000125e6  USB_handleSuspendEvent                     
00012584  USB_handleVbusOffEvent                     
0001244c  USB_handleVbusOnEvent                      
00010f2c  USB_init                                   
00011bee  USB_initMemcpy                             
000102ca  USB_reset                                  
00012396  USB_resume                                 
00011a5a  USB_setup                                  
00011e58  USB_suspend                                
000045fc  USCI_B0_ISR                                
0001255e  USCI_B_SPI_getInterruptStatus              
000024da  VERSION                                    
0000015c  WDTCTL                                     
0000015d  WDTCTL_H                                   
0000015c  WDTCTL_L                                   
00012362  WDT_A_hold                                 
00002480  Write_Flash_Address                        
00004400  __STACK_END                                
000000a0  __STACK_SIZE                               
00004916  __TI_CINIT_Base                            
00004926  __TI_CINIT_Limit                           
00004904  __TI_Handler_Table_Base                    
00004910  __TI_Handler_Table_Limit                   
UNDEFED   __TI_INITARRAY_Base                        
UNDEFED   __TI_INITARRAY_Limit                       
0000469a  __TI_ISR_TRAP                              
000124b0  __TI_decompress_none                       
000125b0  __TI_decompress_rle24                      
0000ffd2  __TI_int41                                 
0000ffd4  __TI_int42                                 
0000ffd6  __TI_int43                                 
0000ffd8  __TI_int44                                 
0000ffda  __TI_int45                                 
0000ffdc  __TI_int46                                 
0000ffde  __TI_int47                                 
0000ffe0  __TI_int48                                 
0000ffe2  __TI_int49                                 
0000ffe4  __TI_int50                                 
0000ffe6  __TI_int51                                 
0000ffe8  __TI_int52                                 
0000ffea  __TI_int53                                 
0000ffec  __TI_int54                                 
0000ffee  __TI_int55                                 
0000fff0  __TI_int56                                 
0000fff2  __TI_int57                                 
0000fff4  __TI_int58                                 
0000fff6  __TI_int59                                 
0000fff8  __TI_int60                                 
0000fffa  __TI_int61                                 
0000fffc  __TI_int62                                 
0001209c  __TI_zero_init                             
ffffffff  __binit__                                  
ffffffff  __c_args__                                 
000123f4  __mspabi_divu                              
000116f8  __mspabi_divul                             
0001240a  __mspabi_mpyi_f5hw                         
000123f4  __mspabi_remu                              
000116f8  __mspabi_remul                             
00012568  __mspabi_slli                              
00011ce2  __mspabi_slll_1                            
00011cbe  __mspabi_slll_10                           
00011cba  __mspabi_slll_11                           
00011cb6  __mspabi_slll_12                           
00011cb2  __mspabi_slll_13                           
00011cae  __mspabi_slll_14                           
00011caa  __mspabi_slll_15                           
00011cde  __mspabi_slll_2                            
00011cda  __mspabi_slll_3                            
00011cd6  __mspabi_slll_4                            
00011cd2  __mspabi_slll_5                            
00011cce  __mspabi_slll_6                            
00011cca  __mspabi_slll_7                            
00011cc6  __mspabi_slll_8                            
00011cc2  __mspabi_slll_9                            
00012572  __mspabi_srli                              
00011d20  __mspabi_srll_1                            
00011cfc  __mspabi_srll_10                           
00011cf8  __mspabi_srll_11                           
00011cf4  __mspabi_srll_12                           
00011cf0  __mspabi_srll_13                           
00011cec  __mspabi_srll_14                           
00011ce8  __mspabi_srll_15                           
00011d1c  __mspabi_srll_2                            
00011d18  __mspabi_srll_3                            
00011d14  __mspabi_srll_4                            
00011d10  __mspabi_srll_5                            
00011d0c  __mspabi_srll_6                            
00011d08  __mspabi_srll_7                            
00011d04  __mspabi_srll_8                            
00011d00  __mspabi_srll_9                            
000113d2  _auto_init_hold_wdt                        
00004680  _c_int00_noargs_noexit                     
0000fffe  _reset_vector                              
00004360  _stack                                     
000125ea  _system_pre_init                           
00002378  abIEP0Buffer                               
00002370  abOEP0Buffer                               
0000245a  abUsbRequestIncomingData                   
00002462  abUsbRequestReturnData                     
000125ee  abort                                      
00002400  abramSerialStringDescriptor                
00004838  abromConfigurationDescriptorGroup          
000048b8  abromDeviceDescriptor                      
000047aa  abromStringDescriptor                      
000125aa  app_get_flags                              
000024d8  bEnumerationStatus                         
000024d7  bFunctionSuspended                         
000024a3  bStatusAction                              
ffffffff  binit                                      
000112f6  cdcSendDataInBackground                    
0001251e  clear_write_address                        
0001192e  collect_data                               
00011b2c  create_header_frame                        
[...]
00002000  pbXBufferAddressEp5                        
00002040  pbYBufferAddressEp5                        
00002080  pbXBufferAddressEp85                       
000020c0  pbYBufferAddressEp85                       
00002100  pbXBufferAddressEp6                        
00002140  pbYBufferAddressEp6                        
00002180  pbXBufferAddressEp86                       
000021c0  pbYBufferAddressEp86                       
00002200  pbXBufferAddressEp7                        
00002240  pbYBufferAddressEp7                        
00002280  pbXBufferAddressEp87                       
000022c0  pbYBufferAddressEp87                       
0000236f  USBTOPBUFF                                 
00002370  USBOEP0BUF                                 
00002370  abOEP0Buffer                               
00002378  USBIEP0BUF                                 
00002378  abIEP0Buffer                               
00002380  USBSUBLK                                   
00002380  tSetupPacket                               
00002388  USBOEPCNF_1                                
00002388  tOutputEndPointDescriptorBlock             
00002389  USBOEPBBAX_1                               
0000238a  USBOEPBCTX_1                               
0000238d  USBOEPBBAY_1                               
0000238e  USBOEPBCTY_1                               
0000238f  USBOEPSIZXY_1                              
00002390  USBOEPCNF_2                                
00002391  USBOEPBBAX_2                               
00002392  USBOEPBCTX_2                               
00002395  USBOEPBBAY_2                               
00002396  USBOEPBCTY_2                               
00002397  USBOEPSIZXY_2                              
00002398  USBOEPCNF_3                                
00002399  USBOEPBBAX_3                               
0000239a  USBOEPBCTX_3                               
0000239d  USBOEPBBAY_3                               
0000239e  USBOEPBCTY_3                               
0000239f  USBOEPSIZXY_3                              
000023a0  USBOEPCNF_4                                
000023a1  USBOEPBBAX_4                               
000023a2  USBOEPBCTX_4                               
000023a5  USBOEPBBAY_4                               
000023a6  USBOEPBCTY_4                               
000023a7  USBOEPSIZXY_4                              
000023a8  USBOEPCNF_5                                
000023a9  USBOEPBBAX_5                               
000023aa  USBOEPBCTX_5                               
000023ad  USBOEPBBAY_5                               
000023ae  USBOEPBCTY_5                               
000023af  USBOEPSIZXY_5                              
000023b0  USBOEPCNF_6                                
000023b1  USBOEPBBAX_6                               
000023b2  USBOEPBCTX_6                               
000023b5  USBOEPBBAY_6                               
000023b6  USBOEPBCTY_6                               
000023b7  USBOEPSIZXY_6                              
000023b8  USBOEPCNF_7                                
000023b9  USBOEPBBAX_7                               
000023ba  USBOEPBCTX_7                               
000023bd  USBOEPBBAY_7                               
000023be  USBOEPBCTY_7                               
000023bf  USBOEPSIZXY_7                              
000023c8  USBIEPCNF_1                                
000023c8  tInputEndPointDescriptorBlock              
000023c9  USBIEPBBAX_1                               
000023ca  USBIEPBCTX_1                               
000023cd  USBIEPBBAY_1                               
000023ce  USBIEPBCTY_1                               
000023cf  USBIEPSIZXY_1                              
000023d0  USBIEPCNF_2                                
000023d1  USBIEPBBAX_2                               
000023d2  USBIEPBCTX_2                               
000023d5  USBIEPBBAY_2                               
000023d6  USBIEPBCTY_2                               
000023d7  USBIEPSIZXY_2                              
000023d8  USBIEPCNF_3                                
000023d9  USBIEPBBAX_3                               
000023da  USBIEPBCTX_3                               
000023dd  USBIEPBBAY_3                               
000023de  USBIEPBCTY_3                               
000023df  USBIEPSIZXY_3                              
000023e0  USBIEPCNF_4                                
000023e1  USBIEPBBAX_4                               
000023e2  USBIEPBCTX_4                               
000023e5  USBIEPBBAY_4                               
000023e6  USBIEPBCTY_4                               
000023e7  USBIEPSIZXY_4                              
000023e8  USBIEPCNF_5                                
000023e9  USBIEPBBAX_5                               
000023ea  USBIEPBCTX_5                               
000023ed  USBIEPBBAY_5                               
000023ee  USBIEPBCTY_5                               
000023ef  USBIEPSIZXY_5                              
000023f0  USBIEPCNF_6                                
000023f1  USBIEPBBAX_6                               
000023f2  USBIEPBCTX_6                               
000023f5  USBIEPBBAY_6                               
000023f6  USBIEPBCTY_6                               
000023f7  USBIEPSIZXY_6                              
000023f8  USBIEPCNF_7                                
000023f9  USBIEPBBAX_7                               
000023fa  USBIEPBCTX_7                               
000023fd  USBIEPBBAY_7                               
000023fe  USBIEPBCTY_7                               
000023ff  USBIEPSIZXY_7                              
00002400  abramSerialStringDescriptor                
00002448  SPI_Tx_buf                                 
0000245a  abUsbRequestIncomingData                   
00002462  abUsbRequestReturnData                     
0000246a  my_calendar                                
00002472  time_data                                  
0000247a  Read_Flash_Address                         
00002480  Write_Flash_Address                        
00002486  USB_RX_memcpy                              
0000248a  USB_TX_memcpy                              
0000248e  flags                                      
0000249a  wBytesRemainingOnIEP0                      
0000249c  wBytesRemainingOnOEP0                      
0000249e  wUsbEventMask                              
000024a3  bStatusAction                              
000024a4  ADS_reg_val                                
000024b0  ADS_register_settings                      
000024bc  send_frame                                 
000024c6  data_frame                                 
000024ce  read_frame                                 
000024d7  bFunctionSuspended                         
000024d8  bEnumerationStatus                         
000024da  VERSION                                    
000024de  spi_rx_buf                                 
000024e4  test_counter                               
000024e8  sample_counter                             
000024ea  data_check                                 
000024ed  run_key_state                              
000024ee  stream_key_state                           
000024ef  spi_rx_count                               
00004360  _stack                                     
00004400  __STACK_END                                
00004400  iUsbInterruptHandler                       
0000452a  Port_1                                     
000045fc  USCI_B0_ISR                                
00004642  UNMI_ISR                                   
00004680  _c_int00_noargs_noexit                     
0000469a  __TI_ISR_TRAP                              
000046a0  tUsbRequestList                            
000047aa  abromStringDescriptor                      
00004838  abromConfigurationDescriptorGroup          
000048b8  abromDeviceDescriptor                      
000048ca  stUsbHandle                                
00004904  __TI_Handler_Table_Base                    
00004910  __TI_Handler_Table_Limit                   
00004916  __TI_CINIT_Base                            
00004926  __TI_CINIT_Limit                           
0000ffd2  __TI_int41                                 
0000ffd4  __TI_int42                                 
0000ffd6  __TI_int43                                 
0000ffd8  __TI_int44                                 
0000ffda  __TI_int45                                 
0000ffdc  __TI_int46                                 
0000ffde  __TI_int47                                 
0000ffe0  __TI_int48                                 
0000ffe2  __TI_int49                                 
0000ffe4  __TI_int50                                 
0000ffe6  __TI_int51                                 
0000ffe8  __TI_int52                                 
0000ffea  __TI_int53                                 
0000ffec  __TI_int54                                 
0000ffee  __TI_int55                                 
0000fff0  __TI_int56                                 
0000fff2  __TI_int57                                 
0000fff4  __TI_int58                                 
0000fff6  __TI_int59                                 
0000fff8  __TI_int60                                 
0000fffa  __TI_int61                                 
0000fffc  __TI_int62                                 
0000fffe  _reset_vector                              
00010000  ADS1x9x_Init                               
00010176  CdcToHostFromBuffer                        
000102ca  USB_reset                                  
00010408  CdcToBufferFromHost                        
0001051c  UCS_initFLL                                
000105fe  peripherial_init                           
000106d8  USB_enable                                 
000107aa  PMM_setVCoreUp                             
00010878  USB_InitSerialStringDescriptor             
0001093e  read_data_from_flash                       
00010a02  send_data_to_flash                         
00010ac4  USBCDC_intfStatus                          
00010b84  ADS1x9x_Reg_Write                          
00010c40  USB_determineFreq                          
00010cee  PMM_setVCoreDown                           
00010d82  RTC_A_getCalendarTime                      
00010e16  USBCDC_bytesInUSBBuffer                    
00010ea4  UCS_clockSignalInit                        
00010f2c  USB_init                                   
00010fb4  usbDecodeAndProcessUsbRequest              
0001103c  USBCDC_sendData                            
000110b6  CopyUsbToBuff                              
0001112c  RTC_A_calendarInit                         
000111a2  usbSendNextPacketOnIEP0                    
00011216  visualization                              
00011288  PWRVBUSoffHandler                          
000112f6  cdcSendDataInBackground                    
00011364  usbGetLineCoding                           
000113d2  _auto_init_hold_wdt                        
0001143e  usbGetEndpointStatus                       
000114a8  Handler_SetLineCoding                      
00011578  memcpyDMA                                  
000115dc  DMA_initialize                             
0001163e  PWRVBUSonHandler                           
000116a0  erase_flash                                
000116f8  __mspabi_divul                             
000116f8  __mspabi_remul                             
00011750  transfer_data                              
000117a2  usbGetStringDescriptor                     
000117f4  usbSetEndpointFeature                      
00011846  main                                       
00011896  DMA_init                                   
000118e2  TLV_getInfo                                
0001192e  collect_data                               
0001197a  usbReceiveNextPacketOnOEP0                 
000119c6  PMM_setVCore                               
00011a10  SetupPacketInterruptHandler                
00011a5a  USB_setup                                  
00011aa4  usbClearEndpointFeature                    
00011aea  GPIO_setAsInputPinWithPullUpResistor       
00011b2c  create_header_frame                        
00011b6e  ADS1x9x_Reg_Read                           
00011bae  UCS_XT2StartWithTimeout                    
00011bee  USB_initMemcpy                             
00011c2e  flash_init                                 
00011c6c  initClocks                                 
00011caa  __mspabi_slll_15                           
00011cae  __mspabi_slll_14                           
00011cb2  __mspabi_slll_13                           
00011cb6  __mspabi_slll_12                           
00011cba  __mspabi_slll_11                           
00011cbe  __mspabi_slll_10                           
00011cc2  __mspabi_slll_9                            
00011cc6  __mspabi_slll_8                            
00011cca  __mspabi_slll_7                            
00011cce  __mspabi_slll_6                            
00011cd2  __mspabi_slll_5                            
00011cd6  __mspabi_slll_4                            
00011cda  __mspabi_slll_3                            
00011cde  __mspabi_slll_2                            
00011ce2  __mspabi_slll_1                            
00011ce8  __mspabi_srll_15                           
00011cec  __mspabi_srll_14                           
00011cf0  __mspabi_srll_13                           
00011cf4  __mspabi_srll_12                           
00011cf8  __mspabi_srll_11                           
00011cfc  __mspabi_srll_10                           
00011d00  __mspabi_srll_9                            
00011d04  __mspabi_srll_8                            
00011d08  __mspabi_srll_7                            
00011d0c  __mspabi_srll_6                            
00011d10  __mspabi_srll_5                            
00011d14  __mspabi_srll_4                            
00011d18  __mspabi_srll_3                            
00011d1c  __mspabi_srll_2                            
00011d20  __mspabi_srll_1                            
00011d26  OEP0InterruptHandler                       
00011d5e  usbSetAddress                              
00011dc4  UCS_initFLLSettle                          
00011df6  USB_connectionInfo                         
00011e28  Set_UCB0_SPI                               
00011e58  USB_suspend                                
00011e88  usbSetConfiguration                        
00011eb8  CdcResetData                               
00011ee6  GPIO_interruptEdgeSelect                   
00011f14  usbGetDeviceStatus                         
00011f40  Set_GPIO                                   
00011f6a  DMA_setDstAddress                          
00011f92  Flash_MT298G08AAAWP_init                   
00011fba  GPIO_setAsOutputPin                        
00011fe2  GPIO_setAsPeripheralModuleFunctionOutputPin
0001200a  DMA_setSrcAddress                          
00012030  ADS1x9x_Read_All_Regs                      
00012054  Flash_MT298G08AAAWP_Nand_Read              
0001209c  __TI_zero_init                             
000120c0  usbClearDeviceFeature                      
000120e4  usbSetDeviceFeature                        
00012108  ADS1x9x_Reg_Init                           
0001212a  USB_disable                                
0001214c  usbSendDataPacketOnEP0                     
0001216c  GPIO_clearInterruptFlag                    
0001218a  GPIO_enableInterrupt                       
000121a8  usbGetInterface                            
000121c6  usbGetInterfaceStatus                      
000121e4  ADS1x9x_SPI_Command_Data                   
00012200  GPIO_getInterruptStatus                    
0001221c  GPIO_setOutputHighOnPin                    
00012238  GPIO_setOutputLowOnPin                     
00012254  IEP0InterruptHandler                       
00012270  interrupt_enable                           
0001228c  memcpyV                                    
000122a8  usbDisableInEndpointInterrupt              
000122c4  usbDisableOutEndpointInterrupt             
000122e0  CdcIsReceiveInProgress                     
000122fa  Flash_MT298G08AAAWP_Nand_Write             
00012314  Flash_MT298G08AAAWP_Nand_Write_Addr        
0001232e  Flash_MT298G08AAAWP_Nand_Write_Cmd         
00012348  USB_connect                                
00012362  WDT_A_hold                                 
0001237c  usbSetInterface                            
00012396  USB_resume                                 
000123ae  disable_ADS1x9x_Conversion                 
000123c6  enable_ADS1x9x_Conversion                  
000123de  memset                                     
000123f4  __mspabi_divu                              
000123f4  __mspabi_remu                              
0001240a  __mspabi_mpyi_f5hw                         
00012420  usbGetConfigurationDescriptor              
00012436  usbGetDeviceDescriptor                     
0001244c  USB_handleVbusOnEvent                      
00012460  memcpy                                     
00012474  usbGetConfiguration                        
00012488  usbReceiveDataPacketOnEP0                  
0001249c  usbSetControlLineState                     
000124b0  __TI_decompress_none                       
000124c2  usbInvalidRequest                          
000124d4  DMA_disableTransfers                       
000124e4  DMA_enableTransfers                        
000124f4  ADS1x9x_Reset                              
00012502  DMA_getInterruptStatus                     
00012510  DMA_startTransfer                          
0001251e  clear_write_address                        
0001252c  usbSendZeroLengthPacketOnIEP0              
0001253a  DMA_setTransferSize                        
00012546  RTC_A_startClock                           
00012552  usbSetLineCoding                           
0001255e  USCI_B_SPI_getInterruptStatus              
00012568  __mspabi_slli                              
00012572  __mspabi_srli                              
0001257c  UCS_XT2Off                                 
00012584  USB_handleVbusOffEvent                     
0001258c  DMA_disableTransferDuringReadModifyWrite   
00012592  DMA_enableTransferDuringReadModifyWrite    
00012598  SFR_clearInterrupt                         
0001259e  UCS_clearFaultFlag                         
000125a4  USB_getVersion                             
000125aa  app_get_flags                              
000125b0  __TI_decompress_rle24                      
000125b6  usbRestoreInEndpointInterrupt              
000125bc  usbRestoreOutEndpointInterrupt             
000125c2  USBCDC_handleDataReceived                  
000125c6  USBCDC_handleReceiveCompleted              
000125ca  USBCDC_handleSendCompleted                 
000125ce  USBCDC_handleSetControlLineState           
000125d2  USBCDC_handleSetLineCoding                 
000125d6  USB_handleClockEvent                       
000125da  USB_handleEnumCompleteEvent                
000125de  USB_handleResetEvent                       
000125e2  USB_handleResumeEvent                      
000125e6  USB_handleSuspendEvent                     
000125ea  _system_pre_init                           
000125ee  C$$EXIT                                    
000125ee  abort                                      
ffffffff  __binit__                                  
ffffffff  __c_args__                                 
ffffffff  binit                                      
UNDEFED   __TI_INITARRAY_Base                        
UNDEFED   __TI_INITARRAY_Limit                       

[1041 symbols]
