<?xml version="1.0"?>
<link_info>
   <banner>MSP430 Linker PC v4.4.3</banner>
   <copyright>Copyright (c) 2003-2015 Texas Instruments Incorporated</copyright>
   <link_time>0x5587092d</link_time>
   <link_errors>0x0</link_errors>
   <output_file>Holter_USB.out</output_file>
   <entry_point>
      <name>_c_int00_noargs_noexit</name>
      <address>0x46bc</address>
   </entry_point>
   <input_file_list>
      <input_file id="fl-2">
         <path>.\src\</path>
         <kind>object</kind>
         <file>ADS1292_driver.obj</file>
         <name>ADS1292_driver.obj</name>
      </input_file>
      <input_file id="fl-3">
         <path>.\src\</path>
         <kind>object</kind>
         <file>Flash_driver.obj</file>
         <name>Flash_driver.obj</name>
      </input_file>
      <input_file id="fl-4">
         <path>.\src\</path>
         <kind>object</kind>
         <file>app_service.obj</file>
         <name>app_service.obj</name>
      </input_file>
      <input_file id="fl-5">
         <path>.\src\</path>
         <kind>object</kind>
         <file>it_handlers.obj</file>
         <name>it_handlers.obj</name>
      </input_file>
      <input_file id="fl-6">
         <path>.\src\</path>
         <kind>object</kind>
         <file>main.obj</file>
         <name>main.obj</name>
      </input_file>
      <input_file id="fl-7">
         <path>.\src\</path>
         <kind>object</kind>
         <file>periph_config.obj</file>
         <name>periph_config.obj</name>
      </input_file>
      <input_file id="fl-8">
         <path>.\driverlib\MSP430F5xx_6xx\</path>
         <kind>object</kind>
         <file>adc10_a.obj</file>
         <name>adc10_a.obj</name>
      </input_file>
      <input_file id="fl-9">
         <path>.\driverlib\MSP430F5xx_6xx\</path>
         <kind>object</kind>
         <file>adc12_a.obj</file>
         <name>adc12_a.obj</name>
      </input_file>
      <input_file id="fl-a">
         <path>.\driverlib\MSP430F5xx_6xx\</path>
         <kind>object</kind>
         <file>aes.obj</file>
         <name>aes.obj</name>
      </input_file>
      <input_file id="fl-b">
         <path>.\driverlib\MSP430F5xx_6xx\</path>
         <kind>object</kind>
         <file>battbak.obj</file>
         <name>battbak.obj</name>
      </input_file>
      <input_file id="fl-c">
         <path>.\driverlib\MSP430F5xx_6xx\</path>
         <kind>object</kind>
         <file>comp_b.obj</file>
         <name>comp_b.obj</name>
      </input_file>
      <input_file id="fl-d">
         <path>.\driverlib\MSP430F5xx_6xx\</path>
         <kind>object</kind>
         <file>crc.obj</file>
         <name>crc.obj</name>
      </input_file>
      <input_file id="fl-e">
         <path>.\driverlib\MSP430F5xx_6xx\</path>
         <kind>object</kind>
         <file>dac12_a.obj</file>
         <name>dac12_a.obj</name>
      </input_file>
      <input_file id="fl-f">
         <path>.\driverlib\MSP430F5xx_6xx\</path>
         <kind>object</kind>
         <file>dma.obj</file>
         <name>dma.obj</name>
      </input_file>
      <input_file id="fl-10">
         <path>.\driverlib\MSP430F5xx_6xx\</path>
         <kind>object</kind>
         <file>eusci_a_spi.obj</file>
         <name>eusci_a_spi.obj</name>
      </input_file>
      <input_file id="fl-11">
         <path>.\driverlib\MSP430F5xx_6xx\</path>
         <kind>object</kind>
         <file>eusci_a_uart.obj</file>
         <name>eusci_a_uart.obj</name>
      </input_file>
      <input_file id="fl-12">
         <path>.\driverlib\MSP430F5xx_6xx\</path>
         <kind>object</kind>
         <file>eusci_b_i2c.obj</file>
         <name>eusci_b_i2c.obj</name>
      </input_file>
      <input_file id="fl-13">
         <path>.\driverlib\MSP430F5xx_6xx\</path>
         <kind>object</kind>
         <file>eusci_b_spi.obj</file>
         <name>eusci_b_spi.obj</name>
      </input_file>
      <input_file id="fl-14">
         <path>.\driverlib\MSP430F5xx_6xx\</path>
         <kind>object</kind>
         <file>eusci_i2c.obj</file>
         <name>eusci_i2c.obj</name>
      </input_file>
      <input_file id="fl-15">
         <path>.\driverlib\MSP430F5xx_6xx\</path>
         <kind>object</kind>
         <file>eusci_spi.obj</file>
         <name>eusci_spi.obj</name>
      </input_file>
      <input_file id="fl-16">
         <path>.\driverlib\MSP430F5xx_6xx\</path>
         <kind>object</kind>
         <file>eusci_uart.obj</file>
         <name>eusci_uart.obj</name>
      </input_file>
      <input_file id="fl-17">
         <path>.\driverlib\MSP430F5xx_6xx\</path>
         <kind>object</kind>
         <file>flashctl.obj</file>
         <name>flashctl.obj</name>
      </input_file>
      <input_file id="fl-18">
         <path>.\driverlib\MSP430F5xx_6xx\</path>
         <kind>object</kind>
         <file>gpio.obj</file>
         <name>gpio.obj</name>
      </input_file>
      <input_file id="fl-19">
         <path>.\driverlib\MSP430F5xx_6xx\</path>
         <kind>object</kind>
         <file>ldopwr.obj</file>
         <name>ldopwr.obj</name>
      </input_file>
      <input_file id="fl-1a">
         <path>.\driverlib\MSP430F5xx_6xx\</path>
         <kind>object</kind>
         <file>mpy32.obj</file>
         <name>mpy32.obj</name>
      </input_file>
      <input_file id="fl-1b">
         <path>.\driverlib\MSP430F5xx_6xx\</path>
         <kind>object</kind>
         <file>pmap.obj</file>
         <name>pmap.obj</name>
      </input_file>
      <input_file id="fl-1c">
         <path>.\driverlib\MSP430F5xx_6xx\</path>
         <kind>object</kind>
         <file>pmm.obj</file>
         <name>pmm.obj</name>
      </input_file>
      <input_file id="fl-1d">
         <path>.\driverlib\MSP430F5xx_6xx\</path>
         <kind>object</kind>
         <file>ram.obj</file>
         <name>ram.obj</name>
      </input_file>
      <input_file id="fl-1e">
         <path>.\driverlib\MSP430F5xx_6xx\</path>
         <kind>object</kind>
         <file>ref.obj</file>
         <name>ref.obj</name>
      </input_file>
      <input_file id="fl-1f">
         <path>.\driverlib\MSP430F5xx_6xx\</path>
         <kind>object</kind>
         <file>rtc_a.obj</file>
         <name>rtc_a.obj</name>
      </input_file>
      <input_file id="fl-20">
         <path>.\driverlib\MSP430F5xx_6xx\</path>
         <kind>object</kind>
         <file>rtc_b.obj</file>
         <name>rtc_b.obj</name>
      </input_file>
      <input_file id="fl-21">
         <path>.\driverlib\MSP430F5xx_6xx\</path>
         <kind>object</kind>
         <file>rtc_c.obj</file>
         <name>rtc_c.obj</name>
      </input_file>
      <input_file id="fl-22">
         <path>.\driverlib\MSP430F5xx_6xx\</path>
         <kind>object</kind>
         <file>sd24_b.obj</file>
         <name>sd24_b.obj</name>
      </input_file>
      <input_file id="fl-23">
         <path>.\driverlib\MSP430F5xx_6xx\</path>
         <kind>object</kind>
         <file>sfr.obj</file>
         <name>sfr.obj</name>
      </input_file>
      <input_file id="fl-24">
         <path>.\driverlib\MSP430F5xx_6xx\</path>
         <kind>object</kind>
         <file>sysctl.obj</file>
         <name>sysctl.obj</name>
      </input_file>
      <input_file id="fl-25">
         <path>.\driverlib\MSP430F5xx_6xx\</path>
         <kind>object</kind>
         <file>tec.obj</file>
         <name>tec.obj</name>
      </input_file>
      <input_file id="fl-26">
         <path>.\driverlib\MSP430F5xx_6xx\</path>
         <kind>object</kind>
         <file>timer_a.obj</file>
         <name>timer_a.obj</name>
      </input_file>
      <input_file id="fl-27">
         <path>.\driverlib\MSP430F5xx_6xx\</path>
         <kind>object</kind>
         <file>timer_b.obj</file>
         <name>timer_b.obj</name>
      </input_file>
      <input_file id="fl-28">
         <path>.\driverlib\MSP430F5xx_6xx\</path>
         <kind>object</kind>
         <file>timer_d.obj</file>
         <name>timer_d.obj</name>
      </input_file>
      <input_file id="fl-29">
         <path>.\driverlib\MSP430F5xx_6xx\</path>
         <kind>object</kind>
         <file>tlv.obj</file>
         <name>tlv.obj</name>
      </input_file>
      <input_file id="fl-2a">
         <path>.\driverlib\MSP430F5xx_6xx\</path>
         <kind>object</kind>
         <file>ucs.obj</file>
         <name>ucs.obj</name>
      </input_file>
      <input_file id="fl-2b">
         <path>.\driverlib\MSP430F5xx_6xx\</path>
         <kind>object</kind>
         <file>usci_a_spi.obj</file>
         <name>usci_a_spi.obj</name>
      </input_file>
      <input_file id="fl-2c">
         <path>.\driverlib\MSP430F5xx_6xx\</path>
         <kind>object</kind>
         <file>usci_a_uart.obj</file>
         <name>usci_a_uart.obj</name>
      </input_file>
      <input_file id="fl-2d">
         <path>.\driverlib\MSP430F5xx_6xx\</path>
         <kind>object</kind>
         <file>usci_b_i2c.obj</file>
         <name>usci_b_i2c.obj</name>
      </input_file>
      <input_file id="fl-2e">
         <path>.\driverlib\MSP430F5xx_6xx\</path>
         <kind>object</kind>
         <file>usci_b_spi.obj</file>
         <name>usci_b_spi.obj</name>
      </input_file>
      <input_file id="fl-2f">
         <path>.\driverlib\MSP430F5xx_6xx\</path>
         <kind>object</kind>
         <file>usci_i2c.obj</file>
         <name>usci_i2c.obj</name>
      </input_file>
      <input_file id="fl-30">
         <path>.\driverlib\MSP430F5xx_6xx\</path>
         <kind>object</kind>
         <file>usci_spi.obj</file>
         <name>usci_spi.obj</name>
      </input_file>
      <input_file id="fl-31">
         <path>.\driverlib\MSP430F5xx_6xx\</path>
         <kind>object</kind>
         <file>usci_uart.obj</file>
         <name>usci_uart.obj</name>
      </input_file>
      <input_file id="fl-32">
         <path>.\driverlib\MSP430F5xx_6xx\</path>
         <kind>object</kind>
         <file>wdt_a.obj</file>
         <name>wdt_a.obj</name>
      </input_file>
      <input_file id="fl-33">
         <path>.\driverlib\MSP430F5xx_6xx\deprecated\</path>
         <kind>object</kind>
         <file>dma.obj</file>
         <name>dma.obj</name>
      </input_file>
      <input_file id="fl-34">
         <path>.\driverlib\MSP430F5xx_6xx\deprecated\</path>
         <kind>object</kind>
         <file>flashctl.obj</file>
         <name>flashctl.obj</name>
      </input_file>
      <input_file id="fl-35">
         <path>.\driverlib\MSP430F5xx_6xx\deprecated\</path>
         <kind>object</kind>
         <file>mpy32.obj</file>
         <name>mpy32.obj</name>
      </input_file>
      <input_file id="fl-36">
         <path>.\driverlib\MSP430F5xx_6xx\deprecated\</path>
         <kind>object</kind>
         <file>pmm.obj</file>
         <name>pmm.obj</name>
      </input_file>
      <input_file id="fl-37">
         <path>.\driverlib\MSP430F5xx_6xx\deprecated\</path>
         <kind>object</kind>
         <file>ram.obj</file>
         <name>ram.obj</name>
      </input_file>
      <input_file id="fl-38">
         <path>.\driverlib\MSP430F5xx_6xx\deprecated\</path>
         <kind>object</kind>
         <file>sfr.obj</file>
         <name>sfr.obj</name>
      </input_file>
      <input_file id="fl-39">
         <path>.\driverlib\MSP430F5xx_6xx\deprecated\</path>
         <kind>object</kind>
         <file>sysctl.obj</file>
         <name>sysctl.obj</name>
      </input_file>
      <input_file id="fl-3a">
         <path>.\driverlib\MSP430F5xx_6xx\deprecated\</path>
         <kind>object</kind>
         <file>ucs.obj</file>
         <name>ucs.obj</name>
      </input_file>
      <input_file id="fl-3b">
         <path>.\USB_config\</path>
         <kind>object</kind>
         <file>UsbIsr.obj</file>
         <name>UsbIsr.obj</name>
      </input_file>
      <input_file id="fl-3c">
         <path>.\USB_config\</path>
         <kind>object</kind>
         <file>descriptors.obj</file>
         <name>descriptors.obj</name>
      </input_file>
      <input_file id="fl-3d">
         <path>.\USB_app\</path>
         <kind>object</kind>
         <file>usbConstructs.obj</file>
         <name>usbConstructs.obj</name>
      </input_file>
      <input_file id="fl-3e">
         <path>.\USB_app\</path>
         <kind>object</kind>
         <file>usbEventHandling.obj</file>
         <name>usbEventHandling.obj</name>
      </input_file>
      <input_file id="fl-3f">
         <path>.\USB_API\USB_PHDC_API\</path>
         <kind>object</kind>
         <file>UsbPHDC.obj</file>
         <name>UsbPHDC.obj</name>
      </input_file>
      <input_file id="fl-40">
         <path>.\USB_API\USB_MSC_API\</path>
         <kind>object</kind>
         <file>UsbMscReq.obj</file>
         <name>UsbMscReq.obj</name>
      </input_file>
      <input_file id="fl-41">
         <path>.\USB_API\USB_MSC_API\</path>
         <kind>object</kind>
         <file>UsbMscScsi.obj</file>
         <name>UsbMscScsi.obj</name>
      </input_file>
      <input_file id="fl-42">
         <path>.\USB_API\USB_MSC_API\</path>
         <kind>object</kind>
         <file>UsbMscStateMachine.obj</file>
         <name>UsbMscStateMachine.obj</name>
      </input_file>
      <input_file id="fl-43">
         <path>.\USB_API\USB_HID_API\</path>
         <kind>object</kind>
         <file>UsbHid.obj</file>
         <name>UsbHid.obj</name>
      </input_file>
      <input_file id="fl-44">
         <path>.\USB_API\USB_HID_API\</path>
         <kind>object</kind>
         <file>UsbHidReq.obj</file>
         <name>UsbHidReq.obj</name>
      </input_file>
      <input_file id="fl-45">
         <path>.\USB_API\USB_Common\</path>
         <kind>object</kind>
         <file>usb.obj</file>
         <name>usb.obj</name>
      </input_file>
      <input_file id="fl-46">
         <path>.\USB_API\USB_Common\</path>
         <kind>object</kind>
         <file>usbdma.obj</file>
         <name>usbdma.obj</name>
      </input_file>
      <input_file id="fl-47">
         <path>.\USB_API\USB_CDC_API\</path>
         <kind>object</kind>
         <file>UsbCdc.obj</file>
         <name>UsbCdc.obj</name>
      </input_file>
      <input_file id="fl-7d">
         <path>E:\Programs\TI\ccsv6\tools\compiler\ti-cgt-msp430_4.4.3\lib\</path>
         <kind>archive</kind>
         <file>rts430x_lc_rd_eabi.lib</file>
         <name>boot.obj</name>
      </input_file>
      <input_file id="fl-7e">
         <path>E:\Programs\TI\ccsv6\tools\compiler\ti-cgt-msp430_4.4.3\lib\</path>
         <kind>archive</kind>
         <file>rts430x_lc_rd_eabi.lib</file>
         <name>boot_special.obj</name>
      </input_file>
      <input_file id="fl-7f">
         <path>E:\Programs\TI\ccsv6\tools\compiler\ti-cgt-msp430_4.4.3\lib\</path>
         <kind>archive</kind>
         <file>rts430x_lc_rd_eabi.lib</file>
         <name>copy_decompress_none.obj</name>
      </input_file>
      <input_file id="fl-80">
         <path>E:\Programs\TI\ccsv6\tools\compiler\ti-cgt-msp430_4.4.3\lib\</path>
         <kind>archive</kind>
         <file>rts430x_lc_rd_eabi.lib</file>
         <name>copy_decompress_rle.obj</name>
      </input_file>
      <input_file id="fl-81">
         <path>E:\Programs\TI\ccsv6\tools\compiler\ti-cgt-msp430_4.4.3\lib\</path>
         <kind>archive</kind>
         <file>rts430x_lc_rd_eabi.lib</file>
         <name>copy_zero_init.obj</name>
      </input_file>
      <input_file id="fl-82">
         <path>E:\Programs\TI\ccsv6\tools\compiler\ti-cgt-msp430_4.4.3\lib\</path>
         <kind>archive</kind>
         <file>rts430x_lc_rd_eabi.lib</file>
         <name>div16s.obj</name>
      </input_file>
      <input_file id="fl-83">
         <path>E:\Programs\TI\ccsv6\tools\compiler\ti-cgt-msp430_4.4.3\lib\</path>
         <kind>archive</kind>
         <file>rts430x_lc_rd_eabi.lib</file>
         <name>div16u.obj</name>
      </input_file>
      <input_file id="fl-84">
         <path>E:\Programs\TI\ccsv6\tools\compiler\ti-cgt-msp430_4.4.3\lib\</path>
         <kind>archive</kind>
         <file>rts430x_lc_rd_eabi.lib</file>
         <name>div32s.obj</name>
      </input_file>
      <input_file id="fl-85">
         <path>E:\Programs\TI\ccsv6\tools\compiler\ti-cgt-msp430_4.4.3\lib\</path>
         <kind>archive</kind>
         <file>rts430x_lc_rd_eabi.lib</file>
         <name>div32u.obj</name>
      </input_file>
      <input_file id="fl-86">
         <path>E:\Programs\TI\ccsv6\tools\compiler\ti-cgt-msp430_4.4.3\lib\</path>
         <kind>archive</kind>
         <file>rts430x_lc_rd_eabi.lib</file>
         <name>exit.obj</name>
      </input_file>
      <input_file id="fl-87">
         <path>E:\Programs\TI\ccsv6\tools\compiler\ti-cgt-msp430_4.4.3\lib\</path>
         <kind>archive</kind>
         <file>rts430x_lc_rd_eabi.lib</file>
         <name>int41.obj</name>
      </input_file>
      <input_file id="fl-88">
         <path>E:\Programs\TI\ccsv6\tools\compiler\ti-cgt-msp430_4.4.3\lib\</path>
         <kind>archive</kind>
         <file>rts430x_lc_rd_eabi.lib</file>
         <name>int42.obj</name>
      </input_file>
      <input_file id="fl-89">
         <path>E:\Programs\TI\ccsv6\tools\compiler\ti-cgt-msp430_4.4.3\lib\</path>
         <kind>archive</kind>
         <file>rts430x_lc_rd_eabi.lib</file>
         <name>int43.obj</name>
      </input_file>
      <input_file id="fl-8a">
         <path>E:\Programs\TI\ccsv6\tools\compiler\ti-cgt-msp430_4.4.3\lib\</path>
         <kind>archive</kind>
         <file>rts430x_lc_rd_eabi.lib</file>
         <name>int44.obj</name>
      </input_file>
      <input_file id="fl-8b">
         <path>E:\Programs\TI\ccsv6\tools\compiler\ti-cgt-msp430_4.4.3\lib\</path>
         <kind>archive</kind>
         <file>rts430x_lc_rd_eabi.lib</file>
         <name>int45.obj</name>
      </input_file>
      <input_file id="fl-8c">
         <path>E:\Programs\TI\ccsv6\tools\compiler\ti-cgt-msp430_4.4.3\lib\</path>
         <kind>archive</kind>
         <file>rts430x_lc_rd_eabi.lib</file>
         <name>int46.obj</name>
      </input_file>
      <input_file id="fl-8d">
         <path>E:\Programs\TI\ccsv6\tools\compiler\ti-cgt-msp430_4.4.3\lib\</path>
         <kind>archive</kind>
         <file>rts430x_lc_rd_eabi.lib</file>
         <name>int48.obj</name>
      </input_file>
      <input_file id="fl-8e">
         <path>E:\Programs\TI\ccsv6\tools\compiler\ti-cgt-msp430_4.4.3\lib\</path>
         <kind>archive</kind>
         <file>rts430x_lc_rd_eabi.lib</file>
         <name>int49.obj</name>
      </input_file>
      <input_file id="fl-8f">
         <path>E:\Programs\TI\ccsv6\tools\compiler\ti-cgt-msp430_4.4.3\lib\</path>
         <kind>archive</kind>
         <file>rts430x_lc_rd_eabi.lib</file>
         <name>int50.obj</name>
      </input_file>
      <input_file id="fl-90">
         <path>E:\Programs\TI\ccsv6\tools\compiler\ti-cgt-msp430_4.4.3\lib\</path>
         <kind>archive</kind>
         <file>rts430x_lc_rd_eabi.lib</file>
         <name>int52.obj</name>
      </input_file>
      <input_file id="fl-91">
         <path>E:\Programs\TI\ccsv6\tools\compiler\ti-cgt-msp430_4.4.3\lib\</path>
         <kind>archive</kind>
         <file>rts430x_lc_rd_eabi.lib</file>
         <name>int53.obj</name>
      </input_file>
      <input_file id="fl-92">
         <path>E:\Programs\TI\ccsv6\tools\compiler\ti-cgt-msp430_4.4.3\lib\</path>
         <kind>archive</kind>
         <file>rts430x_lc_rd_eabi.lib</file>
         <name>int54.obj</name>
      </input_file>
      <input_file id="fl-93">
         <path>E:\Programs\TI\ccsv6\tools\compiler\ti-cgt-msp430_4.4.3\lib\</path>
         <kind>archive</kind>
         <file>rts430x_lc_rd_eabi.lib</file>
         <name>int56.obj</name>
      </input_file>
      <input_file id="fl-94">
         <path>E:\Programs\TI\ccsv6\tools\compiler\ti-cgt-msp430_4.4.3\lib\</path>
         <kind>archive</kind>
         <file>rts430x_lc_rd_eabi.lib</file>
         <name>int57.obj</name>
      </input_file>
      <input_file id="fl-95">
         <path>E:\Programs\TI\ccsv6\tools\compiler\ti-cgt-msp430_4.4.3\lib\</path>
         <kind>archive</kind>
         <file>rts430x_lc_rd_eabi.lib</file>
         <name>int58.obj</name>
      </input_file>
      <input_file id="fl-96">
         <path>E:\Programs\TI\ccsv6\tools\compiler\ti-cgt-msp430_4.4.3\lib\</path>
         <kind>archive</kind>
         <file>rts430x_lc_rd_eabi.lib</file>
         <name>int59.obj</name>
      </input_file>
      <input_file id="fl-97">
         <path>E:\Programs\TI\ccsv6\tools\compiler\ti-cgt-msp430_4.4.3\lib\</path>
         <kind>archive</kind>
         <file>rts430x_lc_rd_eabi.lib</file>
         <name>int60.obj</name>
      </input_file>
      <input_file id="fl-98">
         <path>E:\Programs\TI\ccsv6\tools\compiler\ti-cgt-msp430_4.4.3\lib\</path>
         <kind>archive</kind>
         <file>rts430x_lc_rd_eabi.lib</file>
         <name>int62.obj</name>
      </input_file>
      <input_file id="fl-99">
         <path>E:\Programs\TI\ccsv6\tools\compiler\ti-cgt-msp430_4.4.3\lib\</path>
         <kind>archive</kind>
         <file>rts430x_lc_rd_eabi.lib</file>
         <name>isr_trap.obj</name>
      </input_file>
      <input_file id="fl-9a">
         <path>E:\Programs\TI\ccsv6\tools\compiler\ti-cgt-msp430_4.4.3\lib\</path>
         <kind>archive</kind>
         <file>rts430x_lc_rd_eabi.lib</file>
         <name>lsl16.obj</name>
      </input_file>
      <input_file id="fl-9b">
         <path>E:\Programs\TI\ccsv6\tools\compiler\ti-cgt-msp430_4.4.3\lib\</path>
         <kind>archive</kind>
         <file>rts430x_lc_rd_eabi.lib</file>
         <name>lsl32.obj</name>
      </input_file>
      <input_file id="fl-9c">
         <path>E:\Programs\TI\ccsv6\tools\compiler\ti-cgt-msp430_4.4.3\lib\</path>
         <kind>archive</kind>
         <file>rts430x_lc_rd_eabi.lib</file>
         <name>lsr16.obj</name>
      </input_file>
      <input_file id="fl-9d">
         <path>E:\Programs\TI\ccsv6\tools\compiler\ti-cgt-msp430_4.4.3\lib\</path>
         <kind>archive</kind>
         <file>rts430x_lc_rd_eabi.lib</file>
         <name>lsr32.obj</name>
      </input_file>
      <input_file id="fl-9e">
         <path>E:\Programs\TI\ccsv6\tools\compiler\ti-cgt-msp430_4.4.3\lib\</path>
         <kind>archive</kind>
         <file>rts430x_lc_rd_eabi.lib</file>
         <name>memcpy.obj</name>
      </input_file>
      <input_file id="fl-9f">
         <path>E:\Programs\TI\ccsv6\tools\compiler\ti-cgt-msp430_4.4.3\lib\</path>
         <kind>archive</kind>
         <file>rts430x_lc_rd_eabi.lib</file>
         <name>memset.obj</name>
      </input_file>
      <input_file id="fl-a0">
         <path>E:\Programs\TI\ccsv6\tools\compiler\ti-cgt-msp430_4.4.3\lib\</path>
         <kind>archive</kind>
         <file>rts430x_lc_rd_eabi.lib</file>
         <name>mpu_init.obj</name>
      </input_file>
      <input_file id="fl-a1">
         <path>E:\Programs\TI\ccsv6\tools\compiler\ti-cgt-msp430_4.4.3\lib\</path>
         <kind>archive</kind>
         <file>rts430x_lc_rd_eabi.lib</file>
         <name>mult16.obj</name>
      </input_file>
      <input_file id="fl-a2">
         <path>E:\Programs\TI\ccsv6\tools\compiler\ti-cgt-msp430_4.4.3\lib\</path>
         <kind>archive</kind>
         <file>rts430x_lc_rd_eabi.lib</file>
         <name>mult1632_f5hw.obj</name>
      </input_file>
      <input_file id="fl-a3">
         <path>E:\Programs\TI\ccsv6\tools\compiler\ti-cgt-msp430_4.4.3\lib\</path>
         <kind>archive</kind>
         <file>rts430x_lc_rd_eabi.lib</file>
         <name>mult16_f5hw.obj</name>
      </input_file>
      <input_file id="fl-a4">
         <path>E:\Programs\TI\ccsv6\tools\compiler\ti-cgt-msp430_4.4.3\lib\</path>
         <kind>archive</kind>
         <file>rts430x_lc_rd_eabi.lib</file>
         <name>mult32.obj</name>
      </input_file>
      <input_file id="fl-a5">
         <path>E:\Programs\TI\ccsv6\tools\compiler\ti-cgt-msp430_4.4.3\lib\</path>
         <kind>archive</kind>
         <file>rts430x_lc_rd_eabi.lib</file>
         <name>mult3264_f5hw.obj</name>
      </input_file>
      <input_file id="fl-a6">
         <path>E:\Programs\TI\ccsv6\tools\compiler\ti-cgt-msp430_4.4.3\lib\</path>
         <kind>archive</kind>
         <file>rts430x_lc_rd_eabi.lib</file>
         <name>mult32_f5hw.obj</name>
      </input_file>
      <input_file id="fl-a7">
         <path>E:\Programs\TI\ccsv6\tools\compiler\ti-cgt-msp430_4.4.3\lib\</path>
         <kind>archive</kind>
         <file>rts430x_lc_rd_eabi.lib</file>
         <name>mult64_f5hw.obj</name>
      </input_file>
      <input_file id="fl-a8">
         <path>E:\Programs\TI\ccsv6\tools\compiler\ti-cgt-msp430_4.4.3\lib\</path>
         <kind>archive</kind>
         <file>rts430x_lc_rd_eabi.lib</file>
         <name>pre_init.obj</name>
      </input_file>
      <input_file id="fl-a9">
         <path>E:\Programs\TI\ccsv6\tools\compiler\ti-cgt-msp430_4.4.3\lib\</path>
         <kind>archive</kind>
         <file>rts430x_lc_rd_eabi.lib</file>
         <name>_lock.obj</name>
      </input_file>
      <input_file id="fl-aa">
         <path>E:\Programs\TI\ccsv6\tools\compiler\ti-cgt-msp430_4.4.3\lib\</path>
         <kind>archive</kind>
         <file>rts430x_lc_rd_eabi.lib</file>
         <name>args_main.obj</name>
      </input_file>
      <input_file id="fl-ab">
         <path>E:\Programs\TI\ccsv6\tools\compiler\ti-cgt-msp430_4.4.3\lib\</path>
         <kind>archive</kind>
         <file>rts430x_lc_rd_eabi.lib</file>
         <name>autoinit_wdt.obj</name>
      </input_file>
   </input_file_list>
   <object_component_list>
      <object_component id="oc-6d8">
         <name>.common:SPI_Tx_buf</name>
         <uninitialized>true</uninitialized>
         <run_address>0x2448</run_address>
         <size>0xa</size>
      </object_component>
      <object_component id="oc-41f">
         <name>.common:Write_Flash_Address</name>
         <uninitialized>true</uninitialized>
         <run_address>0x248a</run_address>
         <size>0x6</size>
      </object_component>
      <object_component id="oc-58a">
         <name>.common:Read_Flash_Address</name>
         <uninitialized>true</uninitialized>
         <run_address>0x2484</run_address>
         <size>0x6</size>
      </object_component>
      <object_component id="oc-2c2">
         <name>.common:flags</name>
         <uninitialized>true</uninitialized>
         <run_address>0x2452</run_address>
         <size>0x9</size>
      </object_component>
      <object_component id="oc-402">
         <name>.common:time_data</name>
         <uninitialized>true</uninitialized>
         <run_address>0x247c</run_address>
         <size>0x8</size>
      </object_component>
      <object_component id="oc-42a">
         <name>.common:timestamp</name>
         <uninitialized>true</uninitialized>
         <run_address>0x24a0</run_address>
         <size>0x4</size>
      </object_component>
      <object_component id="oc-176">
         <name>.common:run_key_state</name>
         <uninitialized>true</uninitialized>
         <run_address>0x24b1</run_address>
         <size>0x1</size>
      </object_component>
      <object_component id="oc-16d">
         <name>.common:switch_counter</name>
         <uninitialized>true</uninitialized>
         <run_address>0x24a6</run_address>
         <size>0x2</size>
      </object_component>
      <object_component id="oc-4ef">
         <name>.common:my_calendar</name>
         <uninitialized>true</uninitialized>
         <run_address>0x2474</run_address>
         <size>0x8</size>
      </object_component>
      <object_component id="oc-322">
         <name>.common:count</name>
         <uninitialized>true</uninitialized>
         <run_address>0x24a4</run_address>
         <size>0x2</size>
      </object_component>
      <object_component id="oc-34a">
         <name>.common:bConfigurationNumber</name>
         <uninitialized>true</uninitialized>
         <run_address>0x245b</run_address>
         <size>0x1</size>
      </object_component>
      <object_component id="oc-34b">
         <name>.common:bInterfaceNumber</name>
         <uninitialized>true</uninitialized>
         <run_address>0x24ae</run_address>
         <size>0x1</size>
      </object_component>
      <object_component id="oc-4c0">
         <name>.common:pbIEP0Buffer</name>
         <uninitialized>true</uninitialized>
         <run_address>0x2498</run_address>
         <size>0x4</size>
      </object_component>
      <object_component id="oc-4ab">
         <name>.common:pbOEP0Buffer</name>
         <uninitialized>true</uninitialized>
         <run_address>0x249c</run_address>
         <size>0x4</size>
      </object_component>
      <object_component id="oc-349">
         <name>.common:bRemoteWakeup</name>
         <uninitialized>true</uninitialized>
         <run_address>0x24af</run_address>
         <size>0x1</size>
      </object_component>
      <object_component id="oc-34c">
         <name>.common:wBytesRemainingOnIEP0</name>
         <uninitialized>true</uninitialized>
         <run_address>0x24a8</run_address>
         <size>0x2</size>
      </object_component>
      <object_component id="oc-34d">
         <name>.common:wBytesRemainingOnOEP0</name>
         <uninitialized>true</uninitialized>
         <run_address>0x24aa</run_address>
         <size>0x2</size>
      </object_component>
      <object_component id="oc-2e9">
         <name>.common:abUsbRequestReturnData</name>
         <uninitialized>true</uninitialized>
         <run_address>0x246c</run_address>
         <size>0x8</size>
      </object_component>
      <object_component id="oc-4b3">
         <name>.common:abUsbRequestIncomingData</name>
         <uninitialized>true</uninitialized>
         <run_address>0x2464</run_address>
         <size>0x8</size>
      </object_component>
      <object_component id="oc-6c1">
         <name>.common:abramSerialStringDescriptor</name>
         <uninitialized>true</uninitialized>
         <run_address>0x2400</run_address>
         <size>0x22</size>
      </object_component>
      <object_component id="oc-2e8">
         <name>.common:bStatusAction</name>
         <uninitialized>true</uninitialized>
         <run_address>0x24b0</run_address>
         <size>0x1</size>
      </object_component>
      <object_component id="oc-1a8">
         <name>.common:wUsbEventMask</name>
         <uninitialized>true</uninitialized>
         <run_address>0x24ac</run_address>
         <size>0x2</size>
      </object_component>
      <object_component id="oc-36f">
         <name>.common:USB_TX_memcpy</name>
         <uninitialized>true</uninitialized>
         <run_address>0x2494</run_address>
         <size>0x4</size>
      </object_component>
      <object_component id="oc-47b">
         <name>.common:USB_RX_memcpy</name>
         <uninitialized>true</uninitialized>
         <run_address>0x2490</run_address>
         <size>0x4</size>
      </object_component>
      <object_component id="oc-492">
         <name>.common:CdcControl</name>
         <uninitialized>true</uninitialized>
         <run_address>0x245c</run_address>
         <size>0x8</size>
      </object_component>
      <object_component id="oc-368">
         <name>.common:CdcWriteCtrl</name>
         <uninitialized>true</uninitialized>
         <run_address>0x243c</run_address>
         <size>0xc</size>
      </object_component>
      <object_component id="oc-2f6">
         <name>.common:CdcReadCtrl</name>
         <uninitialized>true</uninitialized>
         <run_address>0x2422</run_address>
         <size>0x1a</size>
      </object_component>
      <object_component id="oc-cf">
         <name>.stack</name>
         <uninitialized>true</uninitialized>
         <run_address>0x4360</run_address>
         <size>0x4</size>
         <input_file_ref idref="fl-7d"/>
      </object_component>
      <object_component id="oc-7c9">
         <name>.stack</name>
         <uninitialized>true</uninitialized>
         <run_address>0x4360</run_address>
         <size>0x0</size>
      </object_component>
      <object_component id="oc-46a">
         <name>.text:USBCDC_receiveData</name>
         <load_address>0x10000</load_address>
         <run_address>0x10000</run_address>
         <size>0x466</size>
         <input_file_ref idref="fl-47"/>
      </object_component>
      <object_component id="oc-1f9">
         <name>.text:CdcToHostFromBuffer</name>
         <load_address>0x10466</load_address>
         <run_address>0x10466</run_address>
         <size>0x2c6</size>
         <input_file_ref idref="fl-47"/>
      </object_component>
      <object_component id="oc-1b1">
         <name>.text:CdcToBufferFromHost</name>
         <load_address>0x1072c</load_address>
         <run_address>0x1072c</run_address>
         <size>0x240</size>
         <input_file_ref idref="fl-47"/>
      </object_component>
      <object_component id="oc-3e4">
         <name>.text:ADS1x9x_Init</name>
         <load_address>0x1096c</load_address>
         <run_address>0x1096c</run_address>
         <size>0x1c2</size>
         <input_file_ref idref="fl-2"/>
      </object_component>
      <object_component id="oc-1cf">
         <name>.text:USB_reset</name>
         <load_address>0x10b2e</load_address>
         <run_address>0x10b2e</run_address>
         <size>0x1a2</size>
         <input_file_ref idref="fl-45"/>
      </object_component>
      <object_component id="oc-325">
         <name>.text:parse_command</name>
         <load_address>0x10cd0</load_address>
         <run_address>0x10cd0</run_address>
         <size>0x12c</size>
         <input_file_ref idref="fl-4"/>
      </object_component>
      <object_component id="oc-32c">
         <name>.text:CopyUsbToBuff</name>
         <load_address>0x10dfc</load_address>
         <run_address>0x10dfc</run_address>
         <size>0xfa</size>
         <input_file_ref idref="fl-47"/>
      </object_component>
      <object_component id="oc-131">
         <name>.text:main</name>
         <load_address>0x10ef6</load_address>
         <run_address>0x10ef6</run_address>
         <size>0xf6</size>
         <input_file_ref idref="fl-6"/>
      </object_component>
      <object_component id="oc-664">
         <name>.text:USB_InitSerialStringDescriptor</name>
         <load_address>0x10fec</load_address>
         <run_address>0x10fec</run_address>
         <size>0xe8</size>
         <input_file_ref idref="fl-45"/>
      </object_component>
      <object_component id="oc-576">
         <name>.text:USBCDC_intfStatus</name>
         <load_address>0x110d4</load_address>
         <run_address>0x110d4</run_address>
         <size>0xe4</size>
         <input_file_ref idref="fl-47"/>
      </object_component>
      <object_component id="oc-339">
         <name>.text:USB_enable</name>
         <load_address>0x111b8</load_address>
         <run_address>0x111b8</run_address>
         <size>0xe4</size>
         <input_file_ref idref="fl-45"/>
      </object_component>
      <object_component id="oc-4ce">
         <name>.text:UCS_initFLL</name>
         <load_address>0x1129c</load_address>
         <run_address>0x1129c</run_address>
         <size>0xe2</size>
         <input_file_ref idref="fl-2a"/>
      </object_component>
      <object_component id="oc-3b4">
         <name>.text:PMM_setVCoreUp</name>
         <load_address>0x1137e</load_address>
         <run_address>0x1137e</run_address>
         <size>0xe0</size>
         <input_file_ref idref="fl-1c"/>
      </object_component>
      <object_component id="oc-1a2">
         <name>.text:USBCDC_bytesInUSBBuffer</name>
         <load_address>0x1145e</load_address>
         <run_address>0x1145e</run_address>
         <size>0xd2</size>
         <input_file_ref idref="fl-47"/>
      </object_component>
      <object_component id="oc-64c">
         <name>.text:ADS1x9x_Reg_Write</name>
         <load_address>0x11530</load_address>
         <run_address>0x11530</run_address>
         <size>0xcc</size>
         <input_file_ref idref="fl-2"/>
      </object_component>
      <object_component id="oc-356">
         <name>.text:USB_determineFreq</name>
         <load_address>0x115fc</load_address>
         <run_address>0x115fc</run_address>
         <size>0xca</size>
         <input_file_ref idref="fl-45"/>
      </object_component>
      <object_component id="oc-3ba">
         <name>.text:PMM_setVCoreDown</name>
         <load_address>0x116c6</load_address>
         <run_address>0x116c6</run_address>
         <size>0xa2</size>
         <input_file_ref idref="fl-1c"/>
      </object_component>
      <object_component id="oc-26a">
         <name>.text:visualization</name>
         <load_address>0x11768</load_address>
         <run_address>0x11768</run_address>
         <size>0xa0</size>
         <input_file_ref idref="fl-7"/>
      </object_component>
      <object_component id="oc-28e">
         <name>.text:send_data</name>
         <load_address>0x11808</load_address>
         <run_address>0x11808</run_address>
         <size>0x9c</size>
         <input_file_ref idref="fl-4"/>
      </object_component>
      <object_component id="oc-57c">
         <name>.text:USBCDC_sendData</name>
         <load_address>0x118a4</load_address>
         <run_address>0x118a4</run_address>
         <size>0x9a</size>
         <input_file_ref idref="fl-47"/>
      </object_component>
      <object_component id="oc-5a8">
         <name>.text:usbGetLineCoding</name>
         <load_address>0x1193e</load_address>
         <run_address>0x1193e</run_address>
         <size>0x98</size>
         <input_file_ref idref="fl-47"/>
      </object_component>
      <object_component id="oc-403">
         <name>.text:RTC_A_getCalendarTime</name>
         <load_address>0x119d6</load_address>
         <run_address>0x119d6</run_address>
         <size>0x94</size>
         <input_file_ref idref="fl-1f"/>
      </object_component>
      <object_component id="oc-555">
         <name>.text:USB_init</name>
         <load_address>0x11a6a</load_address>
         <run_address>0x11a6a</run_address>
         <size>0x94</size>
         <input_file_ref idref="fl-45"/>
      </object_component>
      <object_component id="oc-3c1">
         <name>.text:UCS_clockSignalInit</name>
         <load_address>0x11afe</load_address>
         <run_address>0x11afe</run_address>
         <size>0x90</size>
         <input_file_ref idref="fl-2a"/>
      </object_component>
      <object_component id="oc-58b">
         <name>.text:Flash_ReadPage</name>
         <load_address>0x11b8e</load_address>
         <run_address>0x11b8e</run_address>
         <size>0x8c</size>
         <input_file_ref idref="fl-3"/>
      </object_component>
      <object_component id="oc-5f0">
         <name>.text:usbGetEndpointStatus</name>
         <load_address>0x11c1a</load_address>
         <run_address>0x11c1a</run_address>
         <size>0x8a</size>
         <input_file_ref idref="fl-45"/>
      </object_component>
      <object_component id="oc-2ea">
         <name>.text:usbDecodeAndProcessUsbRequest</name>
         <load_address>0x11ca4</load_address>
         <run_address>0x11ca4</run_address>
         <size>0x86</size>
         <input_file_ref idref="fl-45"/>
      </object_component>
      <object_component id="oc-56c">
         <name>.text:Flash_ProgramPage</name>
         <load_address>0x11d2a</load_address>
         <run_address>0x11d2a</run_address>
         <size>0x84</size>
         <input_file_ref idref="fl-3"/>
      </object_component>
      <object_component id="oc-70c">
         <name>.text:DMA_initialize</name>
         <load_address>0x11dae</load_address>
         <run_address>0x11dae</run_address>
         <size>0x82</size>
         <input_file_ref idref="fl-f"/>
      </object_component>
      <object_component id="oc-27c">
         <name>.text:create_header_frame</name>
         <load_address>0x11e30</load_address>
         <run_address>0x11e30</run_address>
         <size>0x7a</size>
         <input_file_ref idref="fl-4"/>
      </object_component>
      <object_component id="oc-1db">
         <name>.text:PWRVBUSoffHandler</name>
         <load_address>0x11eaa</load_address>
         <run_address>0x11eaa</run_address>
         <size>0x76</size>
         <input_file_ref idref="fl-3b"/>
      </object_component>
      <object_component id="oc-4f0">
         <name>.text:RTC_A_calendarInit</name>
         <load_address>0x11f20</load_address>
         <run_address>0x11f20</run_address>
         <size>0x74</size>
         <input_file_ref idref="fl-1f"/>
      </object_component>
      <object_component id="oc-379">
         <name>.text:Handler_SetLineCoding</name>
         <load_address>0x11f94</load_address>
         <run_address>0x11f94</run_address>
         <size>0x70</size>
         <input_file_ref idref="fl-47"/>
      </object_component>
      <object_component id="oc-3d8">
         <name>.text:GPIO_init</name>
         <load_address>0x12004</load_address>
         <run_address>0x12004</run_address>
         <size>0x6e</size>
         <input_file_ref idref="fl-7"/>
      </object_component>
      <object_component id="oc-418">
         <name>.text:cdcSendDataInBackground</name>
         <load_address>0x12072</load_address>
         <run_address>0x12072</run_address>
         <size>0x6e</size>
         <input_file_ref idref="fl-3d"/>
      </object_component>
      <object_component id="oc-380">
         <name>.text:usbSendNextPacketOnIEP0</name>
         <load_address>0x120e0</load_address>
         <run_address>0x120e0</run_address>
         <size>0x6e</size>
         <input_file_ref idref="fl-45"/>
      </object_component>
      <object_component id="oc-117">
         <name>.text:_auto_init_hold_wdt</name>
         <load_address>0x1214e</load_address>
         <run_address>0x1214e</run_address>
         <size>0x6c</size>
         <input_file_ref idref="fl-ab"/>
      </object_component>
      <object_component id="oc-1e7">
         <name>.text:PWRVBUSonHandler</name>
         <load_address>0x121ba</load_address>
         <run_address>0x121ba</run_address>
         <size>0x6a</size>
         <input_file_ref idref="fl-3b"/>
      </object_component>
      <object_component id="oc-e0">
         <name>.text:__TI_decompress_rle_core</name>
         <load_address>0x12224</load_address>
         <run_address>0x12224</run_address>
         <size>0x68</size>
         <input_file_ref idref="fl-80"/>
      </object_component>
      <object_component id="oc-6ef">
         <name>.text:memcpyDMA</name>
         <load_address>0x1228c</load_address>
         <run_address>0x1228c</run_address>
         <size>0x64</size>
         <input_file_ref idref="fl-46"/>
      </object_component>
      <object_component id="oc-264">
         <name>.text:peripherial_init</name>
         <load_address>0x122f0</load_address>
         <run_address>0x122f0</run_address>
         <size>0x60</size>
         <input_file_ref idref="fl-7"/>
      </object_component>
      <object_component id="oc-5d8">
         <name>.text:usbGetStringDescriptor</name>
         <load_address>0x12350</load_address>
         <run_address>0x12350</run_address>
         <size>0x5a</size>
         <input_file_ref idref="fl-45"/>
      </object_component>
      <object_component id="oc-3c7">
         <name>.text</name>
         <load_address>0x123aa</load_address>
         <run_address>0x123aa</run_address>
         <size>0x58</size>
         <input_file_ref idref="fl-85"/>
      </object_component>
      <object_component id="oc-31c">
         <name>.text:cdcReceiveDataInBuffer</name>
         <load_address>0x12402</load_address>
         <run_address>0x12402</run_address>
         <size>0x56</size>
         <input_file_ref idref="fl-3d"/>
      </object_component>
      <object_component id="oc-373">
         <name>.text:usbReceiveNextPacketOnOEP0</name>
         <load_address>0x12458</load_address>
         <run_address>0x12458</run_address>
         <size>0x52</size>
         <input_file_ref idref="fl-45"/>
      </object_component>
      <object_component id="oc-592">
         <name>.text:Flash_ReadStatus</name>
         <load_address>0x124aa</load_address>
         <run_address>0x124aa</run_address>
         <size>0x50</size>
         <input_file_ref idref="fl-3"/>
      </object_component>
      <object_component id="oc-6dc">
         <name>.text:TLV_getInfo</name>
         <load_address>0x124fa</load_address>
         <run_address>0x124fa</run_address>
         <size>0x50</size>
         <input_file_ref idref="fl-29"/>
      </object_component>
      <object_component id="oc-474">
         <name>.text:set_calender_time</name>
         <load_address>0x1254a</load_address>
         <run_address>0x1254a</run_address>
         <size>0x4e</size>
         <input_file_ref idref="fl-7"/>
      </object_component>
      <object_component id="oc-6e9">
         <name>.text:DMA_init</name>
         <load_address>0x12598</load_address>
         <run_address>0x12598</run_address>
         <size>0x4c</size>
         <input_file_ref idref="fl-f"/>
      </object_component>
      <object_component id="oc-42c">
         <name>.text:Flash_EraseBlock</name>
         <load_address>0x125e4</load_address>
         <run_address>0x125e4</run_address>
         <size>0x4a</size>
         <input_file_ref idref="fl-3"/>
      </object_component>
      <object_component id="oc-196">
         <name>.text:SetupPacketInterruptHandler</name>
         <load_address>0x1262e</load_address>
         <run_address>0x1262e</run_address>
         <size>0x48</size>
         <input_file_ref idref="fl-3b"/>
      </object_component>
      <object_component id="oc-3ea">
         <name>.text:flash_init</name>
         <load_address>0x12676</load_address>
         <run_address>0x12676</run_address>
         <size>0x48</size>
         <input_file_ref idref="fl-3"/>
      </object_component>
      <object_component id="oc-608">
         <name>.text:usbSetEndpointFeature</name>
         <load_address>0x126be</load_address>
         <run_address>0x126be</run_address>
         <size>0x48</size>
         <input_file_ref idref="fl-45"/>
      </object_component>
      <object_component id="oc-409">
         <name>.text:send_data_to_flash</name>
         <load_address>0x12706</load_address>
         <run_address>0x12706</run_address>
         <size>0x46</size>
         <input_file_ref idref="fl-3"/>
      </object_component>
      <object_component id="oc-423">
         <name>.text:read_data_from_flash</name>
         <load_address>0x1274c</load_address>
         <run_address>0x1274c</run_address>
         <size>0x42</size>
         <input_file_ref idref="fl-3"/>
      </object_component>
      <object_component id="oc-288">
         <name>.text:transfer_data</name>
         <load_address>0x1278e</load_address>
         <run_address>0x1278e</run_address>
         <size>0x42</size>
         <input_file_ref idref="fl-4"/>
      </object_component>
      <object_component id="oc-643">
         <name>.text:ADS1x9x_Reg_Read</name>
         <load_address>0x127d0</load_address>
         <run_address>0x127d0</run_address>
         <size>0x40</size>
         <input_file_ref idref="fl-2"/>
      </object_component>
      <object_component id="oc-258">
         <name>.text:PMM_setVCore</name>
         <load_address>0x12810</load_address>
         <run_address>0x12810</run_address>
         <size>0x40</size>
         <input_file_ref idref="fl-1c"/>
      </object_component>
      <object_component id="oc-66a">
         <name>.text:USB_initMemcpy</name>
         <load_address>0x12850</load_address>
         <run_address>0x12850</run_address>
         <size>0x40</size>
         <input_file_ref idref="fl-46"/>
      </object_component>
      <object_component id="oc-5c0">
         <name>.text:usbClearEndpointFeature</name>
         <load_address>0x12890</load_address>
         <run_address>0x12890</run_address>
         <size>0x40</size>
         <input_file_ref idref="fl-45"/>
      </object_component>
      <object_component id="oc-509">
         <name>.text:ADS1x9x_Reset</name>
         <load_address>0x128d0</load_address>
         <run_address>0x128d0</run_address>
         <size>0x3e</size>
         <input_file_ref idref="fl-2"/>
      </object_component>
      <object_component id="oc-34e">
         <name>.text:CdcResetData</name>
         <load_address>0x1290e</load_address>
         <run_address>0x1290e</run_address>
         <size>0x3e</size>
         <input_file_ref idref="fl-47"/>
      </object_component>
      <object_component id="oc-4dc">
         <name>.text:GPIO_setAsInputPinWithPullUpResistor</name>
         <load_address>0x1294c</load_address>
         <run_address>0x1294c</run_address>
         <size>0x3e</size>
         <input_file_ref idref="fl-18"/>
      </object_component>
      <object_component id="oc-484">
         <name>.text:UCS_XT2StartWithTimeout</name>
         <load_address>0x1298a</load_address>
         <run_address>0x1298a</run_address>
         <size>0x3e</size>
         <input_file_ref idref="fl-2a"/>
      </object_component>
      <object_component id="oc-3f0">
         <name>.text:USB_setup</name>
         <load_address>0x129c8</load_address>
         <run_address>0x129c8</run_address>
         <size>0x3e</size>
         <input_file_ref idref="fl-45"/>
      </object_component>
      <object_component id="oc-25e">
         <name>.text:initClocks</name>
         <load_address>0x12a06</load_address>
         <run_address>0x12a06</run_address>
         <size>0x3e</size>
         <input_file_ref idref="fl-7"/>
      </object_component>
      <object_component id="oc-4b4">
         <name>.text:l_lsl_const</name>
         <load_address>0x12a44</load_address>
         <run_address>0x12a44</run_address>
         <size>0x3e</size>
         <input_file_ref idref="fl-9b"/>
      </object_component>
      <object_component id="oc-3cc">
         <name>.text:l_lsr_const</name>
         <load_address>0x12a82</load_address>
         <run_address>0x12a82</run_address>
         <size>0x3e</size>
         <input_file_ref idref="fl-9d"/>
      </object_component>
      <object_component id="oc-43e">
         <name>.text:ADS1x9x_SPI_Command_Data</name>
         <load_address>0x12ac0</load_address>
         <run_address>0x12ac0</run_address>
         <size>0x3c</size>
         <input_file_ref idref="fl-2"/>
      </object_component>
      <object_component id="oc-527">
         <name>.text:ADS1x9x_Read_All_Regs</name>
         <load_address>0x12afc</load_address>
         <run_address>0x12afc</run_address>
         <size>0x3a</size>
         <input_file_ref idref="fl-2"/>
      </object_component>
      <object_component id="oc-270">
         <name>.text:general_flag_init</name>
         <load_address>0x12b36</load_address>
         <run_address>0x12b36</run_address>
         <size>0x3a</size>
         <input_file_ref idref="fl-4"/>
      </object_component>
      <object_component id="oc-51e">
         <name>.text:ADS1x9x_Reg_Init</name>
         <load_address>0x12b70</load_address>
         <run_address>0x12b70</run_address>
         <size>0x38</size>
         <input_file_ref idref="fl-2"/>
      </object_component>
      <object_component id="oc-1ff">
         <name>.text:OEP0InterruptHandler</name>
         <load_address>0x12ba8</load_address>
         <run_address>0x12ba8</run_address>
         <size>0x38</size>
         <input_file_ref idref="fl-3b"/>
      </object_component>
      <object_component id="oc-3d1">
         <name>.text:UCS_initFLLSettle</name>
         <load_address>0x12be0</load_address>
         <run_address>0x12be0</run_address>
         <size>0x36</size>
         <input_file_ref idref="fl-2a"/>
      </object_component>
      <object_component id="oc-724">
         <name>.text:DMA_setDstAddress</name>
         <load_address>0x12c16</load_address>
         <run_address>0x12c16</run_address>
         <size>0x30</size>
         <input_file_ref idref="fl-f"/>
      </object_component>
      <object_component id="oc-503">
         <name>.text:Set_UCB0_SPI</name>
         <load_address>0x12c46</load_address>
         <run_address>0x12c46</run_address>
         <size>0x30</size>
         <input_file_ref idref="fl-2"/>
      </object_component>
      <object_component id="oc-561">
         <name>.text:USB_connectionInfo</name>
         <load_address>0x12c76</load_address>
         <run_address>0x12c76</run_address>
         <size>0x30</size>
         <input_file_ref idref="fl-45"/>
      </object_component>
      <object_component id="oc-1c3">
         <name>.text:USB_suspend</name>
         <load_address>0x12ca6</load_address>
         <run_address>0x12ca6</run_address>
         <size>0x30</size>
         <input_file_ref idref="fl-45"/>
      </object_component>
      <object_component id="oc-71e">
         <name>.text:DMA_setSrcAddress</name>
         <load_address>0x12cd6</load_address>
         <run_address>0x12cd6</run_address>
         <size>0x2e</size>
         <input_file_ref idref="fl-f"/>
      </object_component>
      <object_component id="oc-4e2">
         <name>.text:GPIO_interruptEdgeSelect</name>
         <load_address>0x12d04</load_address>
         <run_address>0x12d04</run_address>
         <size>0x2e</size>
         <input_file_ref idref="fl-18"/>
      </object_component>
      <object_component id="oc-1ab">
         <name>.text:USBCDC_handleDataReceived</name>
         <load_address>0x12d32</load_address>
         <run_address>0x12d32</run_address>
         <size>0x2c</size>
         <input_file_ref idref="fl-3e"/>
      </object_component>
      <object_component id="oc-5e4">
         <name>.text:usbGetDeviceStatus</name>
         <load_address>0x12d5e</load_address>
         <run_address>0x12d5e</run_address>
         <size>0x2c</size>
         <input_file_ref idref="fl-45"/>
      </object_component>
      <object_component id="oc-4fd">
         <name>.text:Set_GPIO</name>
         <load_address>0x12d8a</load_address>
         <run_address>0x12d8a</run_address>
         <size>0x2a</size>
         <input_file_ref idref="fl-2"/>
      </object_component>
      <object_component id="oc-6e3">
         <name>.text:memcpyV</name>
         <load_address>0x12db4</load_address>
         <run_address>0x12db4</run_address>
         <size>0x2a</size>
         <input_file_ref idref="fl-46"/>
      </object_component>
      <object_component id="oc-53c">
         <name>.text:Flash_MT298G08AAAWP_init</name>
         <load_address>0x12dde</load_address>
         <run_address>0x12dde</run_address>
         <size>0x28</size>
         <input_file_ref idref="fl-3"/>
      </object_component>
      <object_component id="oc-4d6">
         <name>.text:GPIO_setAsOutputPin</name>
         <load_address>0x12e06</load_address>
         <run_address>0x12e06</run_address>
         <size>0x28</size>
         <input_file_ref idref="fl-18"/>
      </object_component>
      <object_component id="oc-47e">
         <name>.text:GPIO_setAsPeripheralModuleFunctionOutputPin</name>
         <load_address>0x12e2e</load_address>
         <run_address>0x12e2e</run_address>
         <size>0x28</size>
         <input_file_ref idref="fl-18"/>
      </object_component>
      <object_component id="oc-54e">
         <name>.text:Flash_MT298G08AAAWP_Nand_Read</name>
         <load_address>0x12e56</load_address>
         <run_address>0x12e56</run_address>
         <size>0x26</size>
         <input_file_ref idref="fl-3"/>
      </object_component>
      <object_component id="oc-5fc">
         <name>.text:usbSetConfiguration</name>
         <load_address>0x12e7c</load_address>
         <run_address>0x12e7c</run_address>
         <size>0x26</size>
         <input_file_ref idref="fl-45"/>
      </object_component>
      <object_component id="oc-40f">
         <name>.text:create_send_frame</name>
         <load_address>0x12ea2</load_address>
         <run_address>0x12ea2</run_address>
         <size>0x24</size>
         <input_file_ref idref="fl-4"/>
      </object_component>
      <object_component id="oc-8d">
         <name>.text:decompress:ZI:__TI_zero_init</name>
         <load_address>0x12ec6</load_address>
         <run_address>0x12ec6</run_address>
         <size>0x24</size>
         <input_file_ref idref="fl-81"/>
      </object_component>
      <object_component id="oc-67a">
         <name>.text:usbDisableInEndpointInterrupt</name>
         <load_address>0x12eea</load_address>
         <run_address>0x12eea</run_address>
         <size>0x24</size>
         <input_file_ref idref="fl-45"/>
      </object_component>
      <object_component id="oc-2fd">
         <name>.text:usbDisableOutEndpointInterrupt</name>
         <load_address>0x12f0e</load_address>
         <run_address>0x12f0e</run_address>
         <size>0x24</size>
         <input_file_ref idref="fl-45"/>
      </object_component>
      <object_component id="oc-224">
         <name>.text:USB_disable</name>
         <load_address>0x12f32</load_address>
         <run_address>0x12f32</run_address>
         <size>0x22</size>
         <input_file_ref idref="fl-45"/>
      </object_component>
      <object_component id="oc-692">
         <name>.text:usbSendDataPacketOnEP0</name>
         <load_address>0x12f54</load_address>
         <run_address>0x12f54</run_address>
         <size>0x22</size>
         <input_file_ref idref="fl-45"/>
      </object_component>
      <object_component id="oc-252">
         <name>.text:WDT_A_hold</name>
         <load_address>0x12f76</load_address>
         <run_address>0x12f76</run_address>
         <size>0x20</size>
         <input_file_ref idref="fl-32"/>
      </object_component>
      <object_component id="oc-52d">
         <name>.text:compare_reg_value</name>
         <load_address>0x12f96</load_address>
         <run_address>0x12f96</run_address>
         <size>0x20</size>
         <input_file_ref idref="fl-2"/>
      </object_component>
      <object_component id="oc-5f6">
         <name>.text:usbSetAddress</name>
         <load_address>0x12fb6</load_address>
         <run_address>0x12fb6</run_address>
         <size>0x20</size>
         <input_file_ref idref="fl-45"/>
      </object_component>
      <object_component id="oc-164">
         <name>.text:GPIO_clearInterruptFlag</name>
         <load_address>0x12fd6</load_address>
         <run_address>0x12fd6</run_address>
         <size>0x1e</size>
         <input_file_ref idref="fl-18"/>
      </object_component>
      <object_component id="oc-3fb">
         <name>.text:GPIO_enableInterrupt</name>
         <load_address>0x12ff4</load_address>
         <run_address>0x12ff4</run_address>
         <size>0x1e</size>
         <input_file_ref idref="fl-18"/>
      </object_component>
      <object_component id="oc-5de">
         <name>.text:usbGetInterface</name>
         <load_address>0x13012</load_address>
         <run_address>0x13012</run_address>
         <size>0x1e</size>
         <input_file_ref idref="fl-45"/>
      </object_component>
      <object_component id="oc-5ea">
         <name>.text:usbGetInterfaceStatus</name>
         <load_address>0x13030</load_address>
         <run_address>0x13030</run_address>
         <size>0x1e</size>
         <input_file_ref idref="fl-45"/>
      </object_component>
      <object_component id="oc-673">
         <name>.text:Flash_MT298G08AAAWP_Nand_Write</name>
         <load_address>0x1304e</load_address>
         <run_address>0x1304e</run_address>
         <size>0x1c</size>
         <input_file_ref idref="fl-3"/>
      </object_component>
      <object_component id="oc-170">
         <name>.text:GPIO_getInputPinValue</name>
         <load_address>0x1306a</load_address>
         <run_address>0x1306a</run_address>
         <size>0x1c</size>
         <input_file_ref idref="fl-18"/>
      </object_component>
      <object_component id="oc-15e">
         <name>.text:GPIO_getInterruptStatus</name>
         <load_address>0x13086</load_address>
         <run_address>0x13086</run_address>
         <size>0x1c</size>
         <input_file_ref idref="fl-18"/>
      </object_component>
      <object_component id="oc-18f">
         <name>.text:GPIO_setOutputHighOnPin</name>
         <load_address>0x130a2</load_address>
         <run_address>0x130a2</run_address>
         <size>0x1c</size>
         <input_file_ref idref="fl-18"/>
      </object_component>
      <object_component id="oc-183">
         <name>.text:GPIO_setOutputLowOnPin</name>
         <load_address>0x130be</load_address>
         <run_address>0x130be</run_address>
         <size>0x1c</size>
         <input_file_ref idref="fl-18"/>
      </object_component>
      <object_component id="oc-205">
         <name>.text:IEP0InterruptHandler</name>
         <load_address>0x130da</load_address>
         <run_address>0x130da</run_address>
         <size>0x1c</size>
         <input_file_ref idref="fl-3b"/>
      </object_component>
      <object_component id="oc-3de">
         <name>.text:RTC_init</name>
         <load_address>0x130f6</load_address>
         <run_address>0x130f6</run_address>
         <size>0x1c</size>
         <input_file_ref idref="fl-7"/>
      </object_component>
      <object_component id="oc-4e9">
         <name>.text:calender_init</name>
         <load_address>0x13112</load_address>
         <run_address>0x13112</run_address>
         <size>0x1c</size>
         <input_file_ref idref="fl-7"/>
      </object_component>
      <object_component id="oc-21d">
         <name>.text:collect_data</name>
         <load_address>0x1312e</load_address>
         <run_address>0x1312e</run_address>
         <size>0x1c</size>
         <input_file_ref idref="fl-4"/>
      </object_component>
      <object_component id="oc-276">
         <name>.text:interrupt_enable</name>
         <load_address>0x1314a</load_address>
         <run_address>0x1314a</run_address>
         <size>0x1c</size>
         <input_file_ref idref="fl-7"/>
      </object_component>
      <object_component id="oc-19c">
         <name>.text:CdcIsReceiveInProgress</name>
         <load_address>0x13166</load_address>
         <run_address>0x13166</run_address>
         <size>0x1a</size>
         <input_file_ref idref="fl-47"/>
      </object_component>
      <object_component id="oc-548">
         <name>.text:Flash_MT298G08AAAWP_Nand_Write_Addr</name>
         <load_address>0x13180</load_address>
         <run_address>0x13180</run_address>
         <size>0x1a</size>
         <input_file_ref idref="fl-3"/>
      </object_component>
      <object_component id="oc-542">
         <name>.text:Flash_MT298G08AAAWP_Nand_Write_Cmd</name>
         <load_address>0x1319a</load_address>
         <run_address>0x1319a</run_address>
         <size>0x1a</size>
         <input_file_ref idref="fl-3"/>
      </object_component>
      <object_component id="oc-533">
         <name>.text:Init_ADS1x9x_DRDY_Interrupt</name>
         <load_address>0x131b4</load_address>
         <run_address>0x131b4</run_address>
         <size>0x1a</size>
         <input_file_ref idref="fl-2"/>
      </object_component>
      <object_component id="oc-360">
         <name>.text:USB_connect</name>
         <load_address>0x131ce</load_address>
         <run_address>0x131ce</run_address>
         <size>0x1a</size>
         <input_file_ref idref="fl-45"/>
      </object_component>
      <object_component id="oc-515">
         <name>.text:ADS1x9x_SPI_Check_Communication</name>
         <load_address>0x131e8</load_address>
         <run_address>0x131e8</run_address>
         <size>0x18</size>
         <input_file_ref idref="fl-2"/>
      </object_component>
      <object_component id="oc-689">
         <name>.text:Flash_MT298G08AAAWP_Nand_Read_byte</name>
         <load_address>0x13200</load_address>
         <run_address>0x13200</run_address>
         <size>0x18</size>
         <input_file_ref idref="fl-3"/>
      </object_component>
      <object_component id="oc-1b7">
         <name>.text:USB_resume</name>
         <load_address>0x13218</load_address>
         <run_address>0x13218</run_address>
         <size>0x18</size>
         <input_file_ref idref="fl-45"/>
      </object_component>
      <object_component id="oc-294">
         <name>.text:erase_flash</name>
         <load_address>0x13230</load_address>
         <run_address>0x13230</run_address>
         <size>0x18</size>
         <input_file_ref idref="fl-3"/>
      </object_component>
      <object_component id="oc-5ba">
         <name>.text:usbClearDeviceFeature</name>
         <load_address>0x13248</load_address>
         <run_address>0x13248</run_address>
         <size>0x18</size>
         <input_file_ref idref="fl-45"/>
      </object_component>
      <object_component id="oc-602">
         <name>.text:usbSetDeviceFeature</name>
         <load_address>0x13260</load_address>
         <run_address>0x13260</run_address>
         <size>0x18</size>
         <input_file_ref idref="fl-45"/>
      </object_component>
      <object_component id="oc-5a1">
         <name>.text:Clear_ADS1x9x_Chip_Enable</name>
         <load_address>0x13278</load_address>
         <run_address>0x13278</run_address>
         <size>0x16</size>
         <input_file_ref idref="fl-2"/>
      </object_component>
      <object_component id="oc-48c">
         <name>.text:memset</name>
         <load_address>0x1328e</load_address>
         <run_address>0x1328e</run_address>
         <size>0x16</size>
         <input_file_ref idref="fl-9f"/>
      </object_component>
      <object_component id="oc-494">
         <name>.text</name>
         <load_address>0x132a4</load_address>
         <run_address>0x132a4</run_address>
         <size>0x16</size>
         <input_file_ref idref="fl-83"/>
      </object_component>
      <object_component id="oc-2f1">
         <name>.text</name>
         <load_address>0x132ba</load_address>
         <run_address>0x132ba</run_address>
         <size>0x16</size>
         <input_file_ref idref="fl-a3"/>
      </object_component>
      <object_component id="oc-5d2">
         <name>.text:usbGetConfigurationDescriptor</name>
         <load_address>0x132d0</load_address>
         <run_address>0x132d0</run_address>
         <size>0x16</size>
         <input_file_ref idref="fl-45"/>
      </object_component>
      <object_component id="oc-5cc">
         <name>.text:usbGetDeviceDescriptor</name>
         <load_address>0x132e6</load_address>
         <run_address>0x132e6</run_address>
         <size>0x16</size>
         <input_file_ref idref="fl-45"/>
      </object_component>
      <object_component id="oc-1ed">
         <name>.text:USB_handleVbusOnEvent</name>
         <load_address>0x132fc</load_address>
         <run_address>0x132fc</run_address>
         <size>0x14</size>
         <input_file_ref idref="fl-3e"/>
      </object_component>
      <object_component id="oc-d3">
         <name>.text:memcpy</name>
         <load_address>0x13310</load_address>
         <run_address>0x13310</run_address>
         <size>0x14</size>
         <input_file_ref idref="fl-9e"/>
      </object_component>
      <object_component id="oc-5c6">
         <name>.text:usbGetConfiguration</name>
         <load_address>0x13324</load_address>
         <run_address>0x13324</run_address>
         <size>0x14</size>
         <input_file_ref idref="fl-45"/>
      </object_component>
      <object_component id="oc-699">
         <name>.text:usbReceiveDataPacketOnEP0</name>
         <load_address>0x13338</load_address>
         <run_address>0x13338</run_address>
         <size>0x14</size>
         <input_file_ref idref="fl-45"/>
      </object_component>
      <object_component id="oc-5b4">
         <name>.text:usbSetControlLineState</name>
         <load_address>0x1334c</load_address>
         <run_address>0x1334c</run_address>
         <size>0x14</size>
         <input_file_ref idref="fl-47"/>
      </object_component>
      <object_component id="oc-6b">
         <name>.text:decompress:none:__TI_decompress_none</name>
         <load_address>0x13360</load_address>
         <run_address>0x13360</run_address>
         <size>0x12</size>
         <input_file_ref idref="fl-7f"/>
      </object_component>
      <object_component id="oc-60e">
         <name>.text:usbSetInterface</name>
         <load_address>0x13372</load_address>
         <run_address>0x13372</run_address>
         <size>0x12</size>
         <input_file_ref idref="fl-45"/>
      </object_component>
      <object_component id="oc-50f">
         <name>.text:ADS1x9x_Clock_Select</name>
         <load_address>0x13384</load_address>
         <run_address>0x13384</run_address>
         <size>0x10</size>
         <input_file_ref idref="fl-2"/>
      </object_component>
      <object_component id="oc-748">
         <name>.text:DMA_disableTransfers</name>
         <load_address>0x13394</load_address>
         <run_address>0x13394</run_address>
         <size>0x10</size>
         <input_file_ref idref="fl-f"/>
      </object_component>
      <object_component id="oc-736">
         <name>.text:DMA_enableTransfers</name>
         <load_address>0x133a4</load_address>
         <run_address>0x133a4</run_address>
         <size>0x10</size>
         <input_file_ref idref="fl-f"/>
      </object_component>
      <object_component id="oc-742">
         <name>.text:DMA_getInterruptStatus</name>
         <load_address>0x133b4</load_address>
         <run_address>0x133b4</run_address>
         <size>0xe</size>
         <input_file_ref idref="fl-f"/>
      </object_component>
      <object_component id="oc-73c">
         <name>.text:DMA_startTransfer</name>
         <load_address>0x133c2</load_address>
         <run_address>0x133c2</run_address>
         <size>0xe</size>
         <input_file_ref idref="fl-f"/>
      </object_component>
      <object_component id="oc-282">
         <name>.text:clear_write_address</name>
         <load_address>0x133d0</load_address>
         <run_address>0x133d0</run_address>
         <size>0xe</size>
         <input_file_ref idref="fl-3"/>
      </object_component>
      <object_component id="oc-17d">
         <name>.text:disable_ADS1x9x_Conversion</name>
         <load_address>0x133de</load_address>
         <run_address>0x133de</run_address>
         <size>0xe</size>
         <input_file_ref idref="fl-2"/>
      </object_component>
      <object_component id="oc-189">
         <name>.text:enable_ADS1x9x_Conversion</name>
         <load_address>0x133ec</load_address>
         <run_address>0x133ec</run_address>
         <size>0xe</size>
         <input_file_ref idref="fl-2"/>
      </object_component>
      <object_component id="oc-614">
         <name>.text:usbInvalidRequest</name>
         <load_address>0x133fa</load_address>
         <run_address>0x133fa</run_address>
         <size>0xe</size>
         <input_file_ref idref="fl-45"/>
      </object_component>
      <object_component id="oc-6a6">
         <name>.text:usbSendZeroLengthPacketOnIEP0</name>
         <load_address>0x13408</load_address>
         <run_address>0x13408</run_address>
         <size>0xe</size>
         <input_file_ref idref="fl-45"/>
      </object_component>
      <object_component id="oc-730">
         <name>.text:DMA_setTransferSize</name>
         <load_address>0x13416</load_address>
         <run_address>0x13416</run_address>
         <size>0xc</size>
         <input_file_ref idref="fl-f"/>
      </object_component>
      <object_component id="oc-624">
         <name>.text:RTC_A_holdClock</name>
         <load_address>0x13422</load_address>
         <run_address>0x13422</run_address>
         <size>0xc</size>
         <input_file_ref idref="fl-1f"/>
      </object_component>
      <object_component id="oc-4f6">
         <name>.text:RTC_A_startClock</name>
         <load_address>0x1342e</load_address>
         <run_address>0x1342e</run_address>
         <size>0xc</size>
         <input_file_ref idref="fl-1f"/>
      </object_component>
      <object_component id="oc-5ae">
         <name>.text:usbSetLineCoding</name>
         <load_address>0x1343a</load_address>
         <run_address>0x1343a</run_address>
         <size>0xc</size>
         <input_file_ref idref="fl-47"/>
      </object_component>
      <object_component id="oc-2d2">
         <name>.text:Disable_ADS1x9x_DRDY_Interrupt</name>
         <load_address>0x13446</load_address>
         <run_address>0x13446</run_address>
         <size>0xa</size>
         <input_file_ref idref="fl-2"/>
      </object_component>
      <object_component id="oc-2e0">
         <name>.text:Enable_ADS1x9x_DRDY_Interrupt</name>
         <load_address>0x13450</load_address>
         <run_address>0x13450</run_address>
         <size>0xa</size>
         <input_file_ref idref="fl-2"/>
      </object_component>
      <object_component id="oc-2da">
         <name>.text:Start_Read_Data_Continuous</name>
         <load_address>0x1345a</load_address>
         <run_address>0x1345a</run_address>
         <size>0xa</size>
         <input_file_ref idref="fl-2"/>
      </object_component>
      <object_component id="oc-2c6">
         <name>.text:Stop_Read_Data_Continuous</name>
         <load_address>0x13464</load_address>
         <run_address>0x13464</run_address>
         <size>0xa</size>
         <input_file_ref idref="fl-2"/>
      </object_component>
      <object_component id="oc-211">
         <name>.text:USCI_B_SPI_getInterruptStatus</name>
         <load_address>0x1346e</load_address>
         <run_address>0x1346e</run_address>
         <size>0xa</size>
         <input_file_ref idref="fl-2e"/>
      </object_component>
      <object_component id="oc-45d">
         <name>.text</name>
         <load_address>0x13478</load_address>
         <run_address>0x13478</run_address>
         <size>0xa</size>
         <input_file_ref idref="fl-9a"/>
      </object_component>
      <object_component id="oc-499">
         <name>.text</name>
         <load_address>0x13482</load_address>
         <run_address>0x13482</run_address>
         <size>0xa</size>
         <input_file_ref idref="fl-9c"/>
      </object_component>
      <object_component id="oc-6ad">
         <name>.text:usbStallEndpoint0</name>
         <load_address>0x1348c</load_address>
         <run_address>0x1348c</run_address>
         <size>0xa</size>
         <input_file_ref idref="fl-45"/>
      </object_component>
      <object_component id="oc-2cc">
         <name>.text:Soft_Start_ADS1x9x</name>
         <load_address>0x13496</load_address>
         <run_address>0x13496</run_address>
         <size>0x8</size>
         <input_file_ref idref="fl-2"/>
      </object_component>
      <object_component id="oc-341">
         <name>.text:UCS_XT2Off</name>
         <load_address>0x1349e</load_address>
         <run_address>0x1349e</run_address>
         <size>0x8</size>
         <input_file_ref idref="fl-2a"/>
      </object_component>
      <object_component id="oc-1e1">
         <name>.text:USB_handleVbusOffEvent</name>
         <load_address>0x134a6</load_address>
         <run_address>0x134a6</run_address>
         <size>0x8</size>
         <input_file_ref idref="fl-3e"/>
      </object_component>
      <object_component id="oc-55b">
         <name>.text:USB_setEnabledEvents</name>
         <load_address>0x134ae</load_address>
         <run_address>0x134ae</run_address>
         <size>0x8</size>
         <input_file_ref idref="fl-45"/>
      </object_component>
      <object_component id="oc-718">
         <name>.text:DMA_disableTransferDuringReadModifyWrite</name>
         <load_address>0x134b6</load_address>
         <run_address>0x134b6</run_address>
         <size>0x6</size>
         <input_file_ref idref="fl-f"/>
      </object_component>
      <object_component id="oc-72a">
         <name>.text:DMA_enableTransferDuringReadModifyWrite</name>
         <load_address>0x134bc</load_address>
         <run_address>0x134bc</run_address>
         <size>0x6</size>
         <input_file_ref idref="fl-f"/>
      </object_component>
      <object_component id="oc-230">
         <name>.text:SFR_clearInterrupt</name>
         <load_address>0x134c2</load_address>
         <run_address>0x134c2</run_address>
         <size>0x6</size>
         <input_file_ref idref="fl-23"/>
      </object_component>
      <object_component id="oc-59b">
         <name>.text:Set_ADS1x9x_Chip_Enable</name>
         <load_address>0x134c8</load_address>
         <run_address>0x134c8</run_address>
         <size>0x6</size>
         <input_file_ref idref="fl-2"/>
      </object_component>
      <object_component id="oc-22a">
         <name>.text:UCS_clearFaultFlag</name>
         <load_address>0x134ce</load_address>
         <run_address>0x134ce</run_address>
         <size>0x6</size>
         <input_file_ref idref="fl-2a"/>
      </object_component>
      <object_component id="oc-65e">
         <name>.text:USB_getVersion</name>
         <load_address>0x134d4</load_address>
         <run_address>0x134d4</run_address>
         <size>0x6</size>
         <input_file_ref idref="fl-45"/>
      </object_component>
      <object_component id="oc-177">
         <name>.text:app_get_flags</name>
         <load_address>0x134da</load_address>
         <run_address>0x134da</run_address>
         <size>0x6</size>
         <input_file_ref idref="fl-4"/>
      </object_component>
      <object_component id="oc-71">
         <name>.text:decompress:rle24:__TI_decompress_rle24</name>
         <load_address>0x134e0</load_address>
         <run_address>0x134e0</run_address>
         <size>0x6</size>
         <input_file_ref idref="fl-80"/>
      </object_component>
      <object_component id="oc-4ac">
         <name>.text:usbClearOEP0ByteCount</name>
         <load_address>0x134e6</load_address>
         <run_address>0x134e6</run_address>
         <size>0x6</size>
         <input_file_ref idref="fl-45"/>
      </object_component>
      <object_component id="oc-680">
         <name>.text:usbRestoreInEndpointInterrupt</name>
         <load_address>0x134ec</load_address>
[...]
      </symbol>
      <symbol id="sm-aef">
         <name>usbGetDeviceDescriptor</name>
         <value>0x132e6</value>
         <object_component_ref idref="oc-5cc"/>
      </symbol>
      <symbol id="sm-af0">
         <name>usbRestoreOutEndpointInterrupt</name>
         <value>0x134f2</value>
         <object_component_ref idref="oc-306"/>
      </symbol>
      <symbol id="sm-af1">
         <name>usbSetInterface</name>
         <value>0x13372</value>
         <object_component_ref idref="oc-60e"/>
      </symbol>
      <symbol id="sm-af2">
         <name>usbReceiveNextPacketOnOEP0</name>
         <value>0x12458</value>
         <object_component_ref idref="oc-373"/>
      </symbol>
      <symbol id="sm-af3">
         <name>USB_suspend</name>
         <value>0x12ca6</value>
         <object_component_ref idref="oc-1c3"/>
      </symbol>
      <symbol id="sm-af4">
         <name>usbSendNextPacketOnIEP0</name>
         <value>0x120e0</value>
         <object_component_ref idref="oc-380"/>
      </symbol>
      <symbol id="sm-af5">
         <name>usbGetStringDescriptor</name>
         <value>0x12350</value>
         <object_component_ref idref="oc-5d8"/>
      </symbol>
      <symbol id="sm-af6">
         <name>USB_determineFreq</name>
         <value>0x115fc</value>
         <object_component_ref idref="oc-356"/>
      </symbol>
      <symbol id="sm-af7">
         <name>usbSendZeroLengthPacketOnIEP0</name>
         <value>0x13408</value>
         <object_component_ref idref="oc-6a6"/>
      </symbol>
      <symbol id="sm-af8">
         <name>usbClearDeviceFeature</name>
         <value>0x13248</value>
         <object_component_ref idref="oc-5ba"/>
      </symbol>
      <symbol id="sm-af9">
         <name>USB_InitSerialStringDescriptor</name>
         <value>0x10fec</value>
         <object_component_ref idref="oc-664"/>
      </symbol>
      <symbol id="sm-afa">
         <name>usbSetConfiguration</name>
         <value>0x12e7c</value>
         <object_component_ref idref="oc-5fc"/>
      </symbol>
      <symbol id="sm-afb">
         <name>USB_resume</name>
         <value>0x13218</value>
         <object_component_ref idref="oc-1b7"/>
      </symbol>
      <symbol id="sm-afc">
         <name>usbSendDataPacketOnEP0</name>
         <value>0x12f54</value>
         <object_component_ref idref="oc-692"/>
      </symbol>
      <symbol id="sm-afd">
         <name>usbGetConfiguration</name>
         <value>0x13324</value>
         <object_component_ref idref="oc-5c6"/>
      </symbol>
      <symbol id="sm-afe">
         <name>usbStallOEP0</name>
         <value>0x134f8</value>
         <object_component_ref idref="oc-4a5"/>
      </symbol>
      <symbol id="sm-aff">
         <name>usbGetConfigurationDescriptor</name>
         <value>0x132d0</value>
         <object_component_ref idref="oc-5d2"/>
      </symbol>
      <symbol id="sm-b00">
         <name>usbClearEndpointFeature</name>
         <value>0x12890</value>
         <object_component_ref idref="oc-5c0"/>
      </symbol>
      <symbol id="sm-b01">
         <name>bFunctionSuspended</name>
         <value>0x24e9</value>
         <object_component_ref idref="oc-303"/>
      </symbol>
      <symbol id="sm-b02">
         <name>VERSION</name>
         <value>0x24ec</value>
         <object_component_ref idref="oc-303"/>
      </symbol>
      <symbol id="sm-b03">
         <name>usbDecodeAndProcessUsbRequest</name>
         <value>0x11ca4</value>
         <object_component_ref idref="oc-2ea"/>
      </symbol>
      <symbol id="sm-b04">
         <name>bEnumerationStatus</name>
         <value>0x24ea</value>
         <object_component_ref idref="oc-303"/>
      </symbol>
      <symbol id="sm-b05">
         <name>usbClearOEP0ByteCount</name>
         <value>0x134e6</value>
         <object_component_ref idref="oc-4ac"/>
      </symbol>
      <symbol id="sm-b06">
         <name>usbSetDeviceFeature</name>
         <value>0x13260</value>
         <object_component_ref idref="oc-602"/>
      </symbol>
      <symbol id="sm-b07">
         <name>USB_connectionInfo</name>
         <value>0x12c76</value>
         <object_component_ref idref="oc-561"/>
      </symbol>
      <symbol id="sm-b08">
         <name>usbInvalidRequest</name>
         <value>0x133fa</value>
         <object_component_ref idref="oc-614"/>
      </symbol>
      <symbol id="sm-b09">
         <name>USB_setEnabledEvents</name>
         <value>0x134ae</value>
         <object_component_ref idref="oc-55b"/>
      </symbol>
      <symbol id="sm-b0a">
         <name>USB_reset</name>
         <value>0x10b2e</value>
         <object_component_ref idref="oc-1cf"/>
      </symbol>
      <symbol id="sm-b0b">
         <name>usbStallEndpoint0</name>
         <value>0x1348c</value>
         <object_component_ref idref="oc-6ad"/>
      </symbol>
      <symbol id="sm-b0c">
         <name>USB_connect</name>
         <value>0x131ce</value>
         <object_component_ref idref="oc-360"/>
      </symbol>
      <symbol id="sm-b0d">
         <name>usbGetDeviceStatus</name>
         <value>0x12d5e</value>
         <object_component_ref idref="oc-5e4"/>
      </symbol>
      <symbol id="sm-b0e">
         <name>usbDisableInEndpointInterrupt</name>
         <value>0x12eea</value>
         <object_component_ref idref="oc-67a"/>
      </symbol>
      <symbol id="sm-b0f">
         <name>USB_disable</name>
         <value>0x12f32</value>
         <object_component_ref idref="oc-224"/>
      </symbol>
      <symbol id="sm-b2e">
         <name>USB_TX_memcpy</name>
         <value>0x2494</value>
      </symbol>
      <symbol id="sm-b2f">
         <name>USB_RX_memcpy</name>
         <value>0x2490</value>
      </symbol>
      <symbol id="sm-b30">
         <name>USB_initMemcpy</name>
         <value>0x12850</value>
         <object_component_ref idref="oc-66a"/>
      </symbol>
      <symbol id="sm-b31">
         <name>memcpyDMA</name>
         <value>0x1228c</value>
         <object_component_ref idref="oc-6ef"/>
      </symbol>
      <symbol id="sm-b32">
         <name>memcpyV</name>
         <value>0x12db4</value>
         <object_component_ref idref="oc-6e3"/>
      </symbol>
      <symbol id="sm-bde">
         <name>Handler_SetLineCoding</name>
         <value>0x11f94</value>
         <object_component_ref idref="oc-379"/>
      </symbol>
      <symbol id="sm-bdf">
         <name>usbSetControlLineState</name>
         <value>0x1334c</value>
         <object_component_ref idref="oc-5b4"/>
      </symbol>
      <symbol id="sm-be0">
         <name>USBCDC_receiveData</name>
         <value>0x10000</value>
         <object_component_ref idref="oc-46a"/>
      </symbol>
      <symbol id="sm-be1">
         <name>CdcToBufferFromHost</name>
         <value>0x1072c</value>
         <object_component_ref idref="oc-1b1"/>
      </symbol>
      <symbol id="sm-be2">
         <name>USBCDC_bytesInUSBBuffer</name>
         <value>0x1145e</value>
         <object_component_ref idref="oc-1a2"/>
      </symbol>
      <symbol id="sm-be3">
         <name>CdcIsReceiveInProgress</name>
         <value>0x13166</value>
         <object_component_ref idref="oc-19c"/>
      </symbol>
      <symbol id="sm-be4">
         <name>CdcResetData</name>
         <value>0x1290e</value>
         <object_component_ref idref="oc-34e"/>
      </symbol>
      <symbol id="sm-be5">
         <name>usbGetLineCoding</name>
         <value>0x1193e</value>
         <object_component_ref idref="oc-5a8"/>
      </symbol>
      <symbol id="sm-be6">
         <name>usbSetLineCoding</name>
         <value>0x1343a</value>
         <object_component_ref idref="oc-5ae"/>
      </symbol>
      <symbol id="sm-be7">
         <name>USBCDC_intfStatus</name>
         <value>0x110d4</value>
         <object_component_ref idref="oc-576"/>
      </symbol>
      <symbol id="sm-be8">
         <name>CdcToHostFromBuffer</name>
         <value>0x10466</value>
         <object_component_ref idref="oc-1f9"/>
      </symbol>
      <symbol id="sm-be9">
         <name>USBCDC_sendData</name>
         <value>0x118a4</value>
         <object_component_ref idref="oc-57c"/>
      </symbol>
      <symbol id="sm-bea">
         <name>CopyUsbToBuff</name>
         <value>0x10dfc</value>
         <object_component_ref idref="oc-32c"/>
      </symbol>
      <symbol id="sm-bf3">
         <name>_stack</name>
         <value>0x4360</value>
         <object_component_ref idref="oc-cf"/>
      </symbol>
      <symbol id="sm-bf4">
         <name>_reset_vector</name>
         <value>0xfffe</value>
         <object_component_ref idref="oc-d2"/>
      </symbol>
      <symbol id="sm-bff">
         <name>_c_int00_noargs_noexit</name>
         <value>0x46bc</value>
         <object_component_ref idref="oc-ab"/>
      </symbol>
      <symbol id="sm-c15">
         <name>__TI_decompress_none</name>
         <value>0x13360</value>
         <object_component_ref idref="oc-6b"/>
      </symbol>
      <symbol id="sm-c37">
         <name>__TI_decompress_rle24</name>
         <value>0x134e0</value>
         <object_component_ref idref="oc-71"/>
      </symbol>
      <symbol id="sm-c4a">
         <name>__TI_zero_init</name>
         <value>0x12ec6</value>
         <object_component_ref idref="oc-8d"/>
      </symbol>
      <symbol id="sm-c55">
         <name>__mspabi_remu</name>
         <value>0x132a4</value>
         <object_component_ref idref="oc-494"/>
      </symbol>
      <symbol id="sm-c56">
         <name>__mspabi_divu</name>
         <value>0x132a4</value>
         <object_component_ref idref="oc-494"/>
      </symbol>
      <symbol id="sm-c67">
         <name>__mspabi_remul</name>
         <value>0x123aa</value>
         <object_component_ref idref="oc-3c7"/>
      </symbol>
      <symbol id="sm-c68">
         <name>__mspabi_divul</name>
         <value>0x123aa</value>
         <object_component_ref idref="oc-3c7"/>
      </symbol>
      <symbol id="sm-c73">
         <name>C$$EXIT</name>
         <value>0x13526</value>
         <object_component_ref idref="oc-139"/>
      </symbol>
      <symbol id="sm-c74">
         <name>abort</name>
         <value>0x13526</value>
         <object_component_ref idref="oc-139"/>
      </symbol>
      <symbol id="sm-c77">
         <name>__TI_int41</name>
         <value>0xffd2</value>
         <object_component_ref idref="oc-77"/>
      </symbol>
      <symbol id="sm-c7a">
         <name>__TI_int42</name>
         <value>0xffd4</value>
         <object_component_ref idref="oc-78"/>
      </symbol>
      <symbol id="sm-c7d">
         <name>__TI_int43</name>
         <value>0xffd6</value>
         <object_component_ref idref="oc-79"/>
      </symbol>
      <symbol id="sm-c80">
         <name>__TI_int44</name>
         <value>0xffd8</value>
         <object_component_ref idref="oc-7a"/>
      </symbol>
      <symbol id="sm-c83">
         <name>__TI_int45</name>
         <value>0xffda</value>
         <object_component_ref idref="oc-7b"/>
      </symbol>
      <symbol id="sm-c86">
         <name>__TI_int46</name>
         <value>0xffdc</value>
         <object_component_ref idref="oc-7c"/>
      </symbol>
      <symbol id="sm-c89">
         <name>__TI_int48</name>
         <value>0xffe0</value>
         <object_component_ref idref="oc-7e"/>
      </symbol>
      <symbol id="sm-c8c">
         <name>__TI_int49</name>
         <value>0xffe2</value>
         <object_component_ref idref="oc-7f"/>
      </symbol>
      <symbol id="sm-c8f">
         <name>__TI_int50</name>
         <value>0xffe4</value>
         <object_component_ref idref="oc-80"/>
      </symbol>
      <symbol id="sm-c92">
         <name>__TI_int52</name>
         <value>0xffe8</value>
         <object_component_ref idref="oc-82"/>
      </symbol>
      <symbol id="sm-c95">
         <name>__TI_int53</name>
         <value>0xffea</value>
         <object_component_ref idref="oc-83"/>
      </symbol>
      <symbol id="sm-c98">
         <name>__TI_int54</name>
         <value>0xffec</value>
         <object_component_ref idref="oc-84"/>
      </symbol>
      <symbol id="sm-c9b">
         <name>__TI_int56</name>
         <value>0xfff0</value>
         <object_component_ref idref="oc-86"/>
      </symbol>
      <symbol id="sm-c9e">
         <name>__TI_int57</name>
         <value>0xfff2</value>
         <object_component_ref idref="oc-87"/>
      </symbol>
      <symbol id="sm-ca1">
         <name>__TI_int58</name>
         <value>0xfff4</value>
         <object_component_ref idref="oc-88"/>
      </symbol>
      <symbol id="sm-ca4">
         <name>__TI_int59</name>
         <value>0xfff6</value>
         <object_component_ref idref="oc-89"/>
      </symbol>
      <symbol id="sm-ca7">
         <name>__TI_int60</name>
         <value>0xfff8</value>
         <object_component_ref idref="oc-8a"/>
      </symbol>
      <symbol id="sm-caa">
         <name>__TI_int62</name>
         <value>0xfffc</value>
         <object_component_ref idref="oc-8c"/>
      </symbol>
      <symbol id="sm-cb2">
         <name>__TI_ISR_TRAP</name>
         <value>0x46d6</value>
         <object_component_ref idref="oc-ed"/>
      </symbol>
      <symbol id="sm-cbb">
         <name>__mspabi_slli</name>
         <value>0x13478</value>
         <object_component_ref idref="oc-45d"/>
      </symbol>
      <symbol id="sm-cc3">
         <name>__mspabi_slll_9</name>
         <value>0x12a5c</value>
         <object_component_ref idref="oc-4b4"/>
      </symbol>
      <symbol id="sm-cc4">
         <name>__mspabi_slll_8</name>
         <value>0x12a60</value>
         <object_component_ref idref="oc-4b4"/>
      </symbol>
      <symbol id="sm-cc5">
         <name>__mspabi_slll_7</name>
         <value>0x12a64</value>
         <object_component_ref idref="oc-4b4"/>
      </symbol>
      <symbol id="sm-cc6">
         <name>__mspabi_slll_6</name>
         <value>0x12a68</value>
         <object_component_ref idref="oc-4b4"/>
      </symbol>
      <symbol id="sm-cc7">
         <name>__mspabi_slll_5</name>
         <value>0x12a6c</value>
         <object_component_ref idref="oc-4b4"/>
      </symbol>
      <symbol id="sm-cc8">
         <name>__mspabi_slll_4</name>
         <value>0x12a70</value>
         <object_component_ref idref="oc-4b4"/>
      </symbol>
      <symbol id="sm-cc9">
         <name>__mspabi_slll_3</name>
         <value>0x12a74</value>
         <object_component_ref idref="oc-4b4"/>
      </symbol>
      <symbol id="sm-cca">
         <name>__mspabi_slll_2</name>
         <value>0x12a78</value>
         <object_component_ref idref="oc-4b4"/>
      </symbol>
      <symbol id="sm-ccb">
         <name>__mspabi_slll_1</name>
         <value>0x12a7c</value>
         <object_component_ref idref="oc-4b4"/>
      </symbol>
      <symbol id="sm-ccc">
         <name>__mspabi_slll_15</name>
         <value>0x12a44</value>
         <object_component_ref idref="oc-4b4"/>
      </symbol>
      <symbol id="sm-ccd">
         <name>__mspabi_slll_14</name>
         <value>0x12a48</value>
         <object_component_ref idref="oc-4b4"/>
      </symbol>
      <symbol id="sm-cce">
         <name>__mspabi_slll_13</name>
         <value>0x12a4c</value>
         <object_component_ref idref="oc-4b4"/>
      </symbol>
      <symbol id="sm-ccf">
         <name>__mspabi_slll_12</name>
         <value>0x12a50</value>
         <object_component_ref idref="oc-4b4"/>
      </symbol>
      <symbol id="sm-cd0">
         <name>__mspabi_slll_11</name>
         <value>0x12a54</value>
         <object_component_ref idref="oc-4b4"/>
      </symbol>
      <symbol id="sm-cd1">
         <name>__mspabi_slll_10</name>
         <value>0x12a58</value>
         <object_component_ref idref="oc-4b4"/>
      </symbol>
      <symbol id="sm-cda">
         <name>__mspabi_srli</name>
         <value>0x13482</value>
         <object_component_ref idref="oc-499"/>
      </symbol>
      <symbol id="sm-ce2">
         <name>__mspabi_srll_8</name>
         <value>0x12a9e</value>
         <object_component_ref idref="oc-3cc"/>
      </symbol>
      <symbol id="sm-ce3">
         <name>__mspabi_srll_9</name>
         <value>0x12a9a</value>
         <object_component_ref idref="oc-3cc"/>
      </symbol>
      <symbol id="sm-ce4">
         <name>__mspabi_srll_6</name>
         <value>0x12aa6</value>
         <object_component_ref idref="oc-3cc"/>
      </symbol>
      <symbol id="sm-ce5">
         <name>__mspabi_srll_7</name>
         <value>0x12aa2</value>
         <object_component_ref idref="oc-3cc"/>
      </symbol>
      <symbol id="sm-ce6">
         <name>__mspabi_srll_4</name>
         <value>0x12aae</value>
         <object_component_ref idref="oc-3cc"/>
      </symbol>
      <symbol id="sm-ce7">
         <name>__mspabi_srll_5</name>
         <value>0x12aaa</value>
         <object_component_ref idref="oc-3cc"/>
      </symbol>
      <symbol id="sm-ce8">
         <name>__mspabi_srll_2</name>
         <value>0x12ab6</value>
         <object_component_ref idref="oc-3cc"/>
      </symbol>
      <symbol id="sm-ce9">
         <name>__mspabi_srll_3</name>
         <value>0x12ab2</value>
         <object_component_ref idref="oc-3cc"/>
      </symbol>
      <symbol id="sm-cea">
         <name>__mspabi_srll_1</name>
         <value>0x12aba</value>
         <object_component_ref idref="oc-3cc"/>
      </symbol>
      <symbol id="sm-ceb">
         <name>__mspabi_srll_15</name>
         <value>0x12a82</value>
         <object_component_ref idref="oc-3cc"/>
      </symbol>
      <symbol id="sm-cec">
         <name>__mspabi_srll_14</name>
         <value>0x12a86</value>
         <object_component_ref idref="oc-3cc"/>
      </symbol>
      <symbol id="sm-ced">
         <name>__mspabi_srll_13</name>
         <value>0x12a8a</value>
         <object_component_ref idref="oc-3cc"/>
      </symbol>
      <symbol id="sm-cee">
         <name>__mspabi_srll_12</name>
         <value>0x12a8e</value>
         <object_component_ref idref="oc-3cc"/>
      </symbol>
      <symbol id="sm-cef">
         <name>__mspabi_srll_11</name>
         <value>0x12a92</value>
         <object_component_ref idref="oc-3cc"/>
      </symbol>
      <symbol id="sm-cf0">
         <name>__mspabi_srll_10</name>
         <value>0x12a96</value>
         <object_component_ref idref="oc-3cc"/>
      </symbol>
      <symbol id="sm-cfe">
         <name>memcpy</name>
         <value>0x13310</value>
         <object_component_ref idref="oc-d3"/>
      </symbol>
      <symbol id="sm-d0c">
         <name>memset</name>
         <value>0x1328e</value>
         <object_component_ref idref="oc-48c"/>
      </symbol>
      <symbol id="sm-d23">
         <name>__mspabi_mpyi_f5hw</name>
         <value>0x132ba</value>
         <object_component_ref idref="oc-2f1"/>
      </symbol>
      <symbol id="sm-d54">
         <name>_system_pre_init</name>
         <value>0x13522</value>
         <object_component_ref idref="oc-111"/>
      </symbol>
      <symbol id="sm-d73">
         <name>_auto_init_hold_wdt</name>
         <value>0x1214e</value>
         <object_component_ref idref="oc-117"/>
      </symbol>
      <symbol id="sm-d75">
         <name>__TI_INITARRAY_Base</name>
         <value>0x0</value>
      </symbol>
      <symbol id="sm-d76">
         <name>__TI_INITARRAY_Limit</name>
         <value>0x0</value>
      </symbol>
   </symbol_table>
   <title>Link successful</title>
</link_info>
